1 347863b4c65c364a
2 266176e22e7864d8
3 f6187768237876dc
4 331b2191a5ad205d
5 635fd0efe7743817
6 a8ccc3b3f02b1a9b
7 ca93f3cda8b8ef0e
8 7902fec11685932f
9 3131af3fafdc84e6
10 09bc8a7a134c1dfc
11 ff76f3f0ce0165d8
12 e5edbbd3757d2e4f
13 d96d67f84a1b86ab
14 19d0f52e6a089f4d
15 a581b8e72748b443
16 af77cc40c30156ff
17 5ac375d671ea71b3
18 5c99e0ece4e2881f
19 1f4fa132616fdb4f
20 88d0af619e3d7559
21 00f8d804bae9cb9e
22 678dbf890cd85b45
23 b753788066a5b5e0
24 787e98b7e1ed750b
25 dcc859a4018d8c9b
26 38cbef21eb0a03de
27 b3d417e44271eaaa
28 3d47664d281c0c41
29 fd314f033078e2f9
30 c08808266f2225cb
31 c938b3d220ce3705
32 9087987eac3ed60c
33 a8a3f7dd95fe3e24
34 93a09e21f4ae4483
35 1f3dd55b4c5b5ec7
36 17f9bb6287c25b6f
37 778b45e70dcebc88
38 a75615b6f31c810b
39 9431bccdd33f25db
40 1dc8f5d556415565
41 41a28f5808ad855c
42 f0b0ac8232ad1a87
43 8c58131855046fec
44 a6318f91de216349
45 f3ce39133aee85dd
46 2af0946ebc46c99b
47 e127fda79631bd76
48 a8599490412d0512
49 a179584262c897d5
50 890930b78f054e46
51 b78277d036ef779c
52 c9584e091cd7b7f2
53 b73c027b22a033a5
54 e2ef8d9317065905
55 4880e5beed3712e2
56 dd1eff4fa3d6353f
57 20135fa27df9807a
58 cb4f26d6c4617fc3
59 2062a32ea7258fb5
60 0cb505b4ece04c7d
61 71f85c0b032a4d63
62 d579ff44f709fb2d
63 4731e3e8374b3c21
64 c66963dd06d8cebc
65 23b0e1018a193097
66 229989e014d67a83
67 cc61a0cf568db8fd
68 331de93b5e8ce230
69 211656c13a2d967f
70 c5ffbf040d7353df
71 82f432c2b622728f
72 e9e2e0ab9977ea28
73 6242f2d94be48f9f
74 5f0dfa7cbc010646
75 e88f4b75965e0bae
76 0493cd2ab6f144e1
77 f5b2d2fb2f3b930d
78 2b30627d60a5849f
79 15e6af75d4ddc1aa
80 febdf5d3acbfbc42
81 aedc66a7b02e112f
82 4ea022317046376f
83 d7cca002289aa334
84 719f33f7aa16bbaa
85 34f4d031378d7645
86 1c72e1bd37544bf8
87 03c86391ddedcdc5
88 15f7ec024d2e247d
89 90ed3673fee3b69e
90 22a60d89f2a7ce5b
91 10a72d17ee6b0a51
92 6e6cfa6b930b9305
93 b2e72690e6374761
94 084f703aad304ec9
95 5e1693dedfd09b9e
96 0a287eeb08729717
97 44b16e2a970a4c6f
98 1a2c057db5b7d86a
99 8c27618219bbeae4
100 9ab902645bf23843
101 5410c145ecb27c6f
102 383d3d03de9b913f
103 162a85df42ae557c
104 5d00699e3a11b566
105 5b3679bff0a71b8b
106 6b6c865736990336
107 1630f8f27458db1a
108 74fdaaadbb37237b
109 fa32f953e932f402
110 f508eebea13bf1d5
111 7d257bd697829f46
112 11aa461c74f30c09
113 df91d8cba068bf9b
114 b2fd097d9bf78341
115 fee2d07f5c993849
116 e882a1babe1fa093
117 abedf93f5ddaf348
118 6a07170674756372
119 6f05cec6ddc52979
120 a7e89511abf45e23
121 fb103986481e215e
122 9850021b6da8a400
123 5dab2638f8ace74f
124 d814a29841d6bd28
125 5ab0983d8610fd3f
126 7210daed14b95827
127 5fc58674b71ba1e0
128 304969d9134d8356
129 2f5af8e2423db517
130 a156ad1bf0e513c8
131 5fad44e58a5d601f
132 e3b296c7dfac52ce
133 d6d5f812dc236995
134 4d12d0b969f1c8eb
135 f228497e28596721
136 3683bce2983a5c10
137 5e21829450b905c7
138 ef1ba2cff43f3e9c
139 ba7a9df330d6d9b2
140 8aacff9a52bc5e8b
141 716c5b09e88012e9
142 27b19980b0c46ed8
143 bde6da067255f1f6
144 88259577491b929b
145 059c13ed1d9f482f
146 7e443fde7e97b738
147 726c85ad9e045291
148 91224679ad06b1d6
149 ad83ce366dd233e4
150 a441a39bb56f4005
151 cf7c03896a5e5174
152 69829ea4710fc13e
153 16dc6e1385297262
154 7be0d1b2c37696b3
155 68df8cec9fbc439a
156 6f6684115961cd72
157 813a465d430ca40c
158 8a7d621a9bf46150
159 c6ff4b1b6262ef85
160 63cd63ee9dfc3b62
161 34f2a789ba10ad42
162 4e797fed7ad48e7f
163 13b700a2adaf0d99
164 eb840aff57917614
165 8a9c1415cb64f525
166 8e55a68af1069182
167 dd05bdfb90b94fc5
168 2fba172f489eb55b
169 219cf6436633fdfd
170 43f8092682066ca0
171 8d950bdd7f0b0c47
172 e74f8216b3f6fb4c
173 d860ae97c39ce844
174 e3e422311082b7f4
175 8feab36c83a01705
176 5ef25bf9badab757
177 1508ba39980522ae
178 aaa1495537f2a45b
179 b9a3c5b875111438
180 888f571242768124
181 295382ffe9613901
182 12d8737f55793495
183 c2ad2c4935b235af
184 fe23aebfdb81822c
185 da2bbc5c2a38b277
186 ec6f520c6e454798
187 148a8df9f5cac7b2
188 e8aea4539eb58280
189 824991cad119b8ff
190 235a65a430bd2cac
191 7ce5ddd336648fc9
192 663f8b04c59cc532
193 fa57a5a9030adcc0
194 60447f1efba13b64
195 88173aeff386d127
196 4b9d10d9d209ea13
197 97f3a8efb2f473a7
198 7743561a6b4b9eca
199 4d0a3763601d1546
200 9e2b0315eff6c53d
201 b46f2f35a8b61ca7
202 f2b0f65162578af1
203 bfc54ab7086e52e9
204 5e9334bc04866cfa
205 427f3919303586c8
206 e7d5013e32e497f2
207 07583e1976acf850
208 6e01c2e8babfe3b2
209 394af5925f15819d
210 a63677c11ec86a84
211 609fdf4b9b969b13
212 f163879a5aa47eeb
213 636b3d65955f30ed
214 c9d84eab5e661752
215 0dc4c35c03e2e49c
216 de7360e7c6ee49ed
217 bc750ff7223fa612
218 27e6417dd63a21da
219 98cbecf2325719b0
220 d240a6c49d6fb108
221 24bc586c4c4c9782
222 5a8423c539cf2897
223 d94c243e925b50be
224 06c0f7b3506f1912
225 5dd2046724edeaae
226 65b33af45b177932
227 ffe7837ffc8de3a0
228 078b93c96001aaa2
229 6203e130a6a2acad
230 c2d9bc3d19b43efc
231 934be0521e319b3b
232 7b5b61e10ef16371
233 38ebb503e60662a8
234 be4ab5ac9584ebda
235 8965a162fe6490b3
236 f18632ac3398839a
237 8a865a94a7d65a8d
238 359e81f561795636
239 75e75ff6bce11285
240 de104e07d021c2e5
241 c155b136d9e35372
242 ef31584dd9d3de10
243 4e51de277843a09b
244 bf1c358921ae4452
245 2805c41bb735f939
246 277b6b9ec51a726b
247 64f6a1804f27793f
248 87afb1bc4dc1fcba
249 e1fe5b5e9c54839e
250 d7090b507bce5ef5
251 e4800f3672106da5
252 7d2b8ee0932f8ed5
253 25ac3441d8142b78
254 144ab5c5f59e926c
255 684b69d17cdba112
256 3c6c0f3281d87fc8
257 47a18f89417eb493
258 40925c72977cb15f
259 60046a4bf1051d88
260 4b6b87a1788a95fe
261 16dffc16d1ea25db
262 72f182fa904c9e2d
263 8d2d3e97d5da20c4
264 826dc252335ee708
265 f91764735c1de09a
266 b1e0b5fb7e7ba9fb
267 d6089cfc91d89696
268 866271f40f9a7e91
269 14aa4bc5e830d5ac
270 4237e4bceebfebc1
271 1a40a26074596491
272 6a69bad90a5c7aa9
273 aab2e5e025e7cf18
274 37bbe8df2eb29af9
275 acdaaf1b0081f833
276 5463480c183cc735
277 226b80723008ecc1
278 72abccd4e8d551a1
279 f97eb515f6e83c54
280 7e4c84efd402cc77
281 1b26828bfb679f16
282 faae4e680c98153b
283 54dff2a9f83913ad
284 5be6f3218a61c9eb
285 6f87c3fa9f98081a
286 4e8478acab399344
287 fea2fe6dced19df0
288 d152f403dc1153fc
289 8239a99bbd96c6a2
290 7e3713dd271304d5
291 d6880eeea2e3a8f0
292 0002e7b7022c0a38
293 bd11319b3520288b
294 25b11b2fcbd8b2ff
295 875ca94740004e67
296 fa618769be88a8a1
297 8a07c0be9404539f
298 d55c46c8811272a1
299 dea7fbeb061e4d44
300 f75ac80c61469e39
301 6c1c28d565806a02
302 3e72d3064a8ef6b1
303 652716faa4ae9015
304 dcdc21a25daf01be
305 bca8f15537c3ef47
306 5fc5583271466115
307 3aa7fb382c204364
308 f15b15dbbb6b5477
309 c73e8f6485596fb6
310 bf0d0e17d0bb173e
311 20913035bf1a601b
312 7fffe9d5a21f5e16
313 bf7fe46b87520db3
314 e8999007a29b5c22
315 3ff2c1adf1860e40
316 bdba2eeaf31f5a59
317 cee8bf29e6e79562
318 d40ee98b7d586064
319 a57c922a98b7e3aa
320 1edeacd0388f50cf
321 47814b71732225cd
322 b5ca7636e3e45a95
323 0a3b49880e9a4977
324 2b21fa8fb76ee80e
325 a7cc6da744d45c96
326 977ef540b1c2f009
327 278393bac08cd2ed
328 4a4ea8485347e40e
329 27e2fd28cbd98c33
330 c28ecef253645d58
331 f9dc588a3f615801
332 21d404afcc079f5f
333 d1fad820a11816d0
334 c64b55622473b706
335 3c4f4353338b1310
336 2a85960e38639c4a
337 115e54a402b20169
338 4c51be4828307aae
339 62a468bde941ce8e
340 0466050def39305f
341 50d70fa3405a921f
342 d157dea63c15b6ff
343 0e0c0ef635e57c0f
344 e6d39b919e04041a
345 64f67dcc8075e620
346 b051765f9571ce43
347 5d05e3fb521c7e59
348 0b4e3dc077f67675
349 84a72f623db7431c
350 c6a9b2cd9464fa5d
351 ae74035a2371db5f
352 0af490d3f772929e
353 38a683a5708d698a
354 2802c34fa06986b0
355 a0f13a89d995b279
356 ddd876b8b709da9f
357 1a62e4eb6db55dbd
358 0cf6a0382dd50388
359 9e13d21443d40fb5
360 5323fc2eed546607
361 9c93ac1ef44b6de1
362 805007f692004172
363 0279876316e8c42a
364 65b7c0ef6ae532cd
365 c9827a6c1b146db1
366 31558fe5e9841beb
367 57e6abb5c683c5da
368 4570b691acc388b6
369 d081d6ba2383be10
370 0680b6423f749baa
371 29738e3b159f2a3f
372 6a01466a1477f5ab
373 b2ecda1ea0b9a867
374 c8ed8c02c8e12f5a
375 a2d91b6ce0fefca8
376 da515dfd0d18f903
377 5bbfa889633ef5d3
378 0390ab244febe213
379 cda656b5e2c3c18d
380 68223245732d86b5
381 cfa0886427a74cca
382 61c05b3ef23a16b3
383 7f1a908d39f77157
384 941778a6ddc41425
385 cb538ecf92c69d0f
386 c045829a068589c0
387 fea14c0a7ca3c96a
388 eb16c2d5484bc7c4
389 f6de9ae4eff419c1
390 bbe9bd17e313d8d4
391 87871e916ecb1791
392 c6a9ccd13062cbff
393 6c54bb0f3bcff5e3
394 3aeec72fad8c0403
395 32caf26d423c73a5
396 8cf7b8940ccdf628
397 1ad90ef0c45045bb
398 c76ae82b7f38f7a8
399 c14aeee2e93d764e
400 84d78db50184ff06
401 c1cf6a514c655634
402 9352cef15d8c5737
403 d3c10d61698fc76f
404 bc8e6a5e0352d935
405 268edfcd4cbb5ba7
406 a223de5505128e9d
407 5d625eb1351471e8
408 e44016a7fff8741f
409 1463f775aef13de3
410 966543534c2e1ab6
411 b5cb1166e0448527
412 01885cb84c21294b
413 a77547cb6fa72406
414 8e7e6a66317b6a9c
415 20fb621e6b9221b6
416 38ce350818434609
417 2b7824a179d01a08
418 69d7196958d77156
419 57b3c75bc0a8a7d4
420 1e73761167dde149
END 420
