1 347863b4c65c364a
2 266176e22e7864d8
3 f6187768237876dc
4 331b2191a5ad205d
5 635fd0efe7743817
6 a8ccc3b3f02b1a9b
7 ca93f3cda8b8ef0e
8 7902fec11685932f
9 3131af3fafdc84e6
10 09bc8a7a134c1dfc
11 ff76f3f0ce0165d8
12 e5edbbd3757d2e4f
13 d96d67f84a1b86ab
14 19d0f52e6a089f4d
15 a581b8e72748b443
16 af77cc40c30156ff
17 5ac375d671ea71b3
18 5c99e0ece4e2881f
19 1f4fa132616fdb4f
20 88d0af619e3d7559
21 00f8d804bae9cb9e
22 678dbf890cd85b45
23 b753788066a5b5e0
24 787e98b7e1ed750b
25 dcc859a4018d8c9b
26 38cbef21eb0a03de
27 b3d417e44271eaaa
28 3d47664d281c0c41
29 fd314f033078e2f9
30 c08808266f2225cb
31 c938b3d220ce3705
32 9087987eac3ed60c
33 a8a3f7dd95fe3e24
34 93a09e21f4ae4483
35 1f3dd55b4c5b5ec7
36 17f9bb6287c25b6f
37 778b45e70dcebc88
38 a75615b6f31c810b
39 9431bccdd33f25db
40 1dc8f5d556415565
41 41a28f5808ad855c
42 f0b0ac8232ad1a87
43 8c58131855046fec
44 a6318f91de216349
45 f3ce39133aee85dd
46 2af0946ebc46c99b
47 e127fda79631bd76
48 a8599490412d0512
49 a179584262c897d5
50 890930b78f054e46
51 b78277d036ef779c
52 c9584e091cd7b7f2
53 b73c027b22a033a5
54 e2ef8d9317065905
55 4880e5beed3712e2
56 dd1eff4fa3d6353f
57 20135fa27df9807a
58 cb4f26d6c4617fc3
59 2062a32ea7258fb5
60 0cb505b4ece04c7d
61 71f85c0b032a4d63
62 d579ff44f709fb2d
63 4731e3e8374b3c21
64 c66963dd06d8cebc
65 23b0e1018a193097
66 229989e014d67a83
67 cc61a0cf568db8fd
68 331de93b5e8ce230
69 211656c13a2d967f
70 c5ffbf040d7353df
71 82f432c2b622728f
72 e9e2e0ab9977ea28
73 6242f2d94be48f9f
74 5f0dfa7cbc010646
75 e88f4b75965e0bae
76 0493cd2ab6f144e1
77 f5b2d2fb2f3b930d
78 2b30627d60a5849f
79 15e6af75d4ddc1aa
80 febdf5d3acbfbc42
81 aedc66a7b02e112f
82 4ea022317046376f
83 d7cca002289aa334
84 719f33f7aa16bbaa
85 34f4d031378d7645
86 1c72e1bd37544bf8
87 03c86391ddedcdc5
88 15f7ec024d2e247d
89 90ed3673fee3b69e
90 22a60d89f2a7ce5b
91 10a72d17ee6b0a51
92 6e6cfa6b930b9305
93 b2e72690e6374761
94 084f703aad304ec9
95 5e1693dedfd09b9e
96 0a287eeb08729717
97 44b16e2a970a4c6f
98 1a2c057db5b7d86a
99 8c27618219bbeae4
100 8cccdc332707a050
101 af5e6e117fdaaa98
102 9709295a431439d2
103 b46d70f5b8629f25
104 1e7156473ec0e59a
105 4bd6f537429c90f8
106 de58f8bd35e67db8
107 6614bcf204eac1ba
108 ed69f7042b2f4a27
109 6a3f6552c346648a
110 efb682af3c277711
111 85d4e36dfc8d3e7b
112 0cbf294c443691a4
113 e18a640b452e0d0a
114 76c075b85fe5d89a
115 a666512ffdb8aec0
116 1397d5e803e5bd76
117 1f27545b42a6615f
118 bee241bfc6ec0f7b
119 fb81fa2fd5acde06
120 f18c075a6f2663c8
121 54add1e2509954c0
122 b5df5cd677b54ac6
123 3380491d1ab2c0b7
124 f0b7e02a56b20f0f
125 c1ff11a11f91f20d
126 ce1b2c5ab68d0310
127 cd997ec5f448b894
128 b9371aa93942066e
129 b97bf22cecc5cc6a
130 da54e5a53e58c2e3
131 aa8a9944773a9578
132 be4595838b73838d
133 6272c767c3bca663
134 693ffa0893e9370c
135 7fa63948710927e9
136 175de533385b9d14
137 a7eb5ab951fdca44
138 c882a69a6f2545ba
139 e7337156cb8d8e13
140 14ef156e0389f243
141 b96a7b4c3e03e5c0
142 ea2eaf373c9ad84b
143 6029ec0b51d9a931
144 1439667dd582c05a
145 4e87d5a5e8eec5ef
146 5388040e0ede831a
147 1310b8f89c5e366e
148 41907721f8ab3120
149 4c964953a31f1f15
150 524085350418f779
151 e8536c7425a85d6d
152 d5a393b438354d62
153 c8ddd57d61820ca4
154 41c48f5e3a9fddd6
155 f6cccd239f9c4c71
156 ee312c42c7125611
157 12e4a4af18807dfc
158 07f3404490349ec8
159 defe2a16915d1b8d
160 9b1744921a52b4f7
161 425718c37d5ce6c5
162 c2387ce19935d285
163 a498aa61655ba2b8
164 50be9984daf5e7bb
165 895e71ae581dfb47
166 414a03499e9f607d
167 fb2cc06de1ca1fe3
168 428dec46d3dbaba1
169 dabde3b887978886
170 11789680aa3adb3a
171 169c7ccdd28253ac
172 5ca685f997a96ae1
173 2d10c958385c84e4
174 293f90135b860f17
175 3090c9730366d165
176 1596eeb899b3b078
177 515de5f0e26969b9
178 f096741669a60683
179 8db606b9cfd79c86
180 67638fafb8477f9e
181 0db07b34f73b1705
182 050fbe39c9256833
183 6b3983e51d33ab9d
184 bcb3421263aeb37d
185 2c6842ba67b14276
186 613c89e5435eac80
187 1f5d9b18ea7375c4
188 7167a8c564af926c
189 1c94c3af6e3b8e04
190 b48e2e11f59152e6
191 07eba4ea1f76cdc9
192 9e8b8a1b0b7256c1
193 09d2b7ee0a3995ad
194 d3113f1ac3bfc02b
195 472fa57007017c6f
196 45704c5330a96f48
197 8e21aff2fa5e8ea3
198 b6d1047bff2c0c7a
199 d05149b634a107d6
200 6457c85b5ca05c86
201 010774ddd7167b8c
202 08e80ad9363b2021
203 4abe68373d1e3b3b
204 14d7d04cdfb4fde1
205 aad44f1c0090de03
206 09fb39b67744bf03
207 9435ae20d7ae912b
208 a60f7d579d90db5b
209 ebbc44c27be66459
210 5e9c52416c3960d2
211 9b3af8f284e201ba
212 09240484fffaa3d5
213 a111d6476be33675
214 f3b83a8f6a2f26e2
215 4391049c8ff67f48
216 89aa83497aa52826
217 4787f71ae66ef240
218 da54c843ab3cdb4c
219 675e9095edc326d5
220 7871b2956ab5063e
221 a954f61ad2985653
222 414baf323c7fc773
223 0e05a04098da85a1
224 c89b162adf850572
225 ce75dfa8636dbcfc
226 bffca3597e1cf42e
227 e699fc64cc5cb042
228 3260632625610166
229 c42469048b2ad0d2
230 49b1ee73f6d94a41
231 8661d849b93d44b6
232 b6402b65a5d9dd36
233 6609a42cb38d6ff8
234 9fde65330e29a6f7
235 db2936132be97ed4
236 4feff8d8f6af6e8a
237 ff15c3ec964e5566
238 1c33f50237742c75
239 6fd67296f141f304
240 5737f337c6b94ccc
241 c6565a4f1a55cf9d
242 83bc0ba91423ddf7
243 72baca0ab983b715
244 f89e07e3c9da69cf
245 02101f906435187a
246 cc1c9e0d1a49e3c2
247 000df39eb6167d16
248 d99ad216e67ec4e8
249 b5a2633357846f6d
250 828b5298e3395ebf
251 0560e3239ad7d6e6
252 1d495b8016443d82
253 026fafd3baeb197d
254 317338dfb1fcf58a
255 a7689fb91738cca1
256 aafbf5c8589b3d0a
257 8a720a75b103ad84
258 c22b9d8f9b785303
259 c681dc9092cd6ca2
260 b6bd40cfd16f0fe6
261 49704318c1459764
262 1e5d2c5c92a44d43
263 a7c53dcf4d020157
264 eb603363246b8cbb
265 425cadbb98b72268
266 4a96698661a66ff2
267 ed83119c5299dc21
268 c3a89284e6c93899
269 7f18508156721651
270 7832b50b9968b385
271 6cbe5ad79e4d05f8
272 f94eacc28e405201
273 dd18d2beda5c30f2
274 3f2a4428c58f4588
275 7fe9fb7151bf6555
276 9e2563c4f32622fc
277 2ed1a6d9a80767fc
278 cb270ca39c57183e
279 99940a947cbaf744
280 51079312652e58f4
281 b0e2414de91f0886
282 89633bc03fa34274
283 aaff3d101ecfd9ec
284 bf15b9ee0853eb59
285 2b4e3dda12fd83f7
286 58140266eb70153e
287 5d3f71634c5333d3
288 7351ee6a5ecc4cc2
289 d977630d66fe6666
290 1bb3e93072b125f2
291 6a1bd4ccdf3980c9
292 1058569d78a77ac7
293 0f0a68a908698325
294 c3b013bd222647a1
295 665e1d48b7bedd8b
296 5b8337ed0cc929f2
297 9ba46d18b7081ead
298 663f0468987870c3
299 2a8927eb2ba496d2
300 d04bca8f00b7c490
301 7ff2386fefc66906
302 203e3b93bec3dfd1
303 4cd130124e093c1f
304 46af71d717b3f38d
305 7f8596315639f505
306 e46c81e398f934bf
307 a910db838a3b8ce3
308 d1f135f3e0b6e58c
309 97d911b5af65846f
310 d36d3019d775e927
311 a5af9ef82ed3d8b7
312 9518ca8cffe8701f
313 0cf3f841eacc4c32
314 b637a162d116d7f4
315 31d5592db7a2d7e3
316 bf91623ace5e62ea
317 df162dfc0eca0c52
318 430c1282774f1971
319 d1eee8b6a734b633
320 52d6bfcfed1b89d0
321 32e892b0a386dafb
322 146752d6e976d1f5
323 0a9f100bb114e811
324 0983d6e054288e5b
325 a3ce9d36728cdbc2
326 94ee966a4d72b2ba
327 b90f9af211890764
328 1dda0c435ae79e6c
329 410df601c0301558
330 2bde94767595b415
331 e33ea25f405d9e99
332 6ffe283e6be34c33
333 45bb54434c330025
334 c0d6a3bfc7716a63
335 98f4e406ccb849f6
336 f1d3555f8cfb3b35
337 ad28ef5a7dd9008a
338 17a498c09d470968
339 9c443b74c31de06d
340 f625935af4bff882
341 b93681173bde7a9f
342 e7f7b034705caa3e
343 229336acd0587536
344 01940fbcdfcbdf19
345 de9f6bd829d698af
346 b10f1cb5d29bd9e7
347 3dc2a2adc97301fe
348 722d72713032ef66
349 ab3ca2cd397314be
350 efda9d7ebb52f315
351 37a818dd0a5aaee1
352 835b887954886348
353 721d91e713457299
354 4f90b9b951764788
355 6d84fa269104a900
356 bf608c86e54730c4
357 bb6d1181252934c9
358 ad081e7c7cd364f2
359 bc98aac61f16e845
360 36b9e404b6638332
361 72c9536b3d31a0eb
362 88e20837401d049c
363 7be2cc12bdd933b6
364 338f9c03f768af26
365 1bf5662b2bfcbdf3
366 01aed5262bfaeead
367 72e23c31f40d73e9
368 5b4b8196725f6b48
369 f653953be2d428ca
370 d7f30ca01ed0326b
371 1499ff7ed72dc322
372 e0ab8c40b872bd52
373 1c97a4524101dc72
374 10484a4183c05355
375 ffa23bbb6eee56e0
376 ea8d6470481d5f9d
377 2f8ab62ac2bff629
378 bfe80cf4db4706ef
379 81d6f9dd0158417a
380 92c6d16548eed398
381 b714a04300d94703
382 623cd1cdd1255383
383 1ea25a56b92c2dc1
384 4327ca4cb312120d
385 120a2d46ef17fac9
386 97c1e1967df88e1c
387 f5106e0d36e38bd0
388 ccc2db0e42bbf4b0
389 6b168c2c50d7a65e
390 3a92ec6031d8c053
391 8838cd5ec441a9f6
392 b4db5d0f5fad8bf0
393 f6e7067e50f4915f
394 46456bb142f30489
395 9fda52f1406ebd0b
396 8ac8ca32fa698dab
397 29e58b10f9ee8447
398 150673e81ca96bc6
399 ec8b5fd347a027d7
400 64b443f8287705c5
401 addead73d429e8cd
402 127c8a026dfa7eb7
403 f018fdf0455a90cf
404 58137f2c00d20c39
405 7b0481e8199823f1
406 53fdec97d6c9bccb
407 5ff0bf436d6fd80b
408 305f336836072071
409 3ac212cd968fdf50
410 aaee618eb1fe8ab6
411 f0222d394cb9c4ec
412 a57126ffb26e0a08
413 afb7adb1c5a717f0
414 6a14da3c78dd32ad
415 327ba652307d4096
416 eb96a28de047b761
417 7257c0c522c86b7f
418 c98e4ffcd3a67161
419 e9894eabe80a06a9
420 f5d6aebb2bac017c
421 8a82f427d073a478
422 2d03474bd0c04987
423 f4835a202cf42381
424 e1beda4fb1073d1d
425 eecc1f687e9ee529
426 cf1f566b72851fd1
427 64d38cc06d860fae
428 9546cb4257d556e6
429 f0538b16e4983ab2
430 fc5641a7dfb4789b
431 fc6ff7e2acb75d07
432 f1dccf9ffecda9b9
433 5b402b5d7910017e
434 5c15b17481586ff5
435 d4dc67eb87b26ba6
436 0ee4935350576080
437 ad889393c08dc00d
438 27749dc715369e29
439 651fba2aedb73d6a
440 f6a728c9c21c3a53
441 3dc2b3cd17a3daf8
442 9052561f305db1ec
443 65ba020641800d08
444 2c109671ba2569a1
445 39e4aa0c168a70cc
446 4e1ca197c0be9022
447 bf1407a55de404ec
448 71f0c40f0293bfd5
449 72fb97372215d864
450 027aca4ae73f1100
451 af2ac2a7160b0864
452 ed0bc46a78b3d364
453 28eecd417ef0e1e5
454 43d6e043e4c4d5e2
455 b716f303afbf6f33
456 7ebcbd3c91374356
457 02d04020e1197c82
458 e37cd6b52b197858
459 5932b2e06edb8e84
460 6a1ee9eddf9598b2
461 9f49bbb7ea81ad1f
462 8efa8ea9f1e09363
463 843a22b8eb1d964c
464 095d2242bb3ec2a8
465 bbe4ab7d3f002501
466 0196cde747c3d8b9
467 7ae845211cc41499
468 7dc12d1a28a50257
469 974fa8b510131084
470 2a1707ae5c4f78cf
471 a6574569c9afe120
472 1d412808fb8bf1c5
473 e7f0b6e75ae22c13
474 40f0ae6012ff7502
475 6185571158680ea5
476 b18c67f75572803f
477 810b28d236211023
478 fc2ba430a4d6cf93
479 a4a7964d40bdead2
480 9f7be31256f9ba06
481 ffdaf97c9818de98
482 fe06b25688d5c487
483 061fba74f41a945f
484 8981bee24d01f38c
485 1a345c54c262c52e
486 39d1a0d7dabc8631
487 a2faf3f4592df79b
488 68aa65fcd7543ed3
489 c933459ec8ad768c
490 0e712e3a054fc8e9
491 33a7b0472a0993f6
492 2e083cafd54afc57
493 6fc597ded15c3724
494 87bc2ece1ce8412a
495 12dd4c2ba7c31579
496 076fbe95546f5a38
497 855c0995e07ef922
498 bf5d2b69336e02f7
499 94b267fca3bb4dd8
500 683bb0ebf8451024
501 bf8212600db27cc4
502 67db783eed515cfe
503 0f8bc838630179d9
504 fd414d8238925f6f
505 05eabda8d79ee2f1
506 e885a3f893c87d3d
507 a7c0ac2939909ee1
508 f81986398cc65014
509 80f0c9fc27d29c9d
510 0b83cfa919cefd5e
511 ef5a04299d011f94
512 d161d16ae830ad9b
513 ed22fd4861ce400a
514 83b21d384548ba0c
515 db65d15d146936d2
516 01be8e5cb2f5cfd2
517 c8006a9a353c4f4c
518 10639db5ed768c17
519 726845b1c1ba8d3e
520 863d42dcfdc24e61
521 dd481bc698441365
522 1253528635b7d5a5
523 893d9c224dac236c
524 214ef971b826ec45
525 1acf7fcc48e325d7
526 306f1ce72ab47443
527 b9dc1e8d8f99c3d4
528 ef1701a3c6ec1577
529 016f12307c04eb44
530 468f32e3d3835ff0
531 aa9052dbd0f4d531
532 6791f6f88693fa9b
533 02a8539c90e3a596
534 c5cf490d58e01eb8
535 c31f883caedcdd6a
536 e473ff05bb48e2d3
537 86051d4665988c1b
538 8ed6668bcfdaabbd
539 8ec5377e273002ec
540 ff5b392b48340258
541 fef7f5c803300ac4
542 b77408b69e0f42d8
543 80988893d9521b92
544 e7561ca99c40823a
545 4299e7c9c92139e3
546 c0a7a582e8398661
547 69a0bd0b869f04af
548 dd4cb6f26dc33b10
549 fc492b5545b26097
550 21503f18b9e45218
551 2bcccee4c5b8f5f0
552 cf728242df86d1f0
553 102f7f0d0254d405
554 4d78c182f683cd5f
555 1e42e22875a52864
556 45dd9c1c6869a8f5
557 11929c0249da18b4
558 5792b4167ec71e9e
559 c012ca4292b529fb
560 dca10ab089a3f78f
561 b0e312244d63db6d
562 386ded9b2de5c0ce
563 4375cde2c92e0cd1
564 2f782660c495e3bd
565 8c157fa928e17576
566 258861719763fa89
567 01c784db4cffd12f
568 7fc61dba615d80f2
569 de54c9b20fa2b667
570 5e13f94db9420b20
571 98d608bd7f265d5e
572 ef22843c3d8e052a
573 799ca99d9c6bff65
574 8f00d9578b4dc406
575 391109fd8a4068db
576 10fc9cf10512e5e7
577 e7b14d4bf55978a8
578 e9a38d322aadf753
579 e221aa9f122dfb01
580 f2af84d4c9178b34
581 c7f876e79e32a6d7
582 6cf6022f307d6cf9
583 2d1c11e36dd91b5e
584 8e5d18115b1c2499
585 8753d1597b33936a
586 ebbf61c3876c33f0
587 fade2cffb94d8035
588 4be8c63dfa7f5be5
589 9273cf19c9b13b30
590 96178c0e489b82c2
591 20a078a2d46f077c
592 8e813ad93bd754d1
593 25e0f52916c0409c
594 858fa29bc1f4f623
595 8dbbc302b50ff230
596 25d867c01b1cf2b2
597 87f69e743a22de72
598 ebb0dc46b5598094
599 1c5de8e8b9057bbf
600 866822e1be9437f6
601 af663f3ad6cfd657
602 3557480422ab9b2b
603 df0d5a0d1bea17bd
604 e8ba3e8b0847203c
605 baab5da6c583ebc0
606 fc55a6f4bd8befcb
607 a45248dcbf01d535
608 85e43433f7aefeac
609 7be1939c6a0f3c57
610 88c89bfc41814a8c
611 cba188562b4e7cf3
612 c6741f1ac1525f14
613 86dcfc06816e9f97
614 c009e25606cf3357
615 8729061ad5da48be
616 a6a2b5034d1e3e24
617 b6708db83d577895
618 26fa07eff5cdc94d
619 d8989a37dc92e986
620 ae526ba119be5052
END 620
