1 347863b4c65c364a
2 266176e22e7864d8
3 f6187768237876dc
4 331b2191a5ad205d
5 635fd0efe7743817
6 a8ccc3b3f02b1a9b
7 ca93f3cda8b8ef0e
8 7902fec11685932f
9 3131af3fafdc84e6
10 09bc8a7a134c1dfc
11 ff76f3f0ce0165d8
12 e5edbbd3757d2e4f
13 d96d67f84a1b86ab
14 19d0f52e6a089f4d
15 a581b8e72748b443
16 af77cc40c30156ff
17 5ac375d671ea71b3
18 5c99e0ece4e2881f
19 1f4fa132616fdb4f
20 88d0af619e3d7559
21 00f8d804bae9cb9e
22 678dbf890cd85b45
23 b753788066a5b5e0
24 787e98b7e1ed750b
25 dcc859a4018d8c9b
26 38cbef21eb0a03de
27 b3d417e44271eaaa
28 3d47664d281c0c41
29 fd314f033078e2f9
30 c08808266f2225cb
31 c938b3d220ce3705
32 9087987eac3ed60c
33 a8a3f7dd95fe3e24
34 93a09e21f4ae4483
35 1f3dd55b4c5b5ec7
36 17f9bb6287c25b6f
37 778b45e70dcebc88
38 a75615b6f31c810b
39 9431bccdd33f25db
40 1dc8f5d556415565
41 41a28f5808ad855c
42 f0b0ac8232ad1a87
43 8c58131855046fec
44 a6318f91de216349
45 f3ce39133aee85dd
46 2af0946ebc46c99b
47 e127fda79631bd76
48 a8599490412d0512
49 a179584262c897d5
50 890930b78f054e46
51 b78277d036ef779c
52 c9584e091cd7b7f2
53 b73c027b22a033a5
54 e2ef8d9317065905
55 4880e5beed3712e2
56 dd1eff4fa3d6353f
57 20135fa27df9807a
58 cb4f26d6c4617fc3
59 2062a32ea7258fb5
60 0cb505b4ece04c7d
61 71f85c0b032a4d63
62 d579ff44f709fb2d
63 4731e3e8374b3c21
64 c66963dd06d8cebc
65 23b0e1018a193097
66 229989e014d67a83
67 cc61a0cf568db8fd
68 331de93b5e8ce230
69 211656c13a2d967f
70 c5ffbf040d7353df
71 82f432c2b622728f
72 e9e2e0ab9977ea28
73 6242f2d94be48f9f
74 5f0dfa7cbc010646
75 e88f4b75965e0bae
76 0493cd2ab6f144e1
77 f5b2d2fb2f3b930d
78 2b30627d60a5849f
79 15e6af75d4ddc1aa
80 febdf5d3acbfbc42
81 aedc66a7b02e112f
82 4ea022317046376f
83 d7cca002289aa334
84 719f33f7aa16bbaa
85 34f4d031378d7645
86 1c72e1bd37544bf8
87 03c86391ddedcdc5
88 15f7ec024d2e247d
89 90ed3673fee3b69e
90 22a60d89f2a7ce5b
91 10a72d17ee6b0a51
92 6e6cfa6b930b9305
93 b2e72690e6374761
94 084f703aad304ec9
95 5e1693dedfd09b9e
96 0a287eeb08729717
97 44b16e2a970a4c6f
98 1a2c057db5b7d86a
99 8c27618219bbeae4
100 0eea196d4317c188
101 73cdce52d3b7a79f
102 aeca62e958b716a7
103 c9989f66393ebb0a
104 dc94ada371a45795
105 9636f83505f72486
106 1e0228161f682857
107 66bcbb4056c59ad2
108 569a4d18ec4eeeda
109 77be556139fdafde
110 eba5085b9371afbd
111 81092db452ac79d4
112 8bec0f0f70d0a4b8
113 e8b464fc58f61db3
114 b54a019d0a4cbb84
115 6bb44a87cc09657d
116 9ab5d9ee45d40a32
117 8a5ad476fe0e3ca7
118 f97b1ff963721402
119 46134d33a3e4d884
120 2c208ff4d68dc526
121 057be9b0db0a09af
122 be24f4a73fc014b1
123 712be09e61776ac0
124 a654fbd4cd88972f
125 6201047b14aa9414
126 4b18ca34870e263c
127 19cddd7e79587f1c
128 1d08e3ee81ec8d89
129 559fdfe9a13cb0eb
130 fc7995941f50a683
131 fd4cfb070fba7e83
132 d45778796fbd5833
133 baac3929721de20d
134 404367ca15ccad8f
135 cb9415460abb58bf
136 272675f2be4e3cba
137 38e8b9311bffc168
138 fbfd6bd5c7ac6f2d
139 7768f564bb01f862
140 2caf508b790e0aa0
141 757de19ef7d28803
142 5c57a36e468c7003
143 b263f2b58ef27cbb
144 cf6c89ced3d1c9a2
145 22f3879471b39b7c
146 df305edb6553a01b
147 b694c23042a8140d
148 2656f64908eee004
149 897c90ab55a3b379
150 ee7429802d7fddff
151 2588869c11ddb325
152 74981bd0f5dc4dcc
153 87d4b97ae0952bd8
154 060e618e511ca507
155 1f609b9ebdb447a3
156 64f15401e5701048
157 342a9c995553f968
158 64e4e572cec745ea
159 240fe657b121f9b5
160 b219737fe1965e7f
161 d169053c9d43025f
162 a32b8f66c6e164e2
163 4f71a65c0ff06a66
164 1056ee23b85b6581
165 4307e3dd64db1f9d
166 8d4ea54d1ccb58d0
167 f3e61d86f1b9aa83
168 b9a80ac066b3e7ed
169 d61b39d3b31151d7
170 c085244b8386c0c2
171 dbf5625c0ea4fbad
172 abf9b41196a74e27
173 aff1b3ffc7b36430
174 d2f1376dae6018ed
175 de71586db485a267
176 872be7f3b5f3cafb
177 98e81478cccdd29b
178 84fe32df7d092a56
179 8a35581df5e49fa4
180 04ccada0079fbe95
181 8cdd1da80cae1f65
182 42ee75e1145971cb
183 cfd04bcd0859d888
184 31d587ab1e3fe241
185 5b9f62454dabffd4
186 46f17dbd11d682d6
187 b34ddf043c1f4592
188 22e010abef467bd5
189 fba56024ce930ab9
190 eb808d5685d82bb3
191 318f6257f0fe16f3
192 213af16afa95b6da
193 0d49e96600b03ddd
194 3ef8dc5ac5f43de1
195 71bcd865fbcc6d60
196 0cf75a13430029d5
197 179f924953f27300
198 e89ca74193af9e6b
199 0e7f4672fb252965
200 c5eaa264291c305c
201 ecac0a01d9b62818
202 5414b038ea9db3f7
203 e3a7aa853ce3df24
204 58f97e0985a42227
205 a595436d4edd429b
206 4eb87cb00b1c1693
207 2af23336fc30db57
208 50cb8b9a72447a79
209 6df89f5327e2d0f3
210 72a9c1392829da01
211 e283ffc32adedb83
212 a14335df96b9d0e8
213 691aa95850287d55
214 c639fa24f1876be3
215 9fea49a8a8c4a316
216 c6845df01b065de5
217 024607d891eb8b79
218 9ab9559bb864b572
219 a760840778c7180c
220 b4fef81ec8a82044
221 0ab500f424f8cbc4
222 82e07ff95637f0d1
223 70dc118943869435
224 4c55be40cadb572c
225 e9737420d98180e1
226 5aa4b4c9b7d23214
227 24798662424309ed
228 40608fdf41d2c267
229 40c51176c35f3423
230 e329145adc0736b8
231 ec3b11ad5af2ba07
232 b4781596e1c1073d
233 8f9b9d397b4dc92d
234 b0955d56de1b93fc
235 e13ca9f74b1eed71
236 3d8e742de37a5b6b
237 d494a0f071eaceb4
238 b8860a91f32156b1
239 c9b8cf508306b62e
240 170ba085ef97a00d
241 26848ce9c81345f4
242 e21ebd957d66df71
243 3a1a5e95a9f0b5f9
244 1eed216ffa4e51bd
245 53d316bd03805d67
246 84cffd748bf1f576
247 d7222bca003d03e7
248 df5a4e479e1fbbc8
249 81618bf0f31614e4
250 875d77f798abd891
251 b10b64cc4976646f
252 bd87fbb18a979c3a
253 93eb59a986abd76c
254 b44a49c3398d3b35
255 7268424d8e81aca8
256 22846eeb0abf4358
257 61ba62d97bab5b07
258 84459db6884d2ff1
259 4c77521315339b2f
260 abd32158be2e6c75
261 40b516a3e0c1593b
262 3a6aa538f6b70a81
263 a7c9f9494f53c545
264 03ee0e78f3094fc7
265 8d25d5111cb1349f
266 f80c7d3941a288c0
267 7bb09846098172da
268 fa3bb817c952d88b
269 760852dc29198f1d
270 456c81d372c0f33e
271 caffa96bf4bb111a
272 fdb27ff9c0b0c7e8
273 bb7a64735f829828
274 0c807db586f751b8
275 32d4cc32425bbff0
276 29cf86988aee7f81
277 a21e41e8445c248b
278 a3607a9c809c814a
279 883e282e860a711e
280 f5336a1395991de8
281 183778f667cb2a1f
282 1bc8cd741f7fcbfa
283 99d09ca3f042ea28
284 f4dcb48710b98d77
285 406b989dd10a3f12
286 63cca748a7db21e7
287 ef0c310dcbad5864
288 7436d97843375ea6
289 963d4f94a4828267
290 dac0092b8b011694
291 1f8ec5516852849b
292 779644e87349ded6
293 0174c2a732cfcd36
294 abf31fd15576a5e6
295 a8401d0addb8ae09
296 a3c043da5f0d714a
297 134e12e4d58933e0
298 24d74fcde38a7851
299 034f80a467ace5ed
300 63845aa0d9e877ab
301 1238b7c8045b3d27
302 14b7140341959ba1
303 d11bbcb0135cafad
304 07e37abd0606265e
305 242ab2e8440d8732
306 91ee7b6f9ddd09dd
307 428176ba0df0da8b
308 c1a1e686166c6d2d
309 3d0d21fa605b8e46
310 8d6ab4df77d38afb
311 5d13bd334a3fcb10
312 c7c6b9c2b0fe31c2
313 9c33aa223baf492d
314 1bdbe869d9ffdf31
315 b6d557c76784d9c3
316 d41ef9085ccbf7fb
317 f0372084de665eb3
318 4e17d158576fac9d
319 891e79693740329c
320 e4737aaa9f575e4c
321 9b3e014425d4f46d
322 7033a75905d072eb
323 edc4907a06f661d0
324 f1fe4c8c54517b3b
325 1f0399f51ce73466
326 31a451791fa3b8fe
327 b1af450e06065140
328 a2e785f9cc57c438
329 9c6245652172e4a0
330 fc4c2caf210ade72
331 56fdc547b0f40abb
332 2b84c1ac3233fd1d
333 c8a689b41e3750fc
334 78561e7eb092c243
335 f13795b534b70d31
336 d64f67dc3f29ad78
337 980d6cbce264fbd9
338 105224461addcbf8
339 7a02968b0d4233f0
340 d7b5a39defdc7731
341 73eadda44b09a959
342 ba6a02195d8cf143
343 56c9b3db17c1897f
344 59342f25fb82004c
345 e3196292ed48719f
346 7a8734a34da92f83
347 25e28eeb6757d671
348 4c1c93f78bf10f13
349 9b0e8e12b4762ee5
350 d391f3c72bee173f
351 b5e219517fecf241
352 6bd2bf2e3bf65035
353 f4bf42ccb77972f9
354 5ebb582ad0878bdc
355 d140ee2c79eb7027
356 1b16682c1fd95dde
357 0dc96fe1bb8027bc
358 b236a3123fb0bac2
359 1106bf7231dee8a5
360 29a464321542a0b4
361 9fec8d6b934a49f9
362 b00e8db32959edb2
363 4ec1e1417d3a63e1
364 238a6c8f664c9e00
365 4c73e1e3e0295da3
366 9f3dab84af3516c0
367 1134e838c170d229
368 940526e188ddcb77
369 17b3bf2923ace392
370 d2e70220cae5457e
371 80942448e442969e
372 d42c53fcac131af7
373 8a31c6a23ff22f8c
374 9d00780e00880e69
375 5e11ba216fdaeaeb
376 e9d1787df4463855
377 e9bdd616ca182e1e
378 a6c77018dad04a07
379 1c7c6bfb8791cf5f
380 438f23155ee628f4
381 3deedc55bb212cd1
382 0e015f8f4352b669
383 adef61a6218b7627
384 4d4a0dc464748734
385 9baf795096b07a14
386 87fd453c741b29ba
387 923ca3aa737176e8
388 a477ea5666c11e24
389 3d043e98e254afd2
390 e3d0c7cd6fececb0
391 fffefa0299178f2c
392 546c8d6089504d4a
393 c3db047c2d71dd5b
394 7a1a50a57b751a92
395 feb0abbe4e821fbe
396 97f03dede0941ceb
397 1d59316db53983c0
398 66d300d581acc95e
399 5b5003847cc9353f
400 e1309c6df7137745
401 3f093c6ce13adb7e
402 6965afb7eb65c436
403 3db0119433ef4a8c
404 a7ede29ce17dc432
405 355ab377290a743a
406 7200288de94c52c6
407 deb79a553f27a734
408 723211dc851a6794
409 1fd09c3d9c37dd3b
410 fb862bb324ba24cc
411 73bbd044fd044748
412 e94003a287a54820
413 ea730cc55fe0ede0
414 93d319bb44a81aad
415 488e2669ecf88d9f
416 fa3a029c77dd9fa2
417 5c4b1a92e55bc2a8
418 ecc755bb551405b8
419 d926360a84bcef8d
420 de208bea220d52a3
END 420
