1 347863b4c65c364a
2 266176e22e7864d8
3 f6187768237876dc
4 331b2191a5ad205d
5 635fd0efe7743817
6 a8ccc3b3f02b1a9b
7 ca93f3cda8b8ef0e
8 7902fec11685932f
9 3131af3fafdc84e6
10 09bc8a7a134c1dfc
11 ff76f3f0ce0165d8
12 e5edbbd3757d2e4f
13 d96d67f84a1b86ab
14 19d0f52e6a089f4d
15 a581b8e72748b443
16 af77cc40c30156ff
17 5ac375d671ea71b3
18 5c99e0ece4e2881f
19 1f4fa132616fdb4f
20 88d0af619e3d7559
21 00f8d804bae9cb9e
22 678dbf890cd85b45
23 b753788066a5b5e0
24 787e98b7e1ed750b
25 dcc859a4018d8c9b
26 38cbef21eb0a03de
27 b3d417e44271eaaa
28 3d47664d281c0c41
29 fd314f033078e2f9
30 c08808266f2225cb
31 c938b3d220ce3705
32 9087987eac3ed60c
33 a8a3f7dd95fe3e24
34 93a09e21f4ae4483
35 1f3dd55b4c5b5ec7
36 17f9bb6287c25b6f
37 778b45e70dcebc88
38 a75615b6f31c810b
39 9431bccdd33f25db
40 1dc8f5d556415565
41 41a28f5808ad855c
42 f0b0ac8232ad1a87
43 8c58131855046fec
44 a6318f91de216349
45 f3ce39133aee85dd
46 2af0946ebc46c99b
47 e127fda79631bd76
48 a8599490412d0512
49 a179584262c897d5
50 890930b78f054e46
51 b78277d036ef779c
52 c9584e091cd7b7f2
53 b73c027b22a033a5
54 e2ef8d9317065905
55 4880e5beed3712e2
56 dd1eff4fa3d6353f
57 20135fa27df9807a
58 cb4f26d6c4617fc3
59 2062a32ea7258fb5
60 0cb505b4ece04c7d
61 71f85c0b032a4d63
62 d579ff44f709fb2d
63 4731e3e8374b3c21
64 c66963dd06d8cebc
65 23b0e1018a193097
66 229989e014d67a83
67 cc61a0cf568db8fd
68 331de93b5e8ce230
69 211656c13a2d967f
70 c5ffbf040d7353df
71 82f432c2b622728f
72 e9e2e0ab9977ea28
73 6242f2d94be48f9f
74 5f0dfa7cbc010646
75 e88f4b75965e0bae
76 0493cd2ab6f144e1
77 f5b2d2fb2f3b930d
78 2b30627d60a5849f
79 15e6af75d4ddc1aa
80 febdf5d3acbfbc42
81 aedc66a7b02e112f
82 4ea022317046376f
83 d7cca002289aa334
84 719f33f7aa16bbaa
85 34f4d031378d7645
86 1c72e1bd37544bf8
87 03c86391ddedcdc5
88 15f7ec024d2e247d
89 90ed3673fee3b69e
90 22a60d89f2a7ce5b
91 10a72d17ee6b0a51
92 6e6cfa6b930b9305
93 b2e72690e6374761
94 084f703aad304ec9
95 5e1693dedfd09b9e
96 0a287eeb08729717
97 44b16e2a970a4c6f
98 1a2c057db5b7d86a
99 8c27618219bbeae4
100 8cccdc332707a050
101 af5e6e117fdaaa98
102 9709295a431439d2
103 b46d70f5b8629f25
104 1e7156473ec0e59a
105 4bd6f537429c90f8
106 de58f8bd35e67db8
107 6614bcf204eac1ba
108 ed69f7042b2f4a27
109 6a3f6552c346648a
110 efb682af3c277711
111 85d4e36dfc8d3e7b
112 0cbf294c443691a4
113 e18a640b452e0d0a
114 76c075b85fe5d89a
115 a666512ffdb8aec0
116 1397d5e803e5bd76
117 1f27545b42a6615f
118 bee241bfc6ec0f7b
119 fb81fa2fd5acde06
120 f18c075a6f2663c8
121 54add1e2509954c0
122 b5df5cd677b54ac6
123 3380491d1ab2c0b7
124 f0b7e02a56b20f0f
125 c1ff11a11f91f20d
126 ce1b2c5ab68d0310
127 cd997ec5f448b894
128 b9371aa93942066e
129 b97bf22cecc5cc6a
130 da54e5a53e58c2e3
131 aa8a9944773a9578
132 be4595838b73838d
133 6272c767c3bca663
134 693ffa0893e9370c
135 7fa63948710927e9
136 175de533385b9d14
137 a7eb5ab951fdca44
138 c882a69a6f2545ba
139 e7337156cb8d8e13
140 14ef156e0389f243
141 b96a7b4c3e03e5c0
142 ea2eaf373c9ad84b
143 6029ec0b51d9a931
144 1439667dd582c05a
145 4e87d5a5e8eec5ef
146 5388040e0ede831a
147 1310b8f89c5e366e
148 41907721f8ab3120
149 4c964953a31f1f15
150 524085350418f779
151 e8536c7425a85d6d
152 d5a393b438354d62
153 c8ddd57d61820ca4
154 41c48f5e3a9fddd6
155 f6cccd239f9c4c71
156 ee312c42c7125611
157 12e4a4af18807dfc
158 07f3404490349ec8
159 defe2a16915d1b8d
160 9b1744921a52b4f7
161 425718c37d5ce6c5
162 c2387ce19935d285
163 a498aa61655ba2b8
164 50be9984daf5e7bb
165 895e71ae581dfb47
166 414a03499e9f607d
167 fb2cc06de1ca1fe3
168 428dec46d3dbaba1
169 dabde3b887978886
170 11789680aa3adb3a
171 169c7ccdd28253ac
172 5ca685f997a96ae1
173 2d10c958385c84e4
174 293f90135b860f17
175 3090c9730366d165
176 1596eeb899b3b078
177 515de5f0e26969b9
178 f096741669a60683
179 8db606b9cfd79c86
180 67638fafb8477f9e
181 0db07b34f73b1705
182 050fbe39c9256833
183 6b3983e51d33ab9d
184 bcb3421263aeb37d
185 2c6842ba67b14276
186 613c89e5435eac80
187 1f5d9b18ea7375c4
188 7167a8c564af926c
189 1c94c3af6e3b8e04
190 b48e2e11f59152e6
191 07eba4ea1f76cdc9
192 9e8b8a1b0b7256c1
193 09d2b7ee0a3995ad
194 d3113f1ac3bfc02b
195 472fa57007017c6f
196 45704c5330a96f48
197 8e21aff2fa5e8ea3
198 b6d1047bff2c0c7a
199 d05149b634a107d6
200 6457c85b5ca05c86
201 010774ddd7167b8c
202 08e80ad9363b2021
203 4abe68373d1e3b3b
204 14d7d04cdfb4fde1
205 aad44f1c0090de03
206 09fb39b67744bf03
207 9435ae20d7ae912b
208 a60f7d579d90db5b
209 ebbc44c27be66459
210 5e9c52416c3960d2
211 9b3af8f284e201ba
212 09240484fffaa3d5
213 a111d6476be33675
214 f3b83a8f6a2f26e2
215 4391049c8ff67f48
216 89aa83497aa52826
217 4787f71ae66ef240
218 da54c843ab3cdb4c
219 675e9095edc326d5
220 38a8314d23336e4f
221 6cebf77a45d3feb8
222 a8129119b18bbdc6
223 3a360548b581cc32
224 42ebfbbf4676d7e9
225 f1953cd0add15a74
226 a5538aba984cac57
227 8a190288816a00ed
228 c988276cf6f69fd8
229 c840b737886821f0
230 82f8e37ceffa57ca
231 895581684a8a171f
232 c741a8583690a644
233 26cacc402dc05cea
234 4e3e0222f6e10cad
235 1db01b28811c6fcd
236 b7126cacb6883fd2
237 945eb0796cbaa939
238 90b2c2050dd4323c
239 e394429dda90e040
240 c0cdfe3acb536d20
241 dc48b419e46e012f
242 6d58fe24866560e0
243 d58a527f7dfe00f6
244 323a427cffd0ffd5
245 b249f95837db4431
246 d1dcea60e4147850
247 d22b4f5fd676f342
248 29c7376f4c2e63df
249 263f6e89d19cc7c2
250 b669d155f75f93eb
251 1cda9c1fc2ba4b8d
252 0d446d13dfeace3d
253 8b6a8eae445db042
254 ad1f2c70ab2a2d77
255 b9a4637620182f9b
256 1953be8f0e415846
257 ba9385974f062523
258 7baa2e1c2bf56563
259 daa8cb88d0f8eb6a
260 86508042c5c32d56
261 bc478b144e745fc2
262 119b71b9e2149036
263 f1f5aeb42830e0d5
264 e165622427d87c6c
265 cbd071121241d83e
266 624d33993cad2cd9
267 24da34db6e48fdb3
268 482e4fb57ae098d8
269 64da949ca9225042
270 f5f3ad7538e20ac9
271 ee18a5d681505d9c
272 d5750e854d207411
273 7eaf3bf7b45936d1
274 f86fe90ea8492ff2
275 8a6909ae79fb2d12
276 f5d09e9df59a6474
277 d832106467580f2f
278 28bc8d4682233720
279 2259ef46906954f5
280 102b9945892efd3d
281 ef880422ea5e4a17
282 b6fcaf70f06d2ed8
283 7f66d98226e6a525
284 78de69554ba47e1c
285 5501c041bd7b20bf
286 251a80e944310735
287 173196740625ad8e
288 2333053eecfec5f9
289 ca62a4c2451535ca
290 a3c28c40845686dc
291 f11d0c7672721c24
292 8630e9cbd99d12cc
293 3ed398edf576c589
294 297e224f8ef6b148
295 7897e9c0d69a6772
296 a23d470a28bb88fb
297 636a9b290a864895
298 41609e11aa620bc2
299 f453e207abac2ef2
300 b9afcc913486b6f9
301 2096798998c96458
302 d9c742b326224f53
303 4ca4f494fde84fee
304 783d33ae54077f71
305 cacfcef43d712b31
306 9832da248169bee5
307 18c12fc81bac6912
308 79747bb39a901b13
309 94f93ce9d8a5ffdd
310 b3aabd7ef431ef7f
311 e674bf400264101f
312 a62cb45b29d01c72
313 1424fe261503ebbd
314 b35d5a3ec66f3a27
315 141e0bd0239a6aab
316 e68e7ca4217a57c3
317 f4d1c2725a6b33ea
318 22d93c17fb63019c
319 05cbf1980b54faa0
320 fcc77527980b6811
321 fb0ef1e8927cd74c
322 e86c08de4d563c68
323 c6e9e99f0d92e4b2
324 ec76c7b3b641b2dc
325 c99b93d8bda9f0a2
326 fa45ad095921a466
327 a2af09369de7a570
328 2aaeaf04b3d455ca
329 3aa1112124003ba4
330 989b6ddcfc855135
331 8e56b261267b3ee4
332 efecdb4f69d751b1
333 1e75df33ea448ccf
334 3b472950be68b5f6
335 c27c2bfb88ef85a5
336 19dcf5eba903519d
337 303ed0428ae3419d
338 bb5c7544b995192e
339 7b8795f6be716e47
340 ae42e579ba528779
341 4194999ad2cdcfee
342 766f10956157ac56
343 6ad1debbf09f1676
344 80d417b5337f54ea
345 e3844c0af543620c
346 52ff63d9164f4a3a
347 6053e1c633626106
348 a213a75a23e65a03
349 99c9f8f1c50a5aff
350 1eeffd5063dd02ab
351 23c906f80880c2ca
352 f0cc3da31b26b771
353 91574d38afcc3523
354 535b97a7fad55a07
355 b79dab4e28b573b2
356 f5b599581f494369
357 c2c040d72fcd221c
358 fcd74bed5e85bf9d
359 f2360ca3b6a42d51
360 a51e4b7a8de72ea0
361 aaa47f5ae7f9e49e
362 b33ad083e6c14f32
363 fb34e77eb0c284fe
364 600bf3086c7031fd
365 1604b82666a1f68c
366 c9a8e3712f940bf1
367 37ec5683487188ee
368 732b0346d7e51240
369 eff539992707a8b6
370 b58d5b14189479e7
371 a8ed3110b382ee4f
372 70eeb3012966ff5d
373 c89d9d8519e92bb9
374 5e85dbd783b35c76
375 f47d4274ec023d5d
376 51700a174c248764
377 bb1ac09c28bad9a2
378 6a671472329ea244
379 e440ce2fc2a5246b
380 e0aedcfd1dbc02f1
381 5d7f654a514a8fd0
382 8056513fde70567a
383 ecea045a3f79e9c7
384 d4727f4684e595ec
385 d064e7ea23df1c88
386 1129bca927c82dfb
387 948677338b7141d2
388 301a6f70b958cc6f
389 193da9a464096815
390 dc11c546a8eae3bc
391 e10b0247a47c51ef
392 30fa1d3975f4809c
393 0f7b7b55f69faaa3
394 e674653f6150f4ca
395 c1e6e15103b3cb30
396 c546e0a02991a11f
397 75abb24e8d31768c
398 f9324e8892294bed
399 f60239253e7dc8b8
400 35bca4235a6b56e3
401 bb5cea23dba499cc
402 7a392caef0340cc0
403 8ef76725373c46be
404 0c4dd1153ad5158e
405 8b1625ef2121ee41
406 a35af68172a8c436
407 3361f016160cd92a
408 9c747c5951b30f44
409 a41ae03b84a2888d
410 67f45516a09fe07c
411 c1e0f9533102eb58
412 7ec1fea4794a7306
413 e8fa0b194b5279e4
414 33394cddb9d68a69
415 bc73ca08e60bcb7f
416 0be2006700bb7b89
417 9014aafd15c462d2
418 b571cd044d962a72
419 c90e49b180fe457b
420 0d96aedb8432f79d
421 e6914e3b1b921a7c
422 3610aaba8e51ea84
423 5f0b54cd6f868fd4
424 4c04959a4710227a
425 b8249c1764746212
426 2cd1e0f9260da934
427 b21aab8241a0c264
428 4f9dd1ee95394585
429 5112e6ce16218ad7
430 adbcd3538ed7df00
431 5d72378ce84f2aa8
432 605edce6ec3f46e4
433 b6fb536cb35f9021
434 96c3ddaa1ce4ff57
435 4f58b75a05741e42
436 bc6ba286afe2fb78
437 013230f1f6a16808
438 7cf6887b8e45a990
439 9f9a2b2f04508153
440 e23702c61d92b142
441 340df2e85f35a367
442 86c08ac20e92202b
443 c5025845629500d8
444 97fec569d0234274
445 a84d57ffba9f4b95
446 6b0900373b4f3673
447 f90fd6b2982086ec
448 d1779bc37a75fa89
449 7fcfe34d92c9016a
450 0f8410e63bcab4e9
451 aa14d3a8a19b2d19
452 30f140cf07115f0a
453 cc0bab0d4d26f4a1
454 6e5298a2a69a3af8
455 811efe14a0f3d7d7
456 f14dab9d76dfbf37
457 8be3ee96997aceca
458 3ad50037e9d33490
459 32bdcac5d63632e6
460 08832dedae979e9f
461 2e0112f7f37db974
462 50fc7baa79289b2b
463 a01a5b8e4396678d
464 e9de38c9b39e81a6
465 4db5d1ae54770701
466 2bafa75ae03aaca7
467 429f4ad597d9f293
468 d2d09debe9589a74
469 73b2a593a8da4955
470 0be2a5c6bd5820e9
471 c656bde037ef780a
472 e9758cdbaf097f11
473 2af1c820b064260f
474 582b5ac127d4620b
475 dc2a03bbf305b47a
476 3c9c89681f0c585e
477 d7d686b913d7a43b
478 0b49b44b9c5885df
479 b2735d3a817a1844
480 57ac1d1efc44247f
481 f813718632a3be24
482 367520f86c911d93
483 b777bf015b6890d7
484 9daf4ebb9c16abad
485 f29aa783a37fda02
486 550e9e7db41b2eb0
487 dbae1fda5a6916ee
488 38f7fee9e57381cd
489 37318212565e18a4
490 bebe40f14ad6e6c9
491 08a6d8e432ac2a18
492 2cbc79b51b7b6baa
493 b66ea84e7e8eb7dc
494 4e52c4f215e132c1
495 f3b1aba43eb8b8f0
496 d361e2621c661f97
497 2e1c2368fec7420f
498 116a6d859b727062
499 a68b327ab3259553
500 9751648f7ee61bba
501 ddd1a05e1202d91b
502 e0cd8837164c76b8
503 b9c539d2dd276082
504 d63ecac8b2b864b3
505 c979def29108bef8
506 a02d51bed3af9f4b
507 e61d8dd2e5da618e
508 6ad02330b4f34142
509 014a7ca4606e9e47
510 1d25ede1ead6e69e
511 1c9cd67fe83de7de
512 02ecf526b33510ae
513 99110b38789cb6ec
514 ec9d9cf8b7d19925
515 e12fd8ec805b8905
516 4bfe47dfccc54729
517 63562418e76cfdbe
518 3f94b4c2a441fdea
519 23654474fbe59dd2
520 de9392ae6b360584
521 c32e55803081d67f
522 c18c57efe7f86430
523 d488b4f196c668c7
524 929f6ec57f2db0ef
525 c2502f677bde4f7f
526 f55b2ad8ac3937ca
527 99ef61a6b712f1a7
528 9b50e9f4c5b9438b
529 56915d879728eb2a
530 755cd3ba77c6e9b0
531 d64a3fab09994dc7
532 18898e41699c207c
533 1a0b8382e0da6a00
534 cc03ca3f16f44189
535 c0daf712425cec7a
536 e5f327723874c304
537 4e04749cf9bda350
538 7452f604ffcda08f
539 e36020a3feeed2a7
540 9f6d0c2a6b8b539f
541 ce59fcbad8dd81e2
542 c135dc0600c8e6bd
543 e3a339465cd63a23
544 a0a7d6b241dff104
545 62182310c23eec25
546 940e249d96670bf5
547 680057857dbee731
548 c03debda46886a5b
549 cc6e8c896063faf0
550 528709a38c4e0a63
551 31e056779376e808
552 810794e9137ba313
553 14a37ac5503c8600
554 dea320c57fb64a3d
555 7e2a2e82accb7a4f
556 6b687f21a212fb5e
557 722a7f1e9255dff9
558 3433fc9196b40235
559 b0add1c37347ae8c
560 92c71203d0aad89f
561 1153eb23d597cf6f
562 7a5330f39dc72ab3
563 2b9700501e6f14f2
564 5c029161f44ef7b8
565 241b31a065e6547b
566 42fa66f8d33c5d6c
567 94ab75a0aa7aa249
568 40f71d33415637bf
569 41ff211cbb71c99e
570 f13cd049bd9f16c5
571 1131bf14122a42ec
572 9e21a40f414b9272
573 7d6b4bc3f34242a7
574 26754b89c42ed0c9
575 f8c492449cd3f9fc
576 e3bd600f7c980b4a
577 680b1ae11a1b6f37
578 9e74a920d6e3e3fb
579 ac5ad6208ff05212
580 6edb45596ead587a
581 6cd87bc9f12c85c3
582 df061effe9b33428
583 f317659e9f359666
584 c57b2affae9a3da0
585 63b04cb434ba987c
586 f28b8709a6cc611b
587 48186a18da26c7e6
588 0cdd6b78af166ff0
589 ef01f10150a1c608
590 a4b2f6327c3bba67
591 fc81dc98b4f82f67
592 2e646c39d3291dc7
593 46933ef26e58de22
594 21d7e795b77fa203
595 774ba38ca78da05f
596 ba41f05e734b87ee
597 c33c735b348885b4
598 13872e6ec58bd73d
599 b17467b2cc4c329e
600 e3930207e545f8e8
601 e1b4005acfaf05a7
602 15ce88e40cf627b5
603 9dc08beb16b4ee85
604 87b8257e19c27413
605 381c9c2a6278af6f
606 fbe8cbe3a48a1832
607 22df65d232cc22c4
608 64013276d2c2b23c
609 e6b74f0aabb5c21b
610 b07a12d751af7b5a
611 5b02c274283a4d65
612 79e4b260d196a412
613 eb44daf925a3e8c4
614 3405d104bb8bc783
615 3ee9bb0ef30ea753
616 0b92ef88ff57d8ea
617 379470d5ee15d0f9
618 f8e2d2196bd57a51
619 cc4f159e1bab4683
620 15d8da723a956b3b
END 620
