1 347863b4c65c364a
2 266176e22e7864d8
3 f6187768237876dc
4 331b2191a5ad205d
5 635fd0efe7743817
6 a8ccc3b3f02b1a9b
7 ca93f3cda8b8ef0e
8 7902fec11685932f
9 3131af3fafdc84e6
10 09bc8a7a134c1dfc
11 ff76f3f0ce0165d8
12 e5edbbd3757d2e4f
13 d96d67f84a1b86ab
14 19d0f52e6a089f4d
15 a581b8e72748b443
16 af77cc40c30156ff
17 5ac375d671ea71b3
18 5c99e0ece4e2881f
19 1f4fa132616fdb4f
20 88d0af619e3d7559
21 00f8d804bae9cb9e
22 678dbf890cd85b45
23 b753788066a5b5e0
24 787e98b7e1ed750b
25 dcc859a4018d8c9b
26 38cbef21eb0a03de
27 b3d417e44271eaaa
28 3d47664d281c0c41
29 fd314f033078e2f9
30 c08808266f2225cb
31 c938b3d220ce3705
32 9087987eac3ed60c
33 a8a3f7dd95fe3e24
34 93a09e21f4ae4483
35 1f3dd55b4c5b5ec7
36 17f9bb6287c25b6f
37 778b45e70dcebc88
38 a75615b6f31c810b
39 9431bccdd33f25db
40 1dc8f5d556415565
41 41a28f5808ad855c
42 f0b0ac8232ad1a87
43 8c58131855046fec
44 a6318f91de216349
45 f3ce39133aee85dd
46 2af0946ebc46c99b
47 e127fda79631bd76
48 a8599490412d0512
49 a179584262c897d5
50 890930b78f054e46
51 b78277d036ef779c
52 c9584e091cd7b7f2
53 b73c027b22a033a5
54 e2ef8d9317065905
55 4880e5beed3712e2
56 dd1eff4fa3d6353f
57 20135fa27df9807a
58 cb4f26d6c4617fc3
59 2062a32ea7258fb5
60 0cb505b4ece04c7d
61 71f85c0b032a4d63
62 d579ff44f709fb2d
63 4731e3e8374b3c21
64 c66963dd06d8cebc
65 23b0e1018a193097
66 229989e014d67a83
67 cc61a0cf568db8fd
68 331de93b5e8ce230
69 211656c13a2d967f
70 c5ffbf040d7353df
71 82f432c2b622728f
72 e9e2e0ab9977ea28
73 6242f2d94be48f9f
74 5f0dfa7cbc010646
75 e88f4b75965e0bae
76 0493cd2ab6f144e1
77 f5b2d2fb2f3b930d
78 2b30627d60a5849f
79 15e6af75d4ddc1aa
80 febdf5d3acbfbc42
81 aedc66a7b02e112f
82 4ea022317046376f
83 d7cca002289aa334
84 719f33f7aa16bbaa
85 34f4d031378d7645
86 1c72e1bd37544bf8
87 03c86391ddedcdc5
88 15f7ec024d2e247d
89 90ed3673fee3b69e
90 22a60d89f2a7ce5b
91 10a72d17ee6b0a51
92 6e6cfa6b930b9305
93 b2e72690e6374761
94 084f703aad304ec9
95 5e1693dedfd09b9e
96 0a287eeb08729717
97 44b16e2a970a4c6f
98 1a2c057db5b7d86a
99 8c27618219bbeae4
100 9ab902645bf23843
101 5410c145ecb27c6f
102 383d3d03de9b913f
103 162a85df42ae557c
104 5d00699e3a11b566
105 5b3679bff0a71b8b
106 6b6c865736990336
107 1630f8f27458db1a
108 74fdaaadbb37237b
109 fa32f953e932f402
110 f508eebea13bf1d5
111 7d257bd697829f46
112 11aa461c74f30c09
113 df91d8cba068bf9b
114 b2fd097d9bf78341
115 fee2d07f5c993849
116 e882a1babe1fa093
117 abedf93f5ddaf348
118 6a07170674756372
119 6f05cec6ddc52979
120 a7e89511abf45e23
121 fb103986481e215e
122 9850021b6da8a400
123 5dab2638f8ace74f
124 d814a29841d6bd28
125 5ab0983d8610fd3f
126 7210daed14b95827
127 5fc58674b71ba1e0
128 304969d9134d8356
129 2f5af8e2423db517
130 a156ad1bf0e513c8
131 5fad44e58a5d601f
132 e3b296c7dfac52ce
133 d6d5f812dc236995
134 4d12d0b969f1c8eb
135 f228497e28596721
136 3683bce2983a5c10
137 5e21829450b905c7
138 ef1ba2cff43f3e9c
139 ba7a9df330d6d9b2
140 8aacff9a52bc5e8b
141 716c5b09e88012e9
142 27b19980b0c46ed8
143 bde6da067255f1f6
144 88259577491b929b
145 059c13ed1d9f482f
146 7e443fde7e97b738
147 726c85ad9e045291
148 91224679ad06b1d6
149 ad83ce366dd233e4
150 a441a39bb56f4005
151 cf7c03896a5e5174
152 69829ea4710fc13e
153 16dc6e1385297262
154 7be0d1b2c37696b3
155 68df8cec9fbc439a
156 6f6684115961cd72
157 813a465d430ca40c
158 8a7d621a9bf46150
159 c6ff4b1b6262ef85
160 63cd63ee9dfc3b62
161 34f2a789ba10ad42
162 4e797fed7ad48e7f
163 13b700a2adaf0d99
164 eb840aff57917614
165 8a9c1415cb64f525
166 8e55a68af1069182
167 dd05bdfb90b94fc5
168 2fba172f489eb55b
169 219cf6436633fdfd
170 43f8092682066ca0
171 8d950bdd7f0b0c47
172 e74f8216b3f6fb4c
173 d860ae97c39ce844
174 e3e422311082b7f4
175 8feab36c83a01705
176 5ef25bf9badab757
177 1508ba39980522ae
178 aaa1495537f2a45b
179 b9a3c5b875111438
180 888f571242768124
181 295382ffe9613901
182 12d8737f55793495
183 c2ad2c4935b235af
184 fe23aebfdb81822c
185 da2bbc5c2a38b277
186 ec6f520c6e454798
187 148a8df9f5cac7b2
188 e8aea4539eb58280
189 824991cad119b8ff
190 235a65a430bd2cac
191 7ce5ddd336648fc9
192 663f8b04c59cc532
193 fa57a5a9030adcc0
194 60447f1efba13b64
195 88173aeff386d127
196 4b9d10d9d209ea13
197 97f3a8efb2f473a7
198 7743561a6b4b9eca
199 4d0a3763601d1546
200 9e2b0315eff6c53d
201 b46f2f35a8b61ca7
202 f2b0f65162578af1
203 bfc54ab7086e52e9
204 5e9334bc04866cfa
205 427f3919303586c8
206 e7d5013e32e497f2
207 07583e1976acf850
208 6e01c2e8babfe3b2
209 394af5925f15819d
210 a63677c11ec86a84
211 609fdf4b9b969b13
212 f163879a5aa47eeb
213 636b3d65955f30ed
214 c9d84eab5e661752
215 0dc4c35c03e2e49c
216 de7360e7c6ee49ed
217 bc750ff7223fa612
218 27e6417dd63a21da
219 98cbecf2325719b0
220 d240a6c49d6fb108
221 24bc586c4c4c9782
222 5a8423c539cf2897
223 d94c243e925b50be
224 06c0f7b3506f1912
225 5dd2046724edeaae
226 65b33af45b177932
227 ffe7837ffc8de3a0
228 078b93c96001aaa2
229 6203e130a6a2acad
230 c2d9bc3d19b43efc
231 934be0521e319b3b
232 7b5b61e10ef16371
233 38ebb503e60662a8
234 be4ab5ac9584ebda
235 8965a162fe6490b3
236 f18632ac3398839a
237 8a865a94a7d65a8d
238 359e81f561795636
239 75e75ff6bce11285
240 de104e07d021c2e5
241 c155b136d9e35372
242 ef31584dd9d3de10
243 4e51de277843a09b
244 bf1c358921ae4452
245 2805c41bb735f939
246 277b6b9ec51a726b
247 64f6a1804f27793f
248 87afb1bc4dc1fcba
249 e1fe5b5e9c54839e
250 d7090b507bce5ef5
251 e4800f3672106da5
252 7d2b8ee0932f8ed5
253 25ac3441d8142b78
254 144ab5c5f59e926c
255 684b69d17cdba112
256 3c6c0f3281d87fc8
257 47a18f89417eb493
258 40925c72977cb15f
259 60046a4bf1051d88
260 4b6b87a1788a95fe
261 16dffc16d1ea25db
262 72f182fa904c9e2d
263 8d2d3e97d5da20c4
264 826dc252335ee708
265 f91764735c1de09a
266 b1e0b5fb7e7ba9fb
267 d6089cfc91d89696
268 866271f40f9a7e91
269 14aa4bc5e830d5ac
270 4237e4bceebfebc1
271 1a40a26074596491
272 6a69bad90a5c7aa9
273 aab2e5e025e7cf18
274 37bbe8df2eb29af9
275 acdaaf1b0081f833
276 5463480c183cc735
277 226b80723008ecc1
278 72abccd4e8d551a1
279 f97eb515f6e83c54
280 7e4c84efd402cc77
281 1b26828bfb679f16
282 faae4e680c98153b
283 54dff2a9f83913ad
284 5be6f3218a61c9eb
285 6f87c3fa9f98081a
286 4e8478acab399344
287 fea2fe6dced19df0
288 d152f403dc1153fc
289 8239a99bbd96c6a2
290 7e3713dd271304d5
291 d6880eeea2e3a8f0
292 0002e7b7022c0a38
293 bd11319b3520288b
294 25b11b2fcbd8b2ff
295 875ca94740004e67
296 fa618769be88a8a1
297 8a07c0be9404539f
298 d55c46c8811272a1
299 dea7fbeb061e4d44
300 f75ac80c61469e39
301 6c1c28d565806a02
302 3e72d3064a8ef6b1
303 652716faa4ae9015
304 dcdc21a25daf01be
305 bca8f15537c3ef47
306 5fc5583271466115
307 3aa7fb382c204364
308 f15b15dbbb6b5477
309 c73e8f6485596fb6
310 bf0d0e17d0bb173e
311 20913035bf1a601b
312 7fffe9d5a21f5e16
313 bf7fe46b87520db3
314 e8999007a29b5c22
315 3ff2c1adf1860e40
316 bdba2eeaf31f5a59
317 cee8bf29e6e79562
318 d40ee98b7d586064
319 a57c922a98b7e3aa
320 1edeacd0388f50cf
321 47814b71732225cd
322 b5ca7636e3e45a95
323 0a3b49880e9a4977
324 2b21fa8fb76ee80e
325 a7cc6da744d45c96
326 977ef540b1c2f009
327 278393bac08cd2ed
328 4a4ea8485347e40e
329 27e2fd28cbd98c33
330 c28ecef253645d58
331 f9dc588a3f615801
332 21d404afcc079f5f
333 d1fad820a11816d0
334 c64b55622473b706
335 3c4f4353338b1310
336 2a85960e38639c4a
337 115e54a402b20169
338 4c51be4828307aae
339 62a468bde941ce8e
340 0466050def39305f
341 50d70fa3405a921f
342 d157dea63c15b6ff
343 0e0c0ef635e57c0f
344 e6d39b919e04041a
345 64f67dcc8075e620
346 b051765f9571ce43
347 5d05e3fb521c7e59
348 0b4e3dc077f67675
349 84a72f623db7431c
350 c6a9b2cd9464fa5d
351 ae74035a2371db5f
352 0af490d3f772929e
353 38a683a5708d698a
354 2802c34fa06986b0
355 a0f13a89d995b279
356 ddd876b8b709da9f
357 1a62e4eb6db55dbd
358 0cf6a0382dd50388
359 9e13d21443d40fb5
360 5323fc2eed546607
361 9c93ac1ef44b6de1
362 805007f692004172
363 0279876316e8c42a
364 65b7c0ef6ae532cd
365 c9827a6c1b146db1
366 31558fe5e9841beb
367 57e6abb5c683c5da
368 4570b691acc388b6
369 d081d6ba2383be10
370 0680b6423f749baa
371 29738e3b159f2a3f
372 6a01466a1477f5ab
373 b2ecda1ea0b9a867
374 c8ed8c02c8e12f5a
375 a2d91b6ce0fefca8
376 da515dfd0d18f903
377 5bbfa889633ef5d3
378 0390ab244febe213
379 cda656b5e2c3c18d
380 68223245732d86b5
381 cfa0886427a74cca
382 61c05b3ef23a16b3
383 7f1a908d39f77157
384 941778a6ddc41425
385 cb538ecf92c69d0f
386 c045829a068589c0
387 fea14c0a7ca3c96a
388 eb16c2d5484bc7c4
389 f6de9ae4eff419c1
390 bbe9bd17e313d8d4
391 87871e916ecb1791
392 c6a9ccd13062cbff
393 6c54bb0f3bcff5e3
394 3aeec72fad8c0403
395 32caf26d423c73a5
396 8cf7b8940ccdf628
397 1ad90ef0c45045bb
398 c76ae82b7f38f7a8
399 c14aeee2e93d764e
400 84d78db50184ff06
401 c1cf6a514c655634
402 9352cef15d8c5737
403 d3c10d61698fc76f
404 bc8e6a5e0352d935
405 268edfcd4cbb5ba7
406 a223de5505128e9d
407 5d625eb1351471e8
408 e44016a7fff8741f
409 1463f775aef13de3
410 966543534c2e1ab6
411 b5cb1166e0448527
412 01885cb84c21294b
413 a77547cb6fa72406
414 8e7e6a66317b6a9c
415 20fb621e6b9221b6
416 38ce350818434609
417 2b7824a179d01a08
418 69d7196958d77156
419 57b3c75bc0a8a7d4
420 1e73761167dde149
421 fd66cef290f46ef6
422 57dce8504bd6b8f6
423 16afa6f509d48b39
424 4938d74857a8e229
425 3640dd9eabb2631b
426 979469dbade56619
427 dda0331acfa2beb8
428 55712fa5d93cff93
429 6dbc7abac4d52006
430 46d58866f6213653
431 c12ff4ea5de617d4
432 c2282c461a808fb1
433 b11489ce391aaa0c
434 6b8a1943b933a763
435 eb006890b5c58034
436 861966fd17bec9f2
437 74967df6902c4371
438 5d5a4a01dbb2f0c0
439 b1b436909f7b9112
440 3d625155acc4ee41
441 639691280602e467
442 d220739d9f76d8cc
443 1d9c309967efaabc
444 b2d0aa7c18d47f1f
445 2672bb4ccca1b75d
446 410668959c2ee154
447 afd9bbaff4b796bd
448 44ec22cdec049278
449 a9f5aafe404cdc46
450 b557efbfd825f0dd
451 f48f578321911976
452 af4182293d340293
453 8b6dd5913a5010e6
454 07a9d043b8f164ff
455 7b4b213163df7a3f
456 7cfaa4d758a33791
457 03db5259612b9463
458 b440fb4190e849f1
459 ea62064dace33ab5
460 1efa2934cb54758f
461 36f81179d5015394
462 b558e3390df60267
463 dbbc948b8941fc83
464 546ae42e11b231b0
465 f70b86cbca32f5cd
466 c1eff78043a472b2
467 1d397280b8a9aa00
468 8d47a668ff830297
469 f160991f93f3a776
470 f2ae46c1562c98fa
471 ccc3ac7fc03f4745
472 0e247612ec48b079
473 dc3d5492b343a139
474 25f09d046a2d9307
475 0ea597d0917a9565
476 3e16ba24396db728
477 5a075ee225015961
478 6ca7adb0e950c22d
479 487b7055dedc2ebd
480 90224de2dce8f49b
481 5ce7a5e3658710cb
482 d595ce345fe65bf0
483 7de8fed8ad6e1ab1
484 e27250fb3bc52e5a
485 8b9288f5ea1291e9
486 5224c8696dd5aef8
487 e3750209f33520b9
488 37c9109b5d5a45dc
489 269e5d728a898cde
490 fa33248e83b40a1b
491 50c398d11cc6287f
492 abe6be555a6e63a9
493 f167db205d3a79b9
494 40fd2bbf41ebeec7
495 63005b85a8e997d3
496 88a9d6751a50f8bd
497 040d96f521fe4218
498 ee6987bebb3ff82c
499 e70bfdee2417966f
500 594ce305a4ca5993
501 4f304ad8c8e8341d
502 3cd22703da5d3e34
503 503696c2b04fa2af
504 a93d2fa39686692d
505 ea714e11cc2e075c
506 ac0c90d97deeb778
507 3420d8768cde1d9b
508 78c695146e2e74e2
509 7e1c5598266aa0ef
510 3ce78d5d78640144
511 3c2f7d0a5d59f175
512 479fae02061b767e
513 c01d212f90f1f87b
514 550b07132d9a9206
515 76a6d0b9b167042a
516 9ad2e19f7a62da3c
517 4d8e028b98b4a365
518 e7e171b891c437a1
519 ee9185e36c1a25bc
520 48d10d862273568f
521 3c0b55f5118f6b8b
522 f4196c581fb2bff8
523 e4a7b1b4e935b5f9
524 0ed694a56f978f5e
525 299b8698c77cd0ac
526 100c4d011439b1db
527 7f80fd7094c173fb
528 e21e9896fcdc6c49
529 6c0879bebd5c95b2
530 8c6b3bbe66d52ec8
531 8fb3f6a8af5803d8
532 8e19223d48c9c38c
533 eee9f7957798e632
534 48a6623bc68f2521
535 54ab9a8bc6d1c17e
536 a0c1600dfa431005
537 45b9d258711ae7bd
538 3f44a1d0cedf96a7
539 052dd49072ad8e2b
540 58dfcb92681e0bf8
541 7cd08ca8dc954b0b
542 842bef9ddc6ec180
543 bd4c67942120acba
544 a0ee8b058b8d92ae
545 7db47d57f3add906
546 5adeea7a4084b493
547 d2a2d9c72d1faaf5
548 27a97b68ec934cf7
549 457c8bdeee93f7eb
550 a89a6f2d65ea42bd
551 76c74b7a2dea75a1
552 f2ab425fba48c29c
553 3233a11a7bdf56a8
554 0d858503f09c51ac
555 e10413e5285388cf
556 38c331c32dea7ef0
557 26e3cf7f9bcad603
558 6d49d279c91fdb11
559 ce66002f3266d16c
560 18ecad1e5e33140a
561 05fcbe09f61193bb
562 37db250757c93aa1
563 2361bdd8e2664fa9
564 d7e4b069b7788542
565 4a2e3acab31e9224
566 0389a05ccf4f5313
567 95986a818d55c148
568 f72e595079776c76
569 d224a3a699197984
570 212c0b7df1088c91
571 7b8f74d88777cd2a
572 3994f229bb45c1f6
573 7df6e3c44c2783b7
574 4c991354c8f292bf
575 6918836eeffaa78e
576 2ef6cdffd69acb9c
577 1e647fe772496cc1
578 2643fb5004b47138
579 ce9eaf13e0a3961b
580 0f4b2ff3ad570e82
581 e8d378c868975a69
582 2bf223ba698a068d
583 f3af43f49537e90a
584 a873d39bea653cfc
585 8ca3fd3708f97347
586 32e31337d73c8430
587 0957a9f70c179334
588 a4a1aaff07c34195
589 85f9ab6b6f93f2b8
590 3d0fe39901a2415e
591 04f48dcb2a837de9
592 6b4792f3310d89b4
593 5339ad2da5f66233
594 b904e99bd3706ba3
595 2647046c7f41835f
596 4ff3c7ef52da08c1
597 b11cf85a2e75a2b8
598 c1257fd9dba74150
599 3d460bbe5c9ca593
600 dda62c12b4c26146
601 4557404d7039b85b
602 6138dfc31aeb7d55
603 7c604f4890474dfd
604 abee27a8df3db381
605 13ed74d521609b30
606 d1dd15cd54415ad7
607 4e8f06ff26fc3d0d
608 6eb65b5a5aed624d
609 be4ab62b0ab94641
610 d01405f738319413
611 6924309093160a09
612 b4c43b3ac10cd59e
613 c908166ac891bf5f
614 6ea204137772e4ca
615 d02f6ddca093883a
616 98e4d52e7b20c8fd
617 1b33432dca7ff714
618 d52c397198bae7b9
619 1bc463011793aca6
620 65a3200cdba496f3
621 b2418d990a4357f7
622 40a2c8ac956e77ed
623 2499d2e7d3728575
624 708491553d4ce267
625 b092ad1ab3a2304e
626 66112b8ee56002ac
627 86ca5ef1c54461dc
628 a71bbf5defa84ca2
629 d0e15da12d3513e3
630 6662bbba10b13567
631 0cbff598bf91a2e9
632 5ebd29748cfb0652
633 3135f6324226284c
634 3ac91f380e67507f
635 aa66ee0d81239d6a
636 fdfdad5c6969a6a3
637 be2dfec8807200e4
638 f16fa4900bde7057
639 10de79edf538179b
640 f8b9333de48c1561
641 5b32b790cbf77dc8
642 b936575cfaca7d4a
643 e9be4ec654a90d91
644 1013f335d63055e2
645 31fe2ff70fe2caf0
646 f7f85df3793cbe69
647 eacf76aa0d9abcee
648 eedccd66a3a7158e
649 6be004fb19a7fa5f
650 b0430bf4d5dca6a1
651 b6f24e1f06da25d5
652 9df2bc078a837936
653 a4ca22fb0f3beed3
654 18d85486f7b71248
655 f98fbc5e821de883
656 19e677302da168c7
657 c3b787cd951ad21e
658 b94da84a4f6a13cd
659 55667995f13b2208
660 0232057bdc6b7299
661 c31aa892dc0fb1b3
662 11604ffc0fef3926
663 c5e705230218777e
664 cc3b825125146d1a
665 09543b94aebf371c
666 93c872d5e767fdaf
667 bacbdbc3317e6eef
668 f219550043fd0931
669 0a531184ded1588b
670 29be50ac945a9896
671 99ddffa4a3a0f110
672 b9e9b9e4c3169a4a
673 7f0c4b749b83a1b8
674 133d62353527151e
675 c93cfacc69c2045b
676 62079f7d795dc48d
677 519a652a18552f40
678 f7f0d273e7a13ce3
679 1136d0826d5b258d
680 10d72885bb2933d5
681 3b51386ea68c781f
682 51f45bfeed7a59aa
683 9364f5e03e9a642b
684 a1634d534e3c793a
685 4da728ca36b9b51b
686 76310c46e12dfb5b
687 175cc43c891e3f5d
688 164b4aa41d1d94f9
689 51b4dcc4b1bfec83
690 420642c9ab77ab21
691 5e854714c1510e98
692 6ab0851f187f1c22
693 f683e257cda4e542
694 a59cb379e3bd194b
695 1a4922cf7400dd70
696 1e3d9e2d6191684e
697 707479c18d558fec
698 8a10979144ea9da9
699 3bfb6ceebaefeb19
700 9395a893a2d77790
701 b6a06e7cbbbc58ea
702 9f38a32c5168add6
703 ed360af21189f9d8
704 f624b33fb1834bf9
705 0eaa873de3892bb8
706 f09f64fcde26de0d
707 974d1893c77db96b
708 80f7ecaf177bf103
709 538143c5910ecc06
710 9289a12a9d03e7f5
711 4fdabf8b76e4fa93
712 2b009effca07558e
713 665f2694256c78ca
714 d38146f0bc38f892
715 6b6580ef82052efe
716 356b8216eb5858b0
717 d9867ba67b36f952
718 b3f862bf057ce350
719 8b583b4915943ed8
720 089e2a2f639ad141
721 5b329585a63e9b68
722 0b81556848fb7054
723 06b67e968c87f107
724 2a864f0208936d46
725 8ce29627d44f77c5
726 fd924e8508486e8c
727 5f9c4ea59541ef14
728 7d065c64587de709
729 75944fe6b3e3c981
730 fb697b49acdc9fe9
731 25c0f78e150d7cd1
732 ab45f258c521e1de
733 e2204283f8eb8fd2
734 4a77672f377b5b91
735 e50d5d8f56ae797a
736 cb658b9fe7e3345c
737 c3bc50b3d0a4fce3
738 3c808c15e85a54ea
739 b5755275bf7b4f57
740 6fb3b8a7463c9bfc
741 68d0e14851e2edf3
742 7cf50d23a48354f1
743 62109e04f34b4443
744 d9083ce78e2b562e
745 1c0740686f0522a8
746 3648f675da31eaaa
747 d9290992ad526e3e
748 7f3c50e71240939c
749 72f5df9d38956127
750 a99507df4e1fcd03
751 a90d2c3194120996
752 7fbebeb88a3f0e97
753 962615e931ba39b6
754 21be7b4170c5d654
755 2c18544557821543
756 cdb0fb2f9e02087d
757 c1a86a3cc82be754
758 240190a94aa6241b
759 7051d0b439061adf
760 2556f326fb7e0cda
761 ceff174b10ebfc57
762 9ad49f2566af59a6
763 e65b0f34a284b729
764 6cfd5e373e754eaf
765 ddf839f4116712f3
766 52ea16c32b657c68
767 2fa85adae63b633c
768 30973be75864c4f5
769 e794e44464c318ad
770 c964bb5bd9f6cff9
771 340b18cbeb63c488
772 a1fc153c899287e8
773 07e5ca314ec82338
774 8c17af3ea6b97682
775 a330299760b9f0d1
776 2fff92d638ba1aa8
777 7e1239bd578234f0
778 0b1f86a07e14d2d7
779 2b7d682f58d84656
780 4afcebf3132be871
781 8823498cf001eda9
782 920cb4e8cc16c489
783 664142c3450df9d2
784 9e6eb1acea80fe18
785 1f2659bb97a47ad8
786 cc67ac1910a84a30
787 ab7a47f92a5a1595
788 5c49a1eabee372be
789 6b14d6157115349d
790 860c555215343bb2
791 6d294968c074f0a7
792 514a62964b1ee3a8
793 0c46c21a7cad9bfb
794 ed4da7cb8c62e01c
795 df8dfb1407efd78a
796 be1fdd6db842c76c
797 433f8c92a6ea4585
798 c2f4a19bc1d41db8
799 ea28f251a6387cce
800 e8aefd70ebe63b1b
801 e6e2ec879eb6c3d4
802 f504c1c12ef8e917
803 9cd740eec5c1d618
804 5f1d5aaaa04295dd
805 bab672bed655f583
806 d862b33f2eb2b50e
807 d1bb2a1f7722123a
808 7b18cf73056e9ee3
809 9cdf37ab59ecb681
810 aed6d52876566055
811 2de4d7d83402ceb3
812 d0399087d1ad2f5c
813 c631dfa63dbbc23a
814 b68a1201fbe5772e
815 d9b2f7d2c1863f24
816 d5c5207759092c33
817 f7d3c491b85b4cce
818 6c6347d69ba025af
819 04028b4261326350
820 c467ba6fab47b769
821 3c32bafd77a5942f
822 747ebfd3cce32553
823 294dcf3c2ccc6fc3
824 a74f2da0055cb845
825 397ecfbd9edd8288
826 cff6d1aaa3582269
827 6d8992ca8f7b3a34
828 ba6d2677d59b7c45
829 857235bb34a0b167
830 c56648b137ca8dd4
831 6aacb62a0029753d
832 1a7b6e47bece4c6b
833 897ef6e055643ce0
834 c45c15615e86b681
835 94776c3ce9d62f05
836 7f8f196448c39a8c
837 98df2b894e95da6b
838 bbbdae2e372db416
839 9c37f7fc0bc74ba0
840 0ace132644546a91
841 cd86026651c33e05
842 059a7ebaa0fd9238
843 921e10df9a32ca06
844 3d3ded2594c45623
845 9b27db48e16b3ead
846 b2d9c6b3024b569e
847 a670b7634788b054
848 41ebaee168fb1046
849 3214648a26d577f7
850 2d6443f3d72acbd0
851 dfec379bd5d8b960
852 8262cf4341f69246
853 a4bd4744a1a9b5f9
854 649759dc877e363b
855 0c6e80d7ee1052eb
856 3a533ca3aad8994c
857 eda0aadca3499346
858 f8db025a7fe4c333
859 3e1d77374aae4eef
860 e47db6ac3182b27f
861 08078f8652b47a7f
862 2dc8fe2e80740bd6
863 ffae2b22296733b2
864 3f4afd06bbc5e739
865 fecc7e70639701e2
866 2a1f9f3521401743
867 45ce84f846043253
868 a64610612f56b741
869 07ff9da364d0a4e5
870 29b3780bf819fed5
871 dc6f803782a91bf0
872 accc39957c144c91
873 b3e55a33b4d38800
874 5b84f63313373bc0
875 07cb4bc875cd62a9
876 5e3a0e39b30da510
877 5280a28bc44c8ad0
878 a8b37c7c7e7b3e97
879 716dd7e91e7aca9e
880 9eb8098f01813d6b
881 9a9cbf6a0d0c28b6
882 fd71b0d8a7fcfc27
883 ac005910dbac3249
884 30b44314945bdfa5
885 8068c8cb74189d75
886 e93ec95d4b6b9abe
887 ee0a581750c8abd7
888 5bd6766672afd6d7
889 cbc969147483b3eb
890 dd7f549f269f458f
891 4df225fcd34a4e4c
892 dbad882fe2b9fdff
893 3d9bd2f088368a33
894 585b8641af592726
895 c165fc14bed06be0
896 9a1533bb2027de5e
897 23de82a7127e04a3
898 1e47ef32d001c4c9
899 3724ba1bbc67050d
900 56451713ae00c829
901 eb7799ec62714e20
902 c0595d07df5cb0af
903 59532ca10f799683
904 6eda9c63dea9f642
905 39c8bae20c9e9fb4
906 a7b15e6f1e00821f
907 8428febcc9374ce0
908 45dac19cffdbf997
909 181ce6980025fe14
910 a34538f600e0b2fa
911 86941c5c120b477e
912 bfaa6ed4a8abda36
913 91125e0157d31926
914 40450fefe9a23536
915 c605a1f67da3179c
916 cd408b18d0f017df
917 bb41b10cc67ab472
918 450c540111e9a786
919 2fe51df0a50ccbd0
920 af2cb055cff224a3
921 f768f6355a9e8031
922 50980ffff29681fc
923 d0ae370a002b5f2b
924 b31b2eea2d34735e
925 455ce4c19f570558
926 d22a3593fb7d5346
927 9fefb50c207b5b0c
928 37e9224beec0b30a
929 206f50e982664d3d
930 b1d7e994a0e8b2b6
931 cb4bd52709e4e690
932 7836ba5de94312bd
933 f6f1574841f03947
934 c5ec4c44dfb79e99
935 85b88bcc43474c18
936 88418608e7576a93
937 e8549b7c48476b3e
938 1eb68472bd185bae
939 52bd79ae4fdf371f
940 11730215caf31802
941 d968f3af7cc69d24
942 372ce186a1defea9
943 0e143433ce7198c7
944 66b30e43c51e48eb
945 9e1c13b2fda842e2
946 86904edacad876e4
947 60a4f25cb876c3d1
948 3b1ef991668bf680
949 20049d86f1dc201a
950 b7757cc181c37d13
951 5b88520984b192da
952 e80182902e531358
953 c6a4e3e92a2378ea
954 3ce245f190a0a07c
955 7ab865498fed0c27
956 3b8c196550a46991
957 fb46c3c3ab5a63c2
958 ddd948f3af6c7c0d
959 b73c9ee90bc951aa
960 645440fa6fca3e9a
961 58633a42b705e65e
962 428baa00c14ddb47
963 4ad238ef5f0140c7
964 de85573a42d9a4ed
965 e50550cbd3127505
966 fbbdbb88075749f1
967 602c7165f3faf3c6
968 69a760ecd177a3ea
969 8cf2dae832b117ea
970 e649f7ea09aa22c8
971 be04d0c4d34dec5a
972 69e811b62b45e3fd
973 d8faaa05ca9dbc5a
974 8325dc5f8effa033
975 ee65da6d6cf315d7
976 31a84e92b4c2eb17
977 e5ec2f6995876225
978 a5d29dac1579e629
979 ef525d6cb7031de8
980 277507de9ba4a8b1
981 22e50b25c254daa3
982 a3796a5bd8a0236e
983 2b5ab03e825cc8f7
984 36cbb8f678503f98
985 7bc33a1ad83abbd6
986 7cabbf8ece184110
987 c53d6c5761456075
988 50f3e936f8684905
989 5fb24007c6eae79e
990 c93828f0b0189f28
991 43723783ba855ed2
992 a20c6bb6554e1dc2
993 ca0a6e39311a7824
994 6a58ea5df21bb707
995 e4e8baac2574c126
996 5f0910fa7087803c
997 93b72325a11a8302
998 568ca371f4bbe71f
999 c78c140ad775106f
1000 8f1fa9c21df91981
1001 39a83983fd158640
1002 4274266b95717c1e
1003 fdca7c1c1298f02a
1004 970d37a66ff52778
1005 555ad4a6387aed34
1006 68c35a0e092dc5ed
1007 5aba5018ce1b9e7c
1008 575538d0ce332c8d
1009 b73df573e0955f31
1010 62e9ace6802dedd5
1011 6be0b35942877324
1012 b9a85f0ff360d382
1013 9175a11e1e26cf4c
1014 ab10263c6adf0059
1015 e275bed083502e37
1016 e63758c6bed7d79a
1017 5e057d8b7928424a
1018 7c6950e58fb9b589
1019 1262096a1712c9c4
1020 d43d7751b0ff9cfe
1021 6f5c27235f99b677
1022 05f885e4aa2b16ca
1023 dbcc952d0ff3215b
1024 bdda30f09458af6b
1025 442cdded07af0ee9
1026 c7d236bc3a98cc3d
1027 d6e57f111c71fc08
1028 1374da1055fe66f7
1029 49e1e2a4f4a04000
1030 82b981374a4663e6
1031 f4f8b12b5a024204
1032 c0ecc606979bec79
1033 c508ffaf78bb4520
1034 9ca7dab94ed6531d
1035 70d364ab7b156a30
1036 87adb69a7f673964
1037 e54a139835f91531
1038 cd5fc54a876248c1
1039 7700b3286bfc4f2c
1040 e4a6c04037117ed2
1041 49b0bcd1f8a43e25
1042 7f796c179932a53e
1043 c2382ec92ce9ebcb
1044 ec36428410a1a5ce
1045 52459750c06f42b6
1046 fd6dc6d379a0be48
1047 a48682e5538da96b
1048 eeee6e47bd73ebe8
1049 5972a139abebcb8c
1050 2fc2cb9735996284
1051 f8020551add5d88a
1052 1f28edde38c1ab1a
1053 01b755b4b092adb2
1054 2b30f6604d39f614
1055 5aadd72eba4410c4
1056 f85cdb26233e6a8b
1057 95aa151e0dceee55
1058 a5925a1d8929ca49
1059 e615cdf5290719dd
1060 c17c4d1a2a47422a
1061 1e2b14c1f5271f97
1062 5c67b0f2f6df588d
1063 58d1e73535c17fc8
1064 2e738baca3b658db
1065 bebd453f851e0589
1066 2e1b5cfe875087fb
1067 4cc537c75212de7d
1068 442d1bdad85dad0b
1069 7cc3ffad15055551
1070 e2e8dc2fdc1dfb50
1071 348a656740a5f7c6
1072 b84d57126558a575
1073 a296b34e2a6edd2a
1074 2abda12a4512e4a3
1075 26a3b82096686222
1076 432eb86b01f8e9cb
1077 097faee09cb7a734
1078 463606270cebfb10
1079 d1c482ee16c407cd
1080 e3a34496303d7857
1081 901ed531a89a54db
1082 a1c12fc8e84b679c
1083 3c42fe5d7ef2cdf1
1084 12de9cd942142839
1085 49ea76d4c4ddebe2
1086 aa084596a193f28c
1087 5cf84173f6b1d562
1088 5ac8e603b531998e
1089 46409d327bfbf2a8
1090 efff54ef85866037
1091 0b77fa6cda403866
1092 b872daf705833c4a
1093 8e70916651082142
1094 22a0d60721a221b3
1095 d08b0c6da2d9294f
1096 3370092e5d28ec31
1097 f5455177f7d46115
1098 82d8c564779b1121
1099 ca9f1348914f34d8
1100 11ea14f490263983
1101 ef285e83f2878c39
1102 1eb30c7044df9d07
1103 1ef302d8b0a4e004
1104 397d8f23f556de9a
1105 2157c32505958762
1106 3ccd50e312264f04
1107 2f804b0a490c5e44
1108 a13409d2186ec516
1109 18f6c83e6b173092
1110 6b970ad267af48e6
1111 de923a6c9ca73f72
1112 9b09f570435a2f98
1113 7ff0bb1ef3cdd262
1114 98cd657621bf36c0
1115 2c75f719d15141af
1116 d761a62e01ef1110
1117 efa829a53d2c6b28
1118 dd43126b88e6a7ac
1119 bf315fe0fc116ca1
1120 f6cf8964a5933a11
END 1120
