1 347863b4c65c364a
2 266176e22e7864d8
3 f6187768237876dc
4 331b2191a5ad205d
5 635fd0efe7743817
6 a8ccc3b3f02b1a9b
7 ca93f3cda8b8ef0e
8 7902fec11685932f
9 3131af3fafdc84e6
10 09bc8a7a134c1dfc
11 ff76f3f0ce0165d8
12 e5edbbd3757d2e4f
13 d96d67f84a1b86ab
14 19d0f52e6a089f4d
15 a581b8e72748b443
16 af77cc40c30156ff
17 5ac375d671ea71b3
18 5c99e0ece4e2881f
19 1f4fa132616fdb4f
20 88d0af619e3d7559
21 00f8d804bae9cb9e
22 678dbf890cd85b45
23 b753788066a5b5e0
24 787e98b7e1ed750b
25 dcc859a4018d8c9b
26 38cbef21eb0a03de
27 b3d417e44271eaaa
28 3d47664d281c0c41
29 fd314f033078e2f9
30 c08808266f2225cb
31 c938b3d220ce3705
32 9087987eac3ed60c
33 a8a3f7dd95fe3e24
34 93a09e21f4ae4483
35 1f3dd55b4c5b5ec7
36 17f9bb6287c25b6f
37 778b45e70dcebc88
38 a75615b6f31c810b
39 9431bccdd33f25db
40 1dc8f5d556415565
41 41a28f5808ad855c
42 f0b0ac8232ad1a87
43 8c58131855046fec
44 a6318f91de216349
45 f3ce39133aee85dd
46 2af0946ebc46c99b
47 e127fda79631bd76
48 a8599490412d0512
49 a179584262c897d5
50 8eddde8e296e672b
51 208308e1445c02d2
52 79658ec706703869
53 b6b960bda5edebbf
54 ab4c96b0218829c8
55 64f2838bd9900b7d
56 6c1bdc73716b7993
57 2280c4b2efa606b7
58 8f62337414fc58ce
59 2fffae4435548b6c
60 67444dfab1a0d415
61 0fc7ad0406c5490e
62 cbe0194e7f0c33d3
63 7fce07035e22e4f3
64 928b5b248cc8708d
65 403611fb865d32b4
66 7baabfc7f6a3f27e
67 bc89d9c9b3cde009
68 961705950edf6a7f
69 7d6c79ae9d9be939
70 6773bc70d4666121
71 db19b77687fbaedb
72 9d846b3c342ab632
73 c700d8990e74c3a6
74 866e6132ee1e9add
75 17033f16952f6647
76 90c9c3c5c4986161
77 612b71e07ff5f82c
78 01039e2cdbec2046
79 e77e8d1b96072042
80 8b89153add1ea009
81 58c105a87c72a06f
82 fb061f20c930eb3f
83 033eaa2058cea94c
84 93c4fe19beab8d18
85 10558f065da545fa
86 b385f34c39fe5fe7
87 69b72e89ddadbda4
88 7f9aa45d3619c11f
89 4b0f887d08208d52
90 e042a291c40b2d4f
91 83c1a5148922f74f
92 d4cb70758c85e529
93 a4ea99c67c17a82f
94 7798b9bc1e896300
95 3cf7784ee4bafcd1
96 c47a602f36f1976a
97 c2536b7f0f5b3385
98 165ebb38ac364267
99 f0185703bae8f07d
100 c8802cafef5adcd6
101 af5e6e117fdaaa98
102 9709295a431439d2
103 b46d70f5b8629f25
104 1e7156473ec0e59a
105 4bd6f537429c90f8
106 de58f8bd35e67db8
107 6614bcf204eac1ba
108 ed69f7042b2f4a27
109 6a3f6552c346648a
110 efb682af3c277711
111 85d4e36dfc8d3e7b
112 0cbf294c443691a4
113 e18a640b452e0d0a
114 76c075b85fe5d89a
115 a666512ffdb8aec0
116 1397d5e803e5bd76
117 1f27545b42a6615f
118 bee241bfc6ec0f7b
119 fb81fa2fd5acde06
120 f18c075a6f2663c8
121 54add1e2509954c0
122 b5df5cd677b54ac6
123 3380491d1ab2c0b7
124 f0b7e02a56b20f0f
125 c1ff11a11f91f20d
126 ce1b2c5ab68d0310
127 cd997ec5f448b894
128 b9371aa93942066e
129 b97bf22cecc5cc6a
130 da54e5a53e58c2e3
131 aa8a9944773a9578
132 be4595838b73838d
133 6272c767c3bca663
134 693ffa0893e9370c
135 7fa63948710927e9
136 175de533385b9d14
137 a7eb5ab951fdca44
138 c882a69a6f2545ba
139 e7337156cb8d8e13
140 14ef156e0389f243
141 b96a7b4c3e03e5c0
142 ea2eaf373c9ad84b
143 6029ec0b51d9a931
144 1439667dd582c05a
145 4e87d5a5e8eec5ef
146 5388040e0ede831a
147 1310b8f89c5e366e
148 41907721f8ab3120
149 4c964953a31f1f15
150 524085350418f779
151 e8536c7425a85d6d
152 d5a393b438354d62
153 c8ddd57d61820ca4
154 41c48f5e3a9fddd6
155 f6cccd239f9c4c71
156 ee312c42c7125611
157 12e4a4af18807dfc
158 07f3404490349ec8
159 defe2a16915d1b8d
160 9b1744921a52b4f7
161 425718c37d5ce6c5
162 c2387ce19935d285
163 a498aa61655ba2b8
164 50be9984daf5e7bb
165 895e71ae581dfb47
166 414a03499e9f607d
167 fb2cc06de1ca1fe3
168 428dec46d3dbaba1
169 dabde3b887978886
170 11789680aa3adb3a
171 169c7ccdd28253ac
172 5ca685f997a96ae1
173 2d10c958385c84e4
174 293f90135b860f17
175 3090c9730366d165
176 1596eeb899b3b078
177 515de5f0e26969b9
178 f096741669a60683
179 8db606b9cfd79c86
180 67638fafb8477f9e
181 0db07b34f73b1705
182 050fbe39c9256833
183 6b3983e51d33ab9d
184 bcb3421263aeb37d
185 2c6842ba67b14276
186 613c89e5435eac80
187 1f5d9b18ea7375c4
188 7167a8c564af926c
189 1c94c3af6e3b8e04
190 b48e2e11f59152e6
191 07eba4ea1f76cdc9
192 9e8b8a1b0b7256c1
193 09d2b7ee0a3995ad
194 d3113f1ac3bfc02b
195 472fa57007017c6f
196 45704c5330a96f48
197 8e21aff2fa5e8ea3
198 b6d1047bff2c0c7a
199 d05149b634a107d6
200 2ca65a3ac42737d3
201 99bec6ceb4c0db3b
202 1823ebe00a1b5ea6
203 4f9c105c2022ce08
204 9d426d5bb1fb01e4
205 12c77fd4abc1bd4e
206 c47d48033639ef14
207 463afe6060ebe1b5
208 42ac4f4618a511b0
209 868d65d9960d1891
210 499da4349fb118ad
211 6c033f80835585bf
212 1e07e4f1d19d4587
213 d5a07bd4fbbd0635
214 fa3ea34a7ba5fd28
215 eb5311282d58ddd4
216 42d581cdbe2ef873
217 bc4f42d1f0a562b3
218 0cf63afc09b12d87
219 441abc8cb4e586f9
220 442d90e9057ccd4a
221 b6092d712f3aaad1
222 3ad88c951d94d687
223 3c314cd235d9279a
224 d7a71e9f2523afc7
225 d21a143c1669d7ab
226 c9a32e0973300d9b
227 4ceeaa2707a60fc4
228 8a073934d9308782
229 9c956889f7c4562b
230 1555902ec7e0a71b
231 68534bc13bf6e04b
232 cff48daaad897330
233 c51c8cd94832edc5
234 ecd2e44cb2d2a349
235 1afb972e08ef23a7
236 51fec6bacbbcab1a
237 345eababb682e43c
238 3e180760120ad8f6
239 886a2c60e550dac8
240 1961b13723342456
END 240
