1 6676c01e29ed71f2
2 178bf3717d4ca2dd
3 90a907cfcf0bbbb6
4 00f82439318f25e2
5 92eb05ceb9ffd2ed
6 756fb8b491e13787
7 2b2cbf7f8558f51b
8 8e60179af9af5851
9 59c32563f561cf59
10 6a1d9ce3e866943c
11 3323b75c7ae20aed
12 6f63de76a49e67f7
13 a1f82c2e238aff6a
14 5d4e96100824396c
15 d09c6cc173f38b26
16 d78bf4c3c0a516d8
17 da5b9c11dd2fc978
18 ad4341fce28423d6
19 e5a267570c56a2eb
20 9816b20dd5f0c293
21 7e83da565bd01834
22 acfa4dc9eaa4f861
23 3e98f041c50f266a
24 5f0081e243c0ca6c
25 6ee8dd5090564812
26 429d133afb178ff3
27 74c5f7b756b221d9
28 ed94e4dc6f5f0709
29 4982f82335250550
30 ebe18aa5d51f5d76
31 5847bd3599b84091
32 e2ed8b36bd45e60e
33 d3e25636a64cfe41
34 fc391277453bdedf
35 2eccd53c301334fa
36 2e357e903238c05f
37 cc990155a169920a
38 5b180ca04b17dba5
39 90a67cfe45b85664
40 f27db00e007fb33f
41 fcd76b075726311c
42 ab4d392a00e131f0
43 96f2daf79eefc339
44 5cdf2809b4fb82ed
45 091466bc21e6cfd6
46 0b39bf2b97f5c136
47 d533b81da1c19396
48 9498e6c93e52b9f5
49 969e2cddc05fa25b
50 71c5805300dd8a53
51 a9455ee34a636534
52 150f5699846d90ce
53 23b8305a3e401cdc
54 ea40e3fba3b6d029
55 9f348b100ca905a0
56 b61cb55b50f8a8fe
57 e8179b06e09f7726
58 5db9e2e7bbce0182
59 512152819513de33
60 35d154762236d187
61 d8cba25557533f3f
62 88c42bdc55676292
63 6b8dd1be212da2d2
64 28d3a7707092cf85
65 4625042ba5c09d28
66 cd2ed31b096fea2c
67 eedb8e1b55819c78
68 dd4d77b8ce436a22
69 f967e9cbd7ac2079
70 74d35c275e411738
71 1f944d5a78906e5b
72 68943d156a24e204
73 17488d049cf77773
74 52a058c87e04057b
75 eb025dfd7d071645
76 e3202ba51c10df76
77 ad2463e3b620f21d
78 7fdba46355c36703
79 26787a34b9ed4906
80 e9f38891a181de1a
81 d83e57dfa7ab0b2f
82 78d5a7253713a852
83 7485a8117862dec9
84 8d4f17ac840360e4
85 7d818d5c8eea0efd
86 032bd2f6cfef222b
87 2615d6a401cf0ed3
88 cfbff4099c73604f
89 5c69dfad3c4e2e49
90 46832896a6728dac
91 6f78a9b95c4c5742
92 f4a490a0df87fb0f
93 8db668f3fd3b974c
94 7debdbf06d34e9a4
95 43ed706f1bd19871
96 6ec29ddcc8f9cb62
97 662aa5e0211bc696
98 71f26be6db777bf0
99 cca70381a5877472
100 de3db58800fc8b73
101 1b86d4b7a2a9f269
102 461d1cb86063fb28
103 f28d37226d011efb
104 d36292ab47a8d98e
105 0b297502ae97b166
106 be0bf12b868ea0ee
107 8bff92987cdb1927
108 3a80b0baf7c76de8
109 37c83b71405311fa
110 40e1aaa964208ceb
111 b928ce788a019f90
112 52c1cd04e223147e
113 2da2ff647b88e2fd
114 20089fc8eb506d31
115 241f3ec46a5ad3e4
116 699d2e6530021af3
117 15e8dac1874347e0
118 8874fb75d3ed12a8
119 96ea2de334f9d0cf
120 1799802bad7b677c
121 92f971dda5587d1e
122 c773442425e26c0c
123 d9a6af3b90b34397
124 2f5d61efff51a5e5
125 eb80d90a5977e845
126 dbd22e907801b587
127 b39d43d5e3904b6d
128 960b6866e359eb8b
129 9a4664fb328f8d3e
130 fb76aa5e4ac84989
131 6cbe20fcf6626cb1
132 8f12afead1812455
133 2348694397fb32f4
134 8a13b8548bd4bd46
135 56082bc606891988
136 68e96b2614db8697
137 d11b94e06f71cdb5
138 28d37b3f7a05d9e8
139 0b59fbe61fe2abf1
140 c37f921e06fd568d
141 152e2cc7e591f336
142 4b88c8cf64cfd4fc
143 77ad014488bfaa21
144 8b93525dacbe9bd5
145 c5aef956c7e08dcd
146 8a4868a026316316
147 915bc976eeacbf21
148 cb41402164993312
149 6183aee4bda3533e
150 035c1fe26c19de03
151 7f3ee3da92e7bc0b
152 f570c5850c48f47f
153 ea71c552887f2f78
154 95f767b7b4e061c2
155 c723055fa4aed07d
156 70cb4deb22027c69
157 2604237f0a8faf88
158 cc54967d15a1a66d
159 62c0cb4441d50301
160 4774763f66e29b00
161 3853936803d782b2
162 7fd613968a574180
163 a0390acc03d331f9
164 0b180681d87f71f6
165 8a2ccbb97141d32e
166 1a3935c1778c203f
167 ef1ac94e9ed74035
168 fefbba039d59472b
169 2bf64d3f3a57d819
170 6eb1c941a32ce21b
171 6b489ced4cac0429
172 fd2b19c4be7f3604
173 979462240c3f2878
174 0da412adb877b715
175 d1d5845ac26acd37
176 0b49c2c59ed3d450
177 d375697faee0bcb3
178 448b1016e34eb524
179 310c3cacd56cbfee
180 69eeb484b3ce4f0f
181 7cd69bf00d6946b1
182 618892df09b8ddf3
183 6c95bf68ed41c5df
184 23a316f645d2430d
185 4b8b91dac1089e0e
186 77f07aee751ba016
187 77c7e04de5b2bc33
188 5832787c5a3c95a4
189 5efca5436e0da76c
190 8c78b5c3d51ab9be
191 80e4d98ae8b32130
192 16f473edf696cfd5
193 77eaf46691be3b0e
194 5703868e6b4c65fa
195 ec22d86950f236ee
196 58f870cb2e8c60c0
197 be0adbf744f38d8c
198 032e47d6c8183e98
199 c0c894c22083e0b5
200 c6ff86e33511e433
201 619e37122e928b37
202 ed37fd2b34e8d8bf
203 eae680c4f2b53254
204 2fe10f0f23b68a6e
205 4aeb8fccb2a95257
206 8d299a6092554a7b
207 b1c96e7a3ea8b2fa
208 f020edd385356dca
209 24e929557a54ae79
210 cc57c9461d129f05
211 538f2b2e527f1773
212 54d810f220727476
213 719c8d9dddd297d4
214 421c422a7f391671
215 377eb08fdf9e49cb
216 898c9b5382a9e203
217 fcea9a2aac762c59
218 fca3e73b30652321
219 b42294423c0f6c4f
220 7ca103010a51fa58
221 22fc902084945f1a
222 eb53da72ec79dc13
223 4c27c9502c3616d8
224 6ff30228857ed67a
225 218fd65405402686
226 9b2e8176461d8399
227 9fe3d9fe1ab46760
228 047b37c92ffc8aec
229 b57928267027a76d
230 94b7d869d627fe79
231 76daebf76f7c61b8
232 73ea97c7d8dbe812
233 496b9761fe636ff2
234 95474904be35a809
235 5e3232ca7a2557e6
236 ff16c364bc78770f
237 1d0f2cb35ddb8014
238 f0a338b97278d42f
239 073ec4b649f28c40
240 56c795bf27ea8bf3
241 1809acf98c4bfad9
242 06e473f333f9ecfb
243 79dd5ccf1755094b
244 edf9b663b7096180
245 d78330136ab94259
246 d6d3aae72d2629fc
247 8c1023594e3c62de
248 fb2b243a119dab37
249 4eedeb7c7cd0c41b
250 4b10419fc6c0b29e
251 73864eff4e82b762
252 28a4290f02075785
253 5c01aade08969bd5
254 c90e65fea339a512
255 dd17f8a8bd548869
256 764071aaf0495bd1
257 4f754ad889adc965
258 c4e4ce658f075337
259 d58a806a416aacd0
260 a553df17acbb69b8
261 d4856bd7fa52d5cb
262 d4e62c6903890651
263 2f856b42396346e3
264 9a453b22085d5955
265 8d00bc45d1bb3f61
266 05b73059a23e009a
267 61cba8342239d944
268 d3d1e199cfd4688a
269 21811609d7853817
270 3241187e65205d7b
271 41b370cb815d358c
272 86ac237a367db4bb
273 365c098bd7af5adc
274 bed3cae05243fce3
275 957383862245b10c
276 0adfeb76a4584ae0
277 cdb8661aa53d8d55
278 a083bad6d0d7b514
279 1b9be4c0af6ca98d
280 0ac90edc47d8e8ec
281 11943773acdc8f28
282 ff04aaa575621030
283 ea5e848a2b060e9d
284 acb62a62d9b4322b
285 503ad6433e19f757
286 86a16cbe8d895d85
287 495818acfc0e44b1
288 7d91e4fa29bb9744
289 cb6e8a7d59ec12d6
290 f1a05be7200163c6
291 cd9414e53ce7304e
292 211455f30ab19860
293 d86e8c1140f3b105
294 5e9f1c60d68ece1c
295 f4dc3d49201203a0
296 74aa33104b18bbad
297 e332eb3bff14e291
298 aadf69f63ee85ca8
299 ff91ddfd9c4bd600
300 9be47fbebde7b05f
301 acf2545193b52f7f
302 e6bcebe5dd51d76b
303 206b462f01186126
304 1919a0f30d3e383a
305 eb3137c7b2b5f210
306 8e857cbcf8fe05b0
307 5c89429078a4dbf8
308 43e7a4e7e8b5c571
309 c4e96c5bba50a1c6
310 36c57071234db051
311 ee5e66d63d37fe52
312 1cb358fa48b5c053
313 b9bfd0a35e5ea97d
314 724bad05c6c368a7
315 93e6e3fbacdb1107
316 0845eb7d7aacab9a
317 31e3fe2108c96059
318 1f777659fcfc6048
319 06676ee78e41631e
320 0daee38cbed06051
321 9dde9380c2bc7205
322 bcf807095ed27998
323 04b2eaa090d577ad
324 854e834ee2463710
325 530a8b1992a17f2a
326 579d755151d7bad4
327 f3e93a8cca576e99
328 eb4ea61f1fe1ba14
329 1da5f2123f3f43bf
330 7d3b1a4a6a6321f3
331 54b8a3dabd28a1a5
332 9ef76560a794cd4b
333 f17c09912343e8ac
334 f7ebd9e78e4b41d3
335 728101c1aed217dc
336 c0066dc480b27c4c
337 0c9e0f4546ddce9a
338 63d27434d5bf8f37
339 c8a04fddbec99126
340 15b2a760bb92943a
341 a0c7e935ae5ce561
342 7d64838d1a3eb11a
343 dcb9f289a828fedc
344 9c3249a380ab24a5
345 c5e80d6d99184507
346 7de87cb709ebf74c
347 304e8f1e6e20a86d
348 458dd8db9f8d1089
349 091fb5e37541a4b3
350 7144962990efdac4
351 93c318746f81e091
352 34e92bf474d1fcb0
353 10a81e69f7e42ab4
354 e7e1d34b8f373ef1
355 b208b0a97adcee48
356 46abb3b78ff37055
357 7a59216aa0fd7b74
358 d1b60b4219762072
359 ad61c41546303409
360 91256f1e8b231dd6
361 aff4df58d266fddd
362 d965a7874d7e28f5
363 86ecd0cf152d42f9
364 65d641a8cebbd609
365 7888fc7dbd4acac6
366 b0b333ed81bb73d3
367 ece74ffa5be500cc
368 a5d06f383d28187e
369 ceff31ba76ffa76f
370 f8048c3a2c5dbc18
371 18c346e82c7a3e60
372 736f297c30a4a140
373 a5c9ecef0b8dca56
374 cb99899d5733b7b0
375 d43851c13663ea63
376 6ffef6e3120e1911
377 b66316c6f0711a8f
378 aa9c6383fabf139f
379 e25f903c54339eeb
380 2d475e166bbfc2a3
381 bb49b29499da97be
382 d5e7fad9f5721b53
383 1bf5f44ffc99912e
384 0177dca4b8886e81
385 05149fc2391940eb
386 4f4acba6bb428c10
387 48e240432db2eb70
388 52f9c798af4f2b78
389 1126b34b8ed8efbc
390 48546eb6ab8c8eca
391 0556e33268cef235
392 873bb8eae6a3b4b6
393 620cdb0b5f5da5bf
394 d51b7cd58a1c1128
395 48150c22a47e1c7a
396 d4a84cdddc5b86fd
397 0efcd8b7d2a5cb4f
398 9adecffa3813425b
399 83427179e5b0d070
400 3752f8e58a35da38
401 468ea6489c7cf23c
402 ae79f8629eb76aef
403 780a871752cd0cb0
404 c93a10933b956fda
405 16cf8eb99057115d
406 5fa8cc110e4d0e86
407 99f7ccf560557638
408 36bb1be025094fca
409 24b30e701126672f
410 9e0c6ad18a98d299
411 0846d8f0faf83750
412 dd6ce9227574d7f3
413 acefaf7ced645a73
414 7e3eac0c2d25818e
415 6ed6ae87f35eedd2
416 b61010e2ab514fb0
417 6f4adbc655f6630b
418 c4f2045c11e4bb97
419 59537b9b391bbd0e
420 51b66805c2d30444
421 1205ce0a4cf29d2a
422 0e03038031a9fc2c
423 344843323fd09767
424 c5952a82cddc0618
425 eae31b86aed7aeb2
426 6640fd0c14c2a728
427 9425d03ea7ee2c2f
428 5e5f15370f102945
429 5b673d2ed5ab196d
430 91c3f326e14d1e59
431 79dde2ee2ce83af8
432 760c05fca3666a30
433 0a1b4fbefa788ff0
434 2cb66a3c7571e1d3
435 28eedb406245baec
436 e5839d11ff9de507
437 978472417bc1234f
438 c4167987da2c4273
439 4a175cb5c9cc4a0d
440 20f5f3413cfbecb4
441 9b439f0262f5ebfc
442 804beb0d2b6eae12
443 345d4dbb4b9ef260
444 0c8a8a06d5beb1aa
445 34ed096ed4a2b5ab
446 1d2c76ac9819be2d
447 50d09430404f6707
448 da07167f3aa21922
449 b5e12d3a95bc14bd
450 8e4a48f28fdb8627
451 95de0773e3496da4
452 384ddf048b78dd4c
453 b6d6e8dbbcebbe6c
454 685cd53fc779a2b6
455 b578ca1b1c40d7ef
456 eb24b5382daf3479
457 0265cd460867d99a
458 0400e752e9fd5637
459 6153f52b4c157f5b
460 224d1bab98265e7d
461 c3a2cc95da47c5fd
462 9ea58b57860d3a30
463 96d7f682684d9034
464 5bef30b5476ecf7a
465 980780e94b6b3a81
466 91ca4a140168d76b
467 4569703a1e6e5162
468 842f145d14814ab7
469 0a1122e0cd962080
470 2adf2814d7b50cf0
471 8bbf79bc73eb8fab
472 b6206e8f0666020c
473 0d515a752ed5e036
474 4f188e27d992f299
475 d9fda80eb21b2ade
476 ddefe19b2c9a6637
477 275d724f8daa13e6
478 ee267a71f9038d87
479 b987ae0336283a24
480 c97495b06714b26c
481 200c32be72a37ba0
482 bc8ad05b3256b8f7
483 cd291b06e409cd60
484 eda1a02c1c533771
485 8f24c976bb772a0a
486 dec5f977d9a3a72f
487 7c65b049c1b5d1dd
488 38c4457ba377ad24
489 e0070720cca7fe81
490 ea5a352ee9afc235
491 ede689544b985b83
492 13ea9be941fb4e78
493 ff81c6877c4adf31
494 40c3842359e6a10a
495 9681897027e054e9
496 c93008d197b38170
497 c5bef60596af51d8
498 3173f234be1846f6
499 74750144cea83c32
500 d2ae1c81af1be5db
501 303cc96f3f794464
502 6ecac6557e6b44db
503 2eb328718367da1f
504 9fb21d2359c900dd
505 4548cde5277703c2
506 57169d10c921fbcb
507 a67ffb28efb2baf3
508 940ea45516212be3
509 afe774fc9ecaf466
510 45053514066ce46e
511 4ad6d1d42f0ea917
512 50f0a17f46c00cd8
513 bd37921b20259278
514 b779ec56dbd746e5
515 2ed70651375f4d5f
516 a96f6f1e56e21652
517 7fb255e3c4fded98
518 71af244619ded783
519 0d3b5f28fe9ec6ef
520 bb4d80e2ae66e2fa
521 74725ae900f54970
522 7f4daddfdb09f496
523 701add2a8964f255
524 d03714774ec72182
525 d813064b63f4dcca
526 8e07db9f01e790f5
527 58533a32acbd5096
528 556da15912ef0663
529 a98cf920d0b89ad0
530 24178345b23e6200
531 a6be9c4d577f7c7c
532 a00777316838ca5e
533 3be53a4a506b1519
534 80c908ab2e96b7f8
535 bbeac9b548f8078a
536 b089573af271f715
537 2b3a15e8838dee0d
538 2cebfe182e97059b
539 1a302c2f47a24987
540 7bedb75d7cf1ae01
541 78c03ff426e03e56
542 946c2df72b78a940
543 d37c32f59851f730
544 d0f437f67622182a
545 40b93b6622d0712f
546 0c95522471e71aca
547 26edda15c8793273
548 7bf39c9e0d489fe7
549 8f652215661f34e1
550 66552889f50a4681
551 aa7779c8c193892c
552 1b9b871f5803767d
553 74a76224986e9f49
554 6260c33feb7ce0f6
555 7f8df5d89e554feb
556 5b18b2144cf8551a
557 2fa5d31bf2a66333
558 7c3b5c8ae81ce263
559 0c307cf574ca49a6
560 50ef575ac510c788
561 7054a260979d30ca
562 15bc10d3c6a3509e
563 9c7122b869a66490
564 6fa4fabc0686558d
565 f368ce314dc6e9cd
566 5eddcc12669a5351
567 7edf83cda5f8663b
568 d1a0c1d1bcc5ab37
569 4dbb8d422aecad22
570 3b6ba263b45fb2b5
571 038b2b1bbffa13e3
572 d5487a7292512354
573 d0643462b4312b1b
574 2c0f710821cd1318
575 76e4fcbb85fde439
576 12097cf4a7285294
577 b3f5297a1eb18b39
578 6e244b5fc057bdee
579 35875998b61c1808
580 9c8a3434fdd9349b
581 6472f1cebc748237
582 bd78d165992267e0
583 6e61d1c0c94b530a
584 0a584510e09f8a51
585 3b17a06ce98ddb4f
586 173c82f587c7b327
587 c9fc25d696e77568
588 9e531741643c28ad
589 4c2f823a1e39ca55
590 435dd96ca257c0c1
591 e41dd59d9df6f96f
592 a8798e9e75f3bb30
593 6b3cf5250e473863
594 fe637d60d83ba23c
595 365661b11764f35f
596 e6c380e5c34f18db
597 9c9d0f77adf6c067
598 309c7ea04f39d2f1
599 ad13d354402f49a6
600 383fa2807d0f9652
601 6538d4900bade39c
602 85a2bb3456ecc254
603 bd1b514172de61b1
604 40abce4ef0c0613f
605 d0ac2cf5a1b973b8
606 c0bd98f7a843aed7
607 b74e9071018c5fa4
608 a64cb0c7e97a8706
609 eb6f804fbdfe4da5
610 e59d6ae98ae68959
611 d12e4178658ab4f8
612 c4c97a5924627164
613 6bc8121c8a637b6c
614 92585ec68a8c1ff8
615 b1530e1c93c71d2c
616 e8d54b42c610eee7
617 558cc04043f34b83
618 0db29d6ddf42c777
619 44cbb052562759a6
620 e4fa76b12053daa6
END 620
