1 6676c01e29ed71f2
2 178bf3717d4ca2dd
3 90a907cfcf0bbbb6
4 00f82439318f25e2
5 92eb05ceb9ffd2ed
6 756fb8b491e13787
7 2b2cbf7f8558f51b
8 8e60179af9af5851
9 59c32563f561cf59
10 6a1d9ce3e866943c
11 3323b75c7ae20aed
12 6f63de76a49e67f7
13 a1f82c2e238aff6a
14 5d4e96100824396c
15 d09c6cc173f38b26
16 d78bf4c3c0a516d8
17 da5b9c11dd2fc978
18 ad4341fce28423d6
19 e5a267570c56a2eb
20 9816b20dd5f0c293
21 7e83da565bd01834
22 acfa4dc9eaa4f861
23 3e98f041c50f266a
24 5f0081e243c0ca6c
25 6ee8dd5090564812
26 429d133afb178ff3
27 74c5f7b756b221d9
28 ed94e4dc6f5f0709
29 4982f82335250550
30 ebe18aa5d51f5d76
31 5847bd3599b84091
32 e2ed8b36bd45e60e
33 d3e25636a64cfe41
34 fc391277453bdedf
35 2eccd53c301334fa
36 2e357e903238c05f
37 cc990155a169920a
38 5b180ca04b17dba5
39 90a67cfe45b85664
40 f27db00e007fb33f
41 fcd76b075726311c
42 ab4d392a00e131f0
43 96f2daf79eefc339
44 5cdf2809b4fb82ed
45 091466bc21e6cfd6
46 0b39bf2b97f5c136
47 d533b81da1c19396
48 9498e6c93e52b9f5
49 969e2cddc05fa25b
50 71c5805300dd8a53
51 a9455ee34a636534
52 150f5699846d90ce
53 23b8305a3e401cdc
54 ea40e3fba3b6d029
55 9f348b100ca905a0
56 b61cb55b50f8a8fe
57 e8179b06e09f7726
58 5db9e2e7bbce0182
59 512152819513de33
60 35d154762236d187
61 d8cba25557533f3f
62 88c42bdc55676292
63 6b8dd1be212da2d2
64 28d3a7707092cf85
65 4625042ba5c09d28
66 cd2ed31b096fea2c
67 eedb8e1b55819c78
68 dd4d77b8ce436a22
69 f967e9cbd7ac2079
70 74d35c275e411738
71 1f944d5a78906e5b
72 68943d156a24e204
73 17488d049cf77773
74 52a058c87e04057b
75 eb025dfd7d071645
76 e3202ba51c10df76
77 ad2463e3b620f21d
78 7fdba46355c36703
79 26787a34b9ed4906
80 e9f38891a181de1a
81 d83e57dfa7ab0b2f
82 78d5a7253713a852
83 7485a8117862dec9
84 8d4f17ac840360e4
85 7d818d5c8eea0efd
86 032bd2f6cfef222b
87 2615d6a401cf0ed3
88 cfbff4099c73604f
89 5c69dfad3c4e2e49
90 46832896a6728dac
91 6f78a9b95c4c5742
92 f4a490a0df87fb0f
93 8db668f3fd3b974c
94 7debdbf06d34e9a4
95 43ed706f1bd19871
96 6ec29ddcc8f9cb62
97 662aa5e0211bc696
98 71f26be6db777bf0
99 cca70381a5877472
100 6a8aa3c8d003c22e
101 cdd72c681661b5c2
102 927683100ecc2ea2
103 883d9d815a65b2ba
104 dbd78c801b2e9d4c
105 51572873c50fd763
106 17f3ff2b0bd29839
107 e83e32ca4c7cceae
108 1af67afd3059bef5
109 198761f2ab7b494c
110 2e2c60d8a351b298
111 6a05b9b61511f236
112 bbec1e446eb09d2c
113 3933cbdbdf98be2f
114 e65b2ae1a445fa8d
115 21082062d32e39ce
116 31d8bc30b6961ffc
117 0632c9acd8d7e5e7
118 a4b06f2fcf6ff2fe
119 f81144302da2971b
120 15d9db1ee132fb3e
121 382cf18722227d19
122 80c2b7f192e29b8b
123 cf644bc345334b05
124 87a5011b4cacdb79
125 99d7f3d978d76b57
126 de48ea8cb11bce3c
127 0248f76426452cd2
128 375d3029029c6a28
129 a37dfdf1ef4122db
130 de056971764edbde
131 cf5e18f16a3556a9
132 bf57f0aa985eb369
133 6e2445d36c0d7bb1
134 8605ac270101555a
135 fb9449f3e0a7ee3d
136 8fabfcd034aa5635
137 452b53435e23f503
138 8af8fe0ec4e28e52
139 1c73bcffb9e42a9d
140 f0b4446250dd457f
141 4b5486367cfe979f
142 f7c9da275e68e29b
143 8cc97bd22c006a31
144 95a710802d5a2c3f
145 9e64176aa88120fa
146 e48074d0650b180a
147 032d595dd0f67cec
148 99096ace1adc3689
149 1ff6748a4e3ef611
150 bf57959184f436fe
151 ca98a79de58e0dfb
152 986cd57dca87d0be
153 7930e31696f203f5
154 f8817018a7fda740
155 f79a8aaf65b3f420
156 e14e015a6cd534d6
157 47010f233fa9a078
158 8dcd2a0b13e65f9f
159 59476d4885b859ed
160 16dd2c740fb1f855
161 cc4436d0a7c995e8
162 c7c677da824049fa
163 d4a62b805dce1746
164 f155355b40158df8
165 846c1a65e07ac18a
166 0308707f930eb493
167 7e93f9ccf77e056a
168 42eca1161cbba79e
169 6f58a25bff61adec
170 48a795357e69c821
171 532484ceacd79350
172 82b8d9be448fc7a1
173 275816bf0f3e0f43
174 d6a74c1f394bde13
175 6ed25fae3f02793c
176 74addb8589dd9f74
177 5b4b5a93ec480abc
178 01fcfef80af541c2
179 c99fc857e8cee9a0
180 e0fc2bf612810e24
181 b19e3f5cc18bd5c8
182 94ea3e6771edfdd3
183 5d4add0f25b93c94
184 8d529739680e1b07
185 1d8126dc0b3f91e8
186 e77fdac03648087e
187 a8432f6f3a741b80
188 96394556f6102332
189 dd8a687ab2b1ddc2
190 e88b2c661d33fc67
191 76b332a60a652500
192 76814f737b65a9a4
193 c176a2cbe7299ec4
194 db1e0bc39e00b206
195 cd6ecb75e776a171
196 16f02e5e5fdac166
197 a1a3d9e2b1e6c68d
198 2df2b1d65ce02a7f
199 30bc22a245ce3fc5
200 d63db2a80dab566c
201 7eecbb98a1f2f9b5
202 09cc37e2197ac233
203 68e8b793a71be4df
204 cdcd86feb2e0609c
205 eb44b442993aaa35
206 c464248a456633ad
207 ea229077d7d80e83
208 be7914dfc1436d47
209 7fd1b19c12b2975a
210 02d7d8b189932a35
211 91a5c84e0b121874
212 94eeb529e4a7b2e5
213 05c3e233f66b3cb0
214 1563dc698d97fcd7
215 00243c3d3a9fc336
216 b386860a38d641e3
217 eed5f03a48a523d4
218 f8f2c7a35b175549
219 34799a51918089b1
220 71a2db2862ecbd27
221 e47049b9d13e4897
222 49c67c82cd1ee6ae
223 2a737b8127fdc89a
224 927c3edcdf50d410
225 2af95698e55d2210
226 ed5b9b15ca74ac22
227 fd0733e12eaec5cd
228 d8852f1e37ffcdac
229 374274d112e45717
230 44676b40f49739c2
231 73d0215000d5851e
232 2123af548469076f
233 f217d3b65f4c135b
234 856788bdc63028fb
235 6a0420bbb18017f2
236 109afecb47754d8d
237 3278653660099548
238 3a6b8f51e5d7ba91
239 d82f5df58c9299ae
240 d829540b54c0aa63
241 766a6b36e07300bb
242 a667ec450b0a7249
243 2e6c1c8eeb0fb8b9
244 372352c1bc221239
245 331e3becb6ea5bbb
246 19db0efa60481c59
247 7d366b2d3c133508
248 f603a4cfda946e53
249 783a212342def908
250 d203bf4c6d3261f0
251 af12692233571d36
252 124d0aa45d05e761
253 d1f9f4481e683b15
254 20afef1e02c931b3
255 a34e885b658d2c4d
256 d9b4378641684f3d
257 a02a8aa59b5cbe96
258 7a3f561cd738c91c
259 e230112223599eb9
260 1957a9608cec4f5b
261 352ffbf5445087d2
262 280b43f882c4fee4
263 14c46cbb7f1f5f31
264 a6fc3e59891058f2
265 26606f73b4ab7d4e
266 170adcb789d698ec
267 bd693b921059c3f7
268 117422e17bb08905
269 cd2779fa53e55ef5
270 0da0e6b8edbbc3c2
271 1df09d1e208d9b71
272 6542f49e0c3b88ca
273 a5cdf861397b0251
274 48036a43ee3f6631
275 6ce9dfd87b019ba1
276 665eabb1509812e4
277 6cb15436cbb9bee7
278 4a4cb4e13961df27
279 517b09f406fed688
280 0bf525ba1c7a7580
281 e885dc254fdc89bf
282 2f53f9276cf0e347
283 ba7f0deaba2b5028
284 467649a88c4fa6b0
285 943c77a012386f95
286 983d39ba3d7043a6
287 f63417418fb73e72
288 daa333f6d7249843
289 06b0db841f6e3cf7
290 6c671e51644e57db
291 c17604d7bf2f9dcf
292 b42bcd880a68d946
293 9e2f16478663c80b
294 d0d67c58217ddb9d
295 f32dd4d55eb881e8
296 6fc22685e2b93219
297 c3f863f50998fd3c
298 e152baf3321aea0b
299 6c6236b2dfe8e770
300 ae2d323550a1931e
301 6c2db6b59466609e
302 27785df5af209f7b
303 9f989a71fc4d6917
304 8e13f98bb60d96ba
305 aedbf282070b124a
306 d878f2504f7e3290
307 0cf7200fc288504d
308 6b9a2cf3a03e9e48
309 adfc49db8e37866a
310 467d3cab508f0f67
311 d2ab4ccfa8afb748
312 d137b450888786dc
313 9a1a5499316676fa
314 d8082c737007dadb
315 dff7ce983243c17b
316 605d4fdbddd4da81
317 21a62221c6281c8e
318 efa940d5ecbe1952
319 341b4bd65f4968b0
320 c9474d22c4debd9f
321 732ec26d81c0cd0e
322 10f3a8e853ce3fb2
323 c13c0aba78051865
324 7d3b2be87ee01725
325 dabd691bc3f161fb
326 95338608486365cf
327 b22c14383ff44ecf
328 15ffd5f170f60de5
329 809ca92bcf9fb173
330 b3fc75581a94b088
331 12fcbc10a2ab14e2
332 60398e5e9b699eca
333 ea6a438910404c9d
334 82d40124df99d202
335 4a4b70a0356dad81
336 a5337d7b04abb60b
337 32e73d97e38a7b98
338 1563d522225b4379
339 cf3eaf46f3a1f0a1
340 cce9e9a8a2096a7d
341 ec5b147448544f2e
342 b1451bcd87474092
343 60b579d79c6020d1
344 20817427fd4474dc
345 18e7bd63e5fbaa89
346 3929106a09130cca
347 7d11a353a6e9b65e
348 dc6cbe4cf937ecb0
349 250d46b69d7ecf6f
350 e12d03ad213d09fd
351 bc3ec392b28173a5
352 ae7e68d3b5446f5c
353 303d3838f51b636a
354 9db26b1c24d6b252
355 5090042db3d40a87
356 1f232f86bf628aa2
357 e1db605c01f44f88
358 0e7a1b9f62fb1513
359 16fd8cc75675198b
360 7ef6e44f8ca78135
361 8df6ba290bcd055d
362 536adec7423e9f19
363 bac2bccbe33c4487
364 c3b8426748225516
365 480ef34dc4ad7eed
366 bda85a47a2cc8aec
367 0f7dbe0b58077205
368 9affde6c3b863d4b
369 7df52dc8723135f0
370 0e099aa0343ac758
371 cd0cbff53a456bed
372 d05970328ebc65c3
373 8e5c6e8dc247f253
374 8a93ebbcfd10f428
375 d9a22f0966659c09
376 f232600fb17bca46
377 24c35c703300c72c
378 c032cb7cc282c06a
379 bb4a3df00427e8c6
380 2745dd293a02fdc8
381 bbe05a6ca63488e2
382 972158bd62f12698
383 9215858d59a50a25
384 827769b337603359
385 1e8515bbf18cfb90
386 21af0b93b0b65171
387 a0e4e8d06023f5e8
388 cf582f5c20635b7f
389 72d0f6c23d972b27
390 0951d7aa0ca2d1c8
391 9fa985efcf647898
392 105fc73c43a9af6a
393 1b4bcce8c6c12cc3
394 ed0cba4f5559f8c7
395 4cf1210ef93cdd27
396 c513e5b2b4af9d0a
397 3a1e6f88534f46d2
398 3538970e312d2265
399 c69e4918bfaa5ba0
400 0cbf34824e2215b8
401 222342f7c5b759b3
402 23575af04a97e44c
403 ef40455140baf539
404 007fa0f2092714ac
405 66d3dbff518c76be
406 56cffbabd4d88fd3
407 6dfe1b7cc8625463
408 f87c2d611b6e1446
409 a473e6211e47affc
410 147058eff1ca4da1
411 eab0025be5d449aa
412 5dade978234a109d
413 bd098b15320fd051
414 2fa0048f6989d44f
415 5c54346f8fc29f4c
416 e7deb337a924de9c
417 138507b80ebb9316
418 be322fae3b8ec6da
419 64376a6336dde33c
420 2b660d5125c8cec0
END 420
