1 6676c01e29ed71f2
2 178bf3717d4ca2dd
3 90a907cfcf0bbbb6
4 00f82439318f25e2
5 92eb05ceb9ffd2ed
6 756fb8b491e13787
7 2b2cbf7f8558f51b
8 8e60179af9af5851
9 59c32563f561cf59
10 6a1d9ce3e866943c
11 3323b75c7ae20aed
12 6f63de76a49e67f7
13 a1f82c2e238aff6a
14 5d4e96100824396c
15 d09c6cc173f38b26
16 d78bf4c3c0a516d8
17 da5b9c11dd2fc978
18 ad4341fce28423d6
19 e5a267570c56a2eb
20 9816b20dd5f0c293
21 7e83da565bd01834
22 acfa4dc9eaa4f861
23 3e98f041c50f266a
24 5f0081e243c0ca6c
25 6ee8dd5090564812
26 429d133afb178ff3
27 74c5f7b756b221d9
28 ed94e4dc6f5f0709
29 4982f82335250550
30 ebe18aa5d51f5d76
31 5847bd3599b84091
32 e2ed8b36bd45e60e
33 d3e25636a64cfe41
34 fc391277453bdedf
35 2eccd53c301334fa
36 2e357e903238c05f
37 cc990155a169920a
38 5b180ca04b17dba5
39 90a67cfe45b85664
40 f27db00e007fb33f
41 fcd76b075726311c
42 ab4d392a00e131f0
43 96f2daf79eefc339
44 5cdf2809b4fb82ed
45 091466bc21e6cfd6
46 0b39bf2b97f5c136
47 d533b81da1c19396
48 9498e6c93e52b9f5
49 969e2cddc05fa25b
50 71c5805300dd8a53
51 a9455ee34a636534
52 150f5699846d90ce
53 23b8305a3e401cdc
54 ea40e3fba3b6d029
55 9f348b100ca905a0
56 b61cb55b50f8a8fe
57 e8179b06e09f7726
58 5db9e2e7bbce0182
59 512152819513de33
60 35d154762236d187
61 d8cba25557533f3f
62 88c42bdc55676292
63 6b8dd1be212da2d2
64 28d3a7707092cf85
65 4625042ba5c09d28
66 cd2ed31b096fea2c
67 eedb8e1b55819c78
68 dd4d77b8ce436a22
69 f967e9cbd7ac2079
70 74d35c275e411738
71 1f944d5a78906e5b
72 68943d156a24e204
73 17488d049cf77773
74 52a058c87e04057b
75 eb025dfd7d071645
76 e3202ba51c10df76
77 ad2463e3b620f21d
78 7fdba46355c36703
79 26787a34b9ed4906
80 e9f38891a181de1a
81 d83e57dfa7ab0b2f
82 78d5a7253713a852
83 7485a8117862dec9
84 8d4f17ac840360e4
85 7d818d5c8eea0efd
86 032bd2f6cfef222b
87 2615d6a401cf0ed3
88 cfbff4099c73604f
89 5c69dfad3c4e2e49
90 46832896a6728dac
91 6f78a9b95c4c5742
92 f4a490a0df87fb0f
93 8db668f3fd3b974c
94 7debdbf06d34e9a4
95 43ed706f1bd19871
96 6ec29ddcc8f9cb62
97 662aa5e0211bc696
98 71f26be6db777bf0
99 cca70381a5877472
100 de3db58800fc8b73
101 1b86d4b7a2a9f269
102 461d1cb86063fb28
103 f28d37226d011efb
104 d36292ab47a8d98e
105 0b297502ae97b166
106 be0bf12b868ea0ee
107 8bff92987cdb1927
108 3a80b0baf7c76de8
109 37c83b71405311fa
110 40e1aaa964208ceb
111 b928ce788a019f90
112 52c1cd04e223147e
113 2da2ff647b88e2fd
114 20089fc8eb506d31
115 241f3ec46a5ad3e4
116 699d2e6530021af3
117 15e8dac1874347e0
118 8874fb75d3ed12a8
119 96ea2de334f9d0cf
120 1799802bad7b677c
121 92f971dda5587d1e
122 c773442425e26c0c
123 d9a6af3b90b34397
124 2f5d61efff51a5e5
125 eb80d90a5977e845
126 dbd22e907801b587
127 b39d43d5e3904b6d
128 960b6866e359eb8b
129 9a4664fb328f8d3e
130 fb76aa5e4ac84989
131 6cbe20fcf6626cb1
132 8f12afead1812455
133 2348694397fb32f4
134 8a13b8548bd4bd46
135 56082bc606891988
136 68e96b2614db8697
137 d11b94e06f71cdb5
138 28d37b3f7a05d9e8
139 0b59fbe61fe2abf1
140 c37f921e06fd568d
141 152e2cc7e591f336
142 4b88c8cf64cfd4fc
143 77ad014488bfaa21
144 8b93525dacbe9bd5
145 c5aef956c7e08dcd
146 8a4868a026316316
147 915bc976eeacbf21
148 cb41402164993312
149 6183aee4bda3533e
150 035c1fe26c19de03
151 7f3ee3da92e7bc0b
152 f570c5850c48f47f
153 ea71c552887f2f78
154 95f767b7b4e061c2
155 c723055fa4aed07d
156 70cb4deb22027c69
157 2604237f0a8faf88
158 cc54967d15a1a66d
159 62c0cb4441d50301
160 4774763f66e29b00
161 3853936803d782b2
162 7fd613968a574180
163 a0390acc03d331f9
164 0b180681d87f71f6
165 8a2ccbb97141d32e
166 1a3935c1778c203f
167 ef1ac94e9ed74035
168 fefbba039d59472b
169 2bf64d3f3a57d819
170 6eb1c941a32ce21b
171 6b489ced4cac0429
172 fd2b19c4be7f3604
173 979462240c3f2878
174 0da412adb877b715
175 d1d5845ac26acd37
176 0b49c2c59ed3d450
177 d375697faee0bcb3
178 448b1016e34eb524
179 310c3cacd56cbfee
180 69eeb484b3ce4f0f
181 7cd69bf00d6946b1
182 618892df09b8ddf3
183 6c95bf68ed41c5df
184 23a316f645d2430d
185 4b8b91dac1089e0e
186 77f07aee751ba016
187 77c7e04de5b2bc33
188 5832787c5a3c95a4
189 5efca5436e0da76c
190 8c78b5c3d51ab9be
191 80e4d98ae8b32130
192 16f473edf696cfd5
193 77eaf46691be3b0e
194 5703868e6b4c65fa
195 ec22d86950f236ee
196 58f870cb2e8c60c0
197 be0adbf744f38d8c
198 032e47d6c8183e98
199 c0c894c22083e0b5
200 c6ff86e33511e433
201 619e37122e928b37
202 ed37fd2b34e8d8bf
203 eae680c4f2b53254
204 2fe10f0f23b68a6e
205 4aeb8fccb2a95257
206 8d299a6092554a7b
207 b1c96e7a3ea8b2fa
208 f020edd385356dca
209 24e929557a54ae79
210 cc57c9461d129f05
211 538f2b2e527f1773
212 54d810f220727476
213 719c8d9dddd297d4
214 421c422a7f391671
215 377eb08fdf9e49cb
216 898c9b5382a9e203
217 fcea9a2aac762c59
218 fca3e73b30652321
219 b42294423c0f6c4f
220 cb487ae2faeab271
221 58c7d14e94e76f32
222 b858ce75b1121689
223 d3a3ebef33e80095
224 412c16d6f5e2af50
225 722ac7ec64e3f800
226 cb92718f0d954447
227 e1d3396a32919316
228 e3d88083c5e3310a
229 f580624eb5533447
230 86aba9e17958574f
231 52727a43142df4f9
232 70dc8c1a7f554a18
233 d7d85eed0a5415d9
234 1f5c74fe1616e14b
235 9ceb729301bb20ae
236 ddae335459046d36
237 8b2a635f21eadeb4
238 89f948e69a574753
239 c624c46d0a6bc313
240 c2669b29ec2fe3b4
241 5e00c91738f3962f
242 4251b6cbe7fbbf53
243 605788530736b426
244 9539b44bc06994a9
245 fbc74948d959644b
246 81fdbdf6b9976a24
247 df518f2934bb302e
248 c9676dce337b092a
249 6deb36516e0e0664
250 40441e0611cb6336
251 2ba4b1e7fd04894e
252 4cc588ee6591e55f
253 5941043e2d6c5fb5
254 0cdd8b57708906c7
255 9bdda7b15bd71de1
256 6548e6ddebe74fcd
257 a0d94615998b09c6
258 c161b793c94e0e86
259 5b8184af997afa78
260 b03b8929eac741b6
261 bba04c57111bca97
262 9ef601b42b9f9a74
263 7936860eae0d68cb
264 79548b4fddcb842f
265 c6acf6d8d289bd82
266 2369e0da90547a99
267 72504020cfd3b3b9
268 80e638ca48034b69
269 4a53a12837246f95
270 c33c86ef803b7c89
271 e4a5de22db791c2f
272 26ae75725a249ee9
273 88faf7e55736111e
274 a55b1867299077db
275 1b81063be095d590
276 eaa1d5af5f07f73c
277 1ece786a7d1f8b0e
278 38330c4444f8604e
279 76a1c6f4445b1177
280 cd6e55f4cfa8a9ee
281 6ce962831c088aa9
282 60f8c66279bac134
283 edbbaf409b1065ab
284 a9cc500fe8fc15da
285 162086ea7f3493b3
286 902d64bab49be295
287 4adea2a73dea1504
288 0d5590569d0a4544
289 d1d6a2d4c4af5020
290 ae4f5b7e2c2b222c
291 20f188c945dde3e2
292 7f41af93cd7fa52c
293 543e6d8bcade29e3
294 8893a832d56b5777
295 ed4d19fc9196e710
296 cff8ce93ef728eff
297 32bd9be20bdc0067
298 874da0f84820ed03
299 4b02baa71a66ba24
300 406eeb94dddf6ad7
301 e0a5be4e29e2155a
302 62c6869a216c34ca
303 41938aa055f001df
304 fb610ed5eb9f65db
305 91fb24c531de2445
306 a7244fde40748ccd
307 9685dc5e5d2f184a
308 391b32162c34117b
309 7a6b29dece92fc54
310 9f6fbf977ac2be26
311 71096b38e5783981
312 54b730aeb7293113
313 5afc943636eddfbd
314 4daa1db18652ead9
315 b20faaceb7cfcfa1
316 35f6741bae2fe22b
317 ae04ebc1682439e3
318 52fec7f3ee6dc9c9
319 87723d322e35523b
320 f71d3cb5ff757137
321 25cb66e9f7267578
322 3ac97a7899a8829c
323 4ea23d120cf15853
324 4d08769f799ed086
325 d8b137770a1cfba6
326 a2b942e1bed15dad
327 29b57f51067f66a8
328 d6358b37b947400a
329 b57bfd79aedb9ab9
330 985cfba4a23ab29b
331 2685d0cbf71efbee
332 55fdca4f7f89311b
333 e0aa7a722556ee3f
334 9b07c7f30153aef6
335 72d2fe5b0affe04b
336 c1f1b9e5e1a89870
337 7a518aa6078127bc
338 0ad832d7e7a6f613
339 72c534495f4540ee
340 0086921ba5d57c81
341 4ce3b9f4a6ae79a9
342 9746402ca7efd96f
343 282e81bde48a7aee
344 41020793338d6e38
345 39ad3134c026c86a
346 c4eced08313a3d00
347 f75a03b0bfda2813
348 fae8972801169f29
349 7aede0be2adca03e
350 05d778ae9e0b6295
351 64c2c50d7ffba54c
352 6d0801ae435e782c
353 9d0156cb90fcdda7
354 a478b953ccc4d99e
355 ebc3b9306d8beb76
356 0548ab5705daea0d
357 f67ce9f2a6abe66b
358 9d5279bca4943dc3
359 de2506ef45312397
360 f32f01ba62d6b916
361 4658c8c960232f82
362 457171544c5c82da
363 1065e31c97019dd9
364 71522f0901c24893
365 93a7efb15f916972
366 a47c271c634047f0
367 a66406d08bf149d4
368 32677fac5106567f
369 3d3c5ed9e1a870da
370 dd8e0e8f8ceeff4b
371 0e1c16449a9fa49d
372 06ac8b2e8932ca03
373 810cc40256d72875
374 fc40d516a280246f
375 dbb17d29a0b48400
376 ab54f5de8309c5bd
377 f473e32fe0d0b1dc
378 20c10a718f24c0bd
379 a9d4842f45c8beac
380 ff68c15bb09592aa
381 8e4b13db9e33e397
382 cf50271795939279
383 822b5a9534c46cf0
384 a4cab0087d2879fb
385 a57dc2c9da52ee2d
386 617300cec17dda65
387 824b49a4627c0d8b
388 94ca6b4ccdbe7b2e
389 b3866c345c7ae1e4
390 0732ecdc3ff470d8
391 c32efb16844fd7dc
392 e0ca4e0f3fd5792f
393 fd77d2edb6c52a70
394 906f2a7beea951b4
395 5679e4f18431eeb9
396 a52ac95ff678ad44
397 5541c01e2731d18d
398 10e77e58f505e309
399 35d701a8c80bac84
400 e045c2d425c67592
401 c2072fb2a90c8eb6
402 3753db5ae0fea774
403 fed7979e55281129
404 d662318cc26b1a61
405 9dfc371752cc11d0
406 83492d775a462d35
407 0f36f34306e06170
408 7511d1e2d467cbcf
409 00190f57e021d104
410 2f979ac8735a7180
411 982fc398d61b926f
412 5b67b74bfe35ff77
413 e2d81e9b5f3f7d77
414 3ec91d950eff09b0
415 2e98f79120ccd3bd
416 2af0843612f4174f
417 c56d71f1f5c17d37
418 2dd45ba85b294dfa
419 3def9c0895b28487
420 9ffe256fe3f97d76
421 28249bfb5913f9bf
422 dc61c9d4ba19ab84
423 a5ea399bf38985ae
424 b51a1067ca2d2ef0
425 811070e44bac20d6
426 bdffd53a9b6add84
427 2a7b77f275da336f
428 f42f6df5fd55086c
429 be89467e76298e2d
430 db803e3793185f7c
431 9b334e48c78adfc4
432 8c25f366dbdd7d80
433 45063325ee0c9186
434 cbada4c78b5a3a2c
435 e2bdaadb3e745064
436 e52a7cdda105f94e
437 595310fc324abbe0
438 e49b2d9dc18cdba1
439 a735316a2626c65f
440 05efae1fe0895f55
441 3831a5624f60b16a
442 b713e5714e5c9138
443 0ff1411eb8bcc2c0
444 85a557436cb86dfd
445 42a29dce466524a0
446 e669537b61d12883
447 9411e843e6d99e36
448 f5085f258c81a763
449 68a5810afc210020
450 3c4171987ebc9209
451 aaa5705352e4ab9a
452 b426df595c55de87
453 447083f878d6e750
454 c36612a667cd0755
455 780377868dc4df0d
456 60d0c1acf97931eb
457 8cbb3e1e5846c1b7
458 09bea5ea9c608862
459 b33f08e2b8debfd2
460 f7a92548059ad36c
461 9a8a8d9ef23a30eb
462 c0f61df49c0afbfd
463 addad42ef4854257
464 5957500ceb75a756
465 8f6151d69e6ce11b
466 a9914974bed36d8a
467 32389d70136e51a4
468 f43cc932c31ed86b
469 977cdd96569d7bec
470 f620ea6d40ec7ed4
471 e9c43d995e5b34cb
472 5d02653da57835c4
473 ca7571c83162dd6f
474 d9f4623369854d70
475 7dc167e8dba76f80
476 1fe7c501bfe1a03e
477 a6445720a90ffc22
478 cecde9cd0bde8d24
479 2075415f0e838d26
480 5686c890d0d4e446
481 15c1243b86ef384c
482 5b6d4dc9d96ff025
483 7f150e321cbcd5d1
484 dfbdc074f2495085
485 c85a590585e25681
486 c6986a247981f3b0
487 255ef407c7a10b59
488 6d6e9ff7b441b03f
489 1a79b627ccf294eb
490 5e8c853f7290c5af
491 c24eb983aa619970
492 fcf66a047a06de12
493 925ea47439301f03
494 6882b45a14956567
495 8a0ee9776a9d9809
496 b25f545b6cd0ae6b
497 0dbce6bdf6b044c9
498 641e8da93ea57229
499 7b0cacd73d9ad3b1
500 bdf4f27e8816d65f
501 62d0a2c7d6d85cc0
502 2827edb18f279416
503 7f13b7f0a00c3e08
504 93f620a38d5474d6
505 7baf2fe7449c32fd
506 1e808ab35dbc1f28
507 214fb5abec58150f
508 6050f88615fdeca5
509 a5bed820fbddcdc8
510 c95fd17e603dc66a
511 a35b72144f1748dc
512 703a8dd9cdf6dca1
513 57fd33f903eca8bd
514 a99ea3d59a976386
515 e7ee6f650bfccab2
516 2bf7a2892eb838b9
517 a580e10ba6741548
518 81eb210b03f4b2dc
519 69ab8760048f1bfe
520 0f6921bc044cfaff
521 98dd6f2b4fe33791
522 8678a7b9abc6b1b4
523 17c79bf7999f4009
524 8f1a5a439e8b96ba
525 68ccec6b417897bd
526 7677e567e65e5267
527 900a4062595cdd09
528 7f607b81ad42bef5
529 0c5f692025bb3687
530 e8854c3fb2d2cca5
531 a81cac31ddf459d8
532 9c61f4aa1d3bd02e
533 75a59be384aa7f25
534 b336c488bd107822
535 40e7ba2fcafc1dc8
536 47788addc491d8c1
537 5860958bbc82dd6d
538 9e97be741cb7cd67
539 eef99904a675e181
540 9c358562f59711e6
541 86a4e1a600860e79
542 ce901bf21003aa0d
543 1d5c9d3a55afeb3e
544 6c11620d6c03d511
545 98f4592fe13bb41e
546 b6eb955f41456171
547 b8e6d3916c3d63c0
548 a7a116b675da3e51
549 41e80e76ae5279d5
550 98d9ddc0155d4f98
551 a5f2e41baf360cc2
552 c9f273bfa5c989b1
553 90b731d4060aec89
554 77a5b6c90282e466
555 531ea2c89da4dc7d
556 d7f76942a264139c
557 bfdccaa51db3d023
558 0ec865d72b6f948d
559 86c1dd909a87838f
560 4a78ab008db7b6d8
561 b9436884c48c8906
562 dfe40f6dee5de392
563 aeb1c884747f67fa
564 305b353920059534
565 f65518a8b72b878c
566 0dcfe36c99c48a10
567 f4396a604adc1cba
568 e0a56b67e62a194a
569 34affdf295d8dd32
570 c8281122a557b93b
571 925b49cc86ae54d6
572 f93c930a6ecd1696
573 cb30ae9c653fb8db
574 e82509d7e99d2b9b
575 f2370c9d4865c1ee
576 ace4b123d823dd7f
577 404196b5f1234f95
578 ac46049916f83ec3
579 a781cb68be74778c
580 a5af843f88fbbabe
581 faf38c8472c12e4e
582 bdbf8fc278cf3494
583 3606729fd17aa8fe
584 68b5cc6ec56ccba8
585 b07c9f33a8ce54a5
586 09febc8d534c4869
587 26c3e597b208365f
588 d2b30f64aaa8b9cf
589 747e64f24ea4c28e
590 57b93c30d6f7e7c8
591 019c1986d234d46d
592 5c66a348671cb2a6
593 58da397f018af0c5
594 5f8344e966eed019
595 7c28400b1d620624
596 0a39b426f5154c17
597 973a2cd64a691cd1
598 f7d95b73eff03d3e
599 776e511c94299bc3
600 d35136437147e79e
601 ba892ce65ca7b8d4
602 c59db01ecb839cff
603 2872126648f35d94
604 70066d9d687327d9
605 32cbd9f0b92bb0eb
606 cb17720b880616a2
607 bdc95a7c8c38c8df
608 6a7171cff330f13c
609 e65c9676136534fc
610 c17f888045eaaef3
611 9e0476379c39fa72
612 5e3dc47859ea2450
613 63fdfcaf5f3e9b26
614 f752578ce5153c80
615 3d6a654e5784cf32
616 14c58eb3b19b17f2
617 f9b3239db2334b0a
618 50384810b3d80534
619 f03a085d70faf228
620 7101ff9a96aaa008
END 620
