1 6676c01e29ed71f2
2 178bf3717d4ca2dd
3 90a907cfcf0bbbb6
4 00f82439318f25e2
5 92eb05ceb9ffd2ed
6 756fb8b491e13787
7 2b2cbf7f8558f51b
8 8e60179af9af5851
9 59c32563f561cf59
10 6a1d9ce3e866943c
11 3323b75c7ae20aed
12 6f63de76a49e67f7
13 a1f82c2e238aff6a
14 5d4e96100824396c
15 d09c6cc173f38b26
16 d78bf4c3c0a516d8
17 da5b9c11dd2fc978
18 ad4341fce28423d6
19 e5a267570c56a2eb
20 9816b20dd5f0c293
21 7e83da565bd01834
22 acfa4dc9eaa4f861
23 3e98f041c50f266a
24 5f0081e243c0ca6c
25 6ee8dd5090564812
26 429d133afb178ff3
27 74c5f7b756b221d9
28 ed94e4dc6f5f0709
29 4982f82335250550
30 ebe18aa5d51f5d76
31 5847bd3599b84091
32 e2ed8b36bd45e60e
33 d3e25636a64cfe41
34 fc391277453bdedf
35 2eccd53c301334fa
36 2e357e903238c05f
37 cc990155a169920a
38 5b180ca04b17dba5
39 90a67cfe45b85664
40 f27db00e007fb33f
41 fcd76b075726311c
42 ab4d392a00e131f0
43 96f2daf79eefc339
44 5cdf2809b4fb82ed
45 091466bc21e6cfd6
46 0b39bf2b97f5c136
47 d533b81da1c19396
48 9498e6c93e52b9f5
49 969e2cddc05fa25b
50 71c5805300dd8a53
51 a9455ee34a636534
52 150f5699846d90ce
53 23b8305a3e401cdc
54 ea40e3fba3b6d029
55 9f348b100ca905a0
56 b61cb55b50f8a8fe
57 e8179b06e09f7726
58 5db9e2e7bbce0182
59 512152819513de33
60 35d154762236d187
61 d8cba25557533f3f
62 88c42bdc55676292
63 6b8dd1be212da2d2
64 28d3a7707092cf85
65 4625042ba5c09d28
66 cd2ed31b096fea2c
67 eedb8e1b55819c78
68 dd4d77b8ce436a22
69 f967e9cbd7ac2079
70 74d35c275e411738
71 1f944d5a78906e5b
72 68943d156a24e204
73 17488d049cf77773
74 52a058c87e04057b
75 eb025dfd7d071645
76 e3202ba51c10df76
77 ad2463e3b620f21d
78 7fdba46355c36703
79 26787a34b9ed4906
80 e9f38891a181de1a
81 d83e57dfa7ab0b2f
82 78d5a7253713a852
83 7485a8117862dec9
84 8d4f17ac840360e4
85 7d818d5c8eea0efd
86 032bd2f6cfef222b
87 2615d6a401cf0ed3
88 cfbff4099c73604f
89 5c69dfad3c4e2e49
90 46832896a6728dac
91 6f78a9b95c4c5742
92 f4a490a0df87fb0f
93 8db668f3fd3b974c
94 7debdbf06d34e9a4
95 43ed706f1bd19871
96 6ec29ddcc8f9cb62
97 662aa5e0211bc696
98 71f26be6db777bf0
99 cca70381a5877472
100 99012da83cb3295c
101 3c2c220215db211d
102 fee473d9561cb4a3
103 7fe350e0d6412017
104 eb7d0c8784698cc1
105 2b56a187217f9590
106 c3e475ce844c1a98
107 da300cb51643c5d5
108 da31a51612fe5a61
109 b1b8f7917a0cf7aa
110 7563af22cc7e7874
111 3b62de4c99564e80
112 75fecc5d4c413f08
113 e0202a4eb7aebaf2
114 be88c24856c24820
115 968091ed303413eb
116 0293ab398491d332
117 5ee8116f720d9f4c
118 6e075b0dc7594bb2
119 2a0ca5709bf33c17
120 1f55b56c9299e152
121 ed5a2eed53468162
122 23d1ac2a288d8afe
123 a43ba2be41a9d9a7
124 d7563d6a0617a2d8
125 089368dc6ba2b893
126 96357833acfdb270
127 72e7da9817769450
128 eb4084c33ea6d8fe
129 9260d033427dbb7d
130 5b7c49cf42501afc
131 7908eaec77349876
132 18510cc44230115d
133 c8577ee13ba85be0
134 63b4e048176a4df4
135 84c5d3cf25ebc5db
136 a1e42a3f7b909f11
137 1d82799279e65ffe
138 0e52ce19902afdda
139 fe7f67ed70b7eccc
140 9afbc45183d0c138
141 813b15e1a1405b15
142 ee59bae2dc323b71
143 99172ceaaa5cc268
144 15aa18ddc88d4376
145 85541e18650b1369
146 1fa1e3e0d68289bf
147 9b367fec66b4a34b
148 caccf133dc9aee27
149 fc87e60c960046d5
150 bd7a81fe25627d6c
151 5b55a0346d417391
152 0efa840925e1fdaa
153 15a199e1764b0a43
154 7924ef1d55f8a919
155 5c0aeb6148b44162
156 0d10fcb7a8d8c7df
157 e78190d934323483
158 e5909c5bc4a9d052
159 293e4209c35019f3
160 b05f2589292b4fe7
161 3754ebeb560c9d1d
162 aac807bf74f903d9
163 c5a9d2f0ca8ebd52
164 8f7bb58f9bff0d2c
165 69f782c039a10114
166 c2a606bcc7b7da2a
167 ef4988d3cd05c9ce
168 b405aa05d41cb051
169 31946983420f81aa
170 4be8223e96d59c2a
171 33d2e1c0a560d8ac
172 8fa91c67aa2038e1
173 d5309b7bccb03d78
174 4354e6fbf6530595
175 28ce8ff557e4097a
176 f97e77e6327f8b2e
177 7b403ac6ef354314
178 74eb7711375b4f9e
179 dd0a24043d382ab9
180 53a9634e49e1e0c1
181 0f1328615c83b546
182 2da961c3a5218750
183 8e4b64acefcd6a17
184 e2fe872e85147bbf
185 063346ab1d424b6c
186 f3cf9746e6a29ee0
187 acedadc268267237
188 55e7c90b86074a70
189 b470887ece5352da
190 f5026c95eefb33d3
191 5bbdb5871dbd12dc
192 39b0cace14993a98
193 1f996710633662ef
194 5a8b240ffcbc855c
195 50bf744ef2e79ce8
196 d69c188f3f0752f7
197 e01a520885ae6c01
198 67bb2b860ef5af73
199 151161225de1ca0b
200 7bdd18016dd19ff0
201 11166f032ab97c3b
202 1f73c14410b73cc3
203 3fdc2c5255eac249
204 9c7a6fc4a3e1ce89
205 750a6ab741013ff5
206 57a90de54ee4039c
207 9fbd8f0489097ce6
208 d0dd5682d59b6f13
209 07ff3a10fc70af67
210 677c75ba11341302
211 ecc7935b4d226d7d
212 328d18aa3cd312e2
213 5f2fd2927e186d79
214 6bbaed457e28c543
215 59f988d12f8da30a
216 e2e34fd0cf78b8fc
217 96453c1c2ac48086
218 41d52259cbf01a51
219 a0fbe89a01fcbdae
220 32d71a836d9da44e
221 e44e1821a6c34a7c
222 2eab52b62d6cb253
223 afcc1c5e2dba1f7d
224 1a4f701e31d1da3b
225 f7ed17f3116788f9
226 d13c91eb2d2d8c24
227 2a686f539e595e50
228 cee7a91ddd8973c1
229 6e875235a69716e1
230 7c44c33b0fded0a8
231 7549d05d80e9b62e
232 ffa0bd712ca08f83
233 d5602e3a709879af
234 2f443782bda9ae6c
235 be7c9208fb3eabc6
236 60101b18620c41f8
237 827d7be303e2a0b5
238 5ecf13ba23fe2173
239 bf6338a6356216d1
240 d084abdc9f3b626b
241 e8ab77468cefa92b
242 622e9bb2d38cf866
243 6e4da3ef545fda57
244 bd749f1fa4635a3f
245 895549d8a9564ddb
246 f39a24346303ef7c
247 c2fb3501220d4012
248 f20bf7ae30e1a934
249 ca608e3db6103bf7
250 e820605f588d47bc
251 eb903cec27ec8ac9
252 cc5ff1e649c8bb90
253 8ad51b8a85ba816a
254 85064f754ee9b8ff
255 fe44411de5efda95
256 0250ff08c1b4a96f
257 9797b17b779a1094
258 03c902b85fbc3f81
259 874e7619d735a48f
260 f73413841eee1536
261 77a1c8b9e48dc347
262 1575a129db14ab9c
263 656df45b94131f49
264 3e2f9bd6b1837c42
265 503f124a880a1393
266 b025a4c383569fdb
267 af70631e5597c28f
268 4ef62a5213eb749c
269 30016af4f5d13c46
270 594a087d7122a28f
271 1cce080fcfe057c5
272 53b4678dca7fbcaa
273 c8f091f8e3aad84d
274 ce86eaa56e6e8a1c
275 db8997814589e7dc
276 44566fbb7d23337a
277 d09ed602930a724f
278 176a4e120ed27091
279 0567b9dcc1690bd8
280 d96703e3333967cd
281 20b5f4d01e043325
282 e0a04333875f5d0e
283 7d86c46e9bd13adc
284 9ff13db9d1a8218a
285 c6a9bbe24b2ed652
286 b6f8a0086359cbc3
287 2ce05b14d94ee702
288 4913b3d9986b38b0
289 eb12fec5d1a6901d
290 f2051da18540c6ee
291 d2b14edf7274077f
292 1b6daa1b2245a3e1
293 74188c2acd102d85
294 8088364b12896eac
295 99b041b358c953b2
296 90086c68c5aa744f
297 a43b5a4424f393b7
298 5e6d61afe1518656
299 76d9a2184025db51
300 23fb4dfa54d243db
301 76f47c1bab737d87
302 a0fc60169a2b592a
303 a716816b0eff51eb
304 720b2500c22317a7
305 423b7721c787f8fc
306 3977eef458600eb5
307 32d54334e6c124a7
308 fae0d33a0c40c2a8
309 308ddb354ef31aef
310 5b47a2ec0a5d7dc1
311 97fb258a1fbdd676
312 b4834eda74fa8fa2
313 2219dc57d7746b29
314 1d14132e95983b54
315 1df00519b196008b
316 a86f8b4c42291bb9
317 ea60f1a402fb2fda
318 d87e127e669d4e34
319 b44430b6c5cdaf63
320 d40d526edc47d5a6
321 52874cd1d57fb3a5
322 64ab0a03f84239ea
323 45b1da4d0a4893f4
324 efb3b031496d3b11
325 eba2f0104d318b39
326 dc34baffa58be955
327 c997ff7792c40521
328 8c85c22f1539506a
329 09a3982be2261be4
330 b31c9f79f9c4d44b
331 9c00d9b3c4e53147
332 69f59580b4a34d15
333 79bd747656666857
334 8a71ee46ac054e92
335 326e9dcc4b9e625d
336 6c417fbda4723aee
337 7a22e7d7670bfa86
338 184e002b31aacee0
339 70e1ae1ca608386f
340 c234f34fffd1f871
341 9b61d7cafc1ec244
342 14e287c7ee8cbcb1
343 bf2083a2c6000fbf
344 fccced99ea25b7c3
345 a3f1a18129e13226
346 494ed9cc4b30c5e3
347 bce7c17e634e6799
348 f3c919303eb5ed6d
349 9beb9d3b72880bcd
350 23e58e78d30587b7
351 be709b0f51195f65
352 2087a03465ffb989
353 e638d8468f9d89dc
354 793685c136b474a8
355 bc7882dc95dc2dfa
356 c1a8cbf7c76b211f
357 307dd49fd0f02834
358 527835bc64795fa2
359 48762a771ecffafc
360 258da18a58a70bcb
361 e153662f8f7bb6f3
362 df254bca65cc7d27
363 a9032a49c170d911
364 6dc7f84425c96d22
365 467cd603f2107000
366 f0c79595ebe2c05b
367 49c5bbd83dc7a942
368 99d2caa80f50b983
369 8b6de99c834fa287
370 d4c3da5ba8802f97
371 738fc4f262b58334
372 0068bbbb3be897da
373 210dbe06fa758359
374 c0371cc7f67b39e3
375 c22e7bbe890e5caf
376 21478eb5d9286460
377 2139acd7c98b534e
378 41a708217a5fc562
379 68579719bc04ae2c
380 c4ab7cf963f64865
381 f5f89cdd09cbc260
382 3ec3b7df62fca030
383 6deda0077ff739f3
384 8e35c26fcb663708
385 6d3080ff85096795
386 e3b5b4c331f8271f
387 1c7658376dda0d51
388 460da5c2d2afe0c4
389 ddee3e2f44008f6a
390 9617df4d85cb0c5c
391 29666d94eb683461
392 61b594a13e9d9bab
393 923685601453dd15
394 2d41eb40b00dc42d
395 1471d237e8beea71
396 15b77ea57d631305
397 64c1cbd14baff328
398 94fe1cb0ed538633
399 0ddbe64f9b13f0c8
400 ff8576bcde182fac
401 37ca1bc99f7c17d8
402 f981b77630ab854d
403 9bc4252ec1edf268
404 a6cfa4a1fb2c5f6d
405 4e016914f13001e4
406 1e589b8d92aa2e10
407 5acea87e7f1ecfc7
408 78ab4a485eb1033e
409 2904843841255f9f
410 0973fe5fa7626b44
411 2b260f062dc5d785
412 d744b9826a26ddb2
413 46d4275ff42c29f6
414 64152def7d1797d5
415 196e70200b8a36b4
416 3a9ed35c43319442
417 75ed4611d61e2caf
418 a93737f5f4f02db3
419 30f8c8e3682d7b89
420 c53965da98face3e
END 420
