1 6676c01e29ed71f2
2 178bf3717d4ca2dd
3 90a907cfcf0bbbb6
4 00f82439318f25e2
5 92eb05ceb9ffd2ed
6 756fb8b491e13787
7 2b2cbf7f8558f51b
8 8e60179af9af5851
9 59c32563f561cf59
10 6a1d9ce3e866943c
11 3323b75c7ae20aed
12 6f63de76a49e67f7
13 a1f82c2e238aff6a
14 5d4e96100824396c
15 d09c6cc173f38b26
16 d78bf4c3c0a516d8
17 da5b9c11dd2fc978
18 ad4341fce28423d6
19 e5a267570c56a2eb
20 9816b20dd5f0c293
21 7e83da565bd01834
22 acfa4dc9eaa4f861
23 3e98f041c50f266a
24 5f0081e243c0ca6c
25 6ee8dd5090564812
26 429d133afb178ff3
27 74c5f7b756b221d9
28 ed94e4dc6f5f0709
29 4982f82335250550
30 ebe18aa5d51f5d76
31 5847bd3599b84091
32 e2ed8b36bd45e60e
33 d3e25636a64cfe41
34 fc391277453bdedf
35 2eccd53c301334fa
36 2e357e903238c05f
37 cc990155a169920a
38 5b180ca04b17dba5
39 90a67cfe45b85664
40 f27db00e007fb33f
41 fcd76b075726311c
42 ab4d392a00e131f0
43 96f2daf79eefc339
44 5cdf2809b4fb82ed
45 091466bc21e6cfd6
46 0b39bf2b97f5c136
47 d533b81da1c19396
48 9498e6c93e52b9f5
49 969e2cddc05fa25b
50 71c5805300dd8a53
51 a9455ee34a636534
52 150f5699846d90ce
53 23b8305a3e401cdc
54 ea40e3fba3b6d029
55 9f348b100ca905a0
56 b61cb55b50f8a8fe
57 e8179b06e09f7726
58 5db9e2e7bbce0182
59 512152819513de33
60 35d154762236d187
61 d8cba25557533f3f
62 88c42bdc55676292
63 6b8dd1be212da2d2
64 28d3a7707092cf85
65 4625042ba5c09d28
66 cd2ed31b096fea2c
67 eedb8e1b55819c78
68 dd4d77b8ce436a22
69 f967e9cbd7ac2079
70 74d35c275e411738
71 1f944d5a78906e5b
72 68943d156a24e204
73 17488d049cf77773
74 52a058c87e04057b
75 eb025dfd7d071645
76 e3202ba51c10df76
77 ad2463e3b620f21d
78 7fdba46355c36703
79 26787a34b9ed4906
80 e9f38891a181de1a
81 d83e57dfa7ab0b2f
82 78d5a7253713a852
83 7485a8117862dec9
84 8d4f17ac840360e4
85 7d818d5c8eea0efd
86 032bd2f6cfef222b
87 2615d6a401cf0ed3
88 cfbff4099c73604f
89 5c69dfad3c4e2e49
90 46832896a6728dac
91 6f78a9b95c4c5742
92 f4a490a0df87fb0f
93 8db668f3fd3b974c
94 7debdbf06d34e9a4
95 43ed706f1bd19871
96 6ec29ddcc8f9cb62
97 662aa5e0211bc696
98 71f26be6db777bf0
99 cca70381a5877472
100 6a8aa3c8d003c22e
101 cdd72c681661b5c2
102 927683100ecc2ea2
103 883d9d815a65b2ba
104 dbd78c801b2e9d4c
105 51572873c50fd763
106 17f3ff2b0bd29839
107 e83e32ca4c7cceae
108 1af67afd3059bef5
109 198761f2ab7b494c
110 2e2c60d8a351b298
111 6a05b9b61511f236
112 bbec1e446eb09d2c
113 3933cbdbdf98be2f
114 e65b2ae1a445fa8d
115 21082062d32e39ce
116 31d8bc30b6961ffc
117 0632c9acd8d7e5e7
118 a4b06f2fcf6ff2fe
119 f81144302da2971b
120 15d9db1ee132fb3e
121 382cf18722227d19
122 80c2b7f192e29b8b
123 cf644bc345334b05
124 87a5011b4cacdb79
125 99d7f3d978d76b57
126 de48ea8cb11bce3c
127 0248f76426452cd2
128 375d3029029c6a28
129 a37dfdf1ef4122db
130 de056971764edbde
131 cf5e18f16a3556a9
132 bf57f0aa985eb369
133 6e2445d36c0d7bb1
134 8605ac270101555a
135 fb9449f3e0a7ee3d
136 8fabfcd034aa5635
137 452b53435e23f503
138 8af8fe0ec4e28e52
139 1c73bcffb9e42a9d
140 f0b4446250dd457f
141 4b5486367cfe979f
142 f7c9da275e68e29b
143 8cc97bd22c006a31
144 95a710802d5a2c3f
145 9e64176aa88120fa
146 e48074d0650b180a
147 032d595dd0f67cec
148 99096ace1adc3689
149 1ff6748a4e3ef611
150 bf57959184f436fe
151 ca98a79de58e0dfb
152 986cd57dca87d0be
153 7930e31696f203f5
154 f8817018a7fda740
155 f79a8aaf65b3f420
156 e14e015a6cd534d6
157 47010f233fa9a078
158 8dcd2a0b13e65f9f
159 59476d4885b859ed
160 16dd2c740fb1f855
161 cc4436d0a7c995e8
162 c7c677da824049fa
163 d4a62b805dce1746
164 f155355b40158df8
165 846c1a65e07ac18a
166 0308707f930eb493
167 7e93f9ccf77e056a
168 42eca1161cbba79e
169 6f58a25bff61adec
170 48a795357e69c821
171 532484ceacd79350
172 82b8d9be448fc7a1
173 275816bf0f3e0f43
174 d6a74c1f394bde13
175 6ed25fae3f02793c
176 74addb8589dd9f74
177 5b4b5a93ec480abc
178 01fcfef80af541c2
179 c99fc857e8cee9a0
180 e0fc2bf612810e24
181 b19e3f5cc18bd5c8
182 94ea3e6771edfdd3
183 5d4add0f25b93c94
184 8d529739680e1b07
185 1d8126dc0b3f91e8
186 e77fdac03648087e
187 a8432f6f3a741b80
188 96394556f6102332
189 dd8a687ab2b1ddc2
190 e88b2c661d33fc67
191 76b332a60a652500
192 76814f737b65a9a4
193 c176a2cbe7299ec4
194 db1e0bc39e00b206
195 cd6ecb75e776a171
196 16f02e5e5fdac166
197 a1a3d9e2b1e6c68d
198 2df2b1d65ce02a7f
199 30bc22a245ce3fc5
200 d63db2a80dab566c
201 7eecbb98a1f2f9b5
202 09cc37e2197ac233
203 68e8b793a71be4df
204 cdcd86feb2e0609c
205 eb44b442993aaa35
206 c464248a456633ad
207 ea229077d7d80e83
208 be7914dfc1436d47
209 7fd1b19c12b2975a
210 02d7d8b189932a35
211 91a5c84e0b121874
212 94eeb529e4a7b2e5
213 05c3e233f66b3cb0
214 1563dc698d97fcd7
215 00243c3d3a9fc336
216 b386860a38d641e3
217 eed5f03a48a523d4
218 f8f2c7a35b175549
219 34799a51918089b1
220 71a2db2862ecbd27
221 e47049b9d13e4897
222 49c67c82cd1ee6ae
223 2a737b8127fdc89a
224 927c3edcdf50d410
225 2af95698e55d2210
226 ed5b9b15ca74ac22
227 fd0733e12eaec5cd
228 d8852f1e37ffcdac
229 374274d112e45717
230 44676b40f49739c2
231 73d0215000d5851e
232 2123af548469076f
233 f217d3b65f4c135b
234 856788bdc63028fb
235 6a0420bbb18017f2
236 109afecb47754d8d
237 3278653660099548
238 3a6b8f51e5d7ba91
239 d82f5df58c9299ae
240 d829540b54c0aa63
241 766a6b36e07300bb
242 a667ec450b0a7249
243 2e6c1c8eeb0fb8b9
244 372352c1bc221239
245 331e3becb6ea5bbb
246 19db0efa60481c59
247 7d366b2d3c133508
248 f603a4cfda946e53
249 783a212342def908
250 d203bf4c6d3261f0
251 af12692233571d36
252 124d0aa45d05e761
253 d1f9f4481e683b15
254 20afef1e02c931b3
255 a34e885b658d2c4d
256 d9b4378641684f3d
257 a02a8aa59b5cbe96
258 7a3f561cd738c91c
259 e230112223599eb9
260 1957a9608cec4f5b
261 352ffbf5445087d2
262 280b43f882c4fee4
263 14c46cbb7f1f5f31
264 a6fc3e59891058f2
265 26606f73b4ab7d4e
266 170adcb789d698ec
267 bd693b921059c3f7
268 117422e17bb08905
269 cd2779fa53e55ef5
270 0da0e6b8edbbc3c2
271 1df09d1e208d9b71
272 6542f49e0c3b88ca
273 a5cdf861397b0251
274 48036a43ee3f6631
275 6ce9dfd87b019ba1
276 665eabb1509812e4
277 6cb15436cbb9bee7
278 4a4cb4e13961df27
279 517b09f406fed688
280 0bf525ba1c7a7580
281 e885dc254fdc89bf
282 2f53f9276cf0e347
283 ba7f0deaba2b5028
284 467649a88c4fa6b0
285 943c77a012386f95
286 983d39ba3d7043a6
287 f63417418fb73e72
288 daa333f6d7249843
289 06b0db841f6e3cf7
290 6c671e51644e57db
291 c17604d7bf2f9dcf
292 b42bcd880a68d946
293 9e2f16478663c80b
294 d0d67c58217ddb9d
295 f32dd4d55eb881e8
296 6fc22685e2b93219
297 c3f863f50998fd3c
298 e152baf3321aea0b
299 6c6236b2dfe8e770
300 ae2d323550a1931e
301 6c2db6b59466609e
302 27785df5af209f7b
303 9f989a71fc4d6917
304 8e13f98bb60d96ba
305 aedbf282070b124a
306 d878f2504f7e3290
307 0cf7200fc288504d
308 6b9a2cf3a03e9e48
309 adfc49db8e37866a
310 467d3cab508f0f67
311 d2ab4ccfa8afb748
312 d137b450888786dc
313 9a1a5499316676fa
314 d8082c737007dadb
315 dff7ce983243c17b
316 605d4fdbddd4da81
317 21a62221c6281c8e
318 efa940d5ecbe1952
319 341b4bd65f4968b0
320 c9474d22c4debd9f
321 732ec26d81c0cd0e
322 10f3a8e853ce3fb2
323 c13c0aba78051865
324 7d3b2be87ee01725
325 dabd691bc3f161fb
326 95338608486365cf
327 b22c14383ff44ecf
328 15ffd5f170f60de5
329 809ca92bcf9fb173
330 b3fc75581a94b088
331 12fcbc10a2ab14e2
332 60398e5e9b699eca
333 ea6a438910404c9d
334 82d40124df99d202
335 4a4b70a0356dad81
336 a5337d7b04abb60b
337 32e73d97e38a7b98
338 1563d522225b4379
339 cf3eaf46f3a1f0a1
340 cce9e9a8a2096a7d
341 ec5b147448544f2e
342 b1451bcd87474092
343 60b579d79c6020d1
344 20817427fd4474dc
345 18e7bd63e5fbaa89
346 3929106a09130cca
347 7d11a353a6e9b65e
348 dc6cbe4cf937ecb0
349 250d46b69d7ecf6f
350 e12d03ad213d09fd
351 bc3ec392b28173a5
352 ae7e68d3b5446f5c
353 303d3838f51b636a
354 9db26b1c24d6b252
355 5090042db3d40a87
356 1f232f86bf628aa2
357 e1db605c01f44f88
358 0e7a1b9f62fb1513
359 16fd8cc75675198b
360 7ef6e44f8ca78135
361 8df6ba290bcd055d
362 536adec7423e9f19
363 bac2bccbe33c4487
364 c3b8426748225516
365 480ef34dc4ad7eed
366 bda85a47a2cc8aec
367 0f7dbe0b58077205
368 9affde6c3b863d4b
369 7df52dc8723135f0
370 0e099aa0343ac758
371 cd0cbff53a456bed
372 d05970328ebc65c3
373 8e5c6e8dc247f253
374 8a93ebbcfd10f428
375 d9a22f0966659c09
376 f232600fb17bca46
377 24c35c703300c72c
378 c032cb7cc282c06a
379 bb4a3df00427e8c6
380 2745dd293a02fdc8
381 bbe05a6ca63488e2
382 972158bd62f12698
383 9215858d59a50a25
384 827769b337603359
385 1e8515bbf18cfb90
386 21af0b93b0b65171
387 a0e4e8d06023f5e8
388 cf582f5c20635b7f
389 72d0f6c23d972b27
390 0951d7aa0ca2d1c8
391 9fa985efcf647898
392 105fc73c43a9af6a
393 1b4bcce8c6c12cc3
394 ed0cba4f5559f8c7
395 4cf1210ef93cdd27
396 c513e5b2b4af9d0a
397 3a1e6f88534f46d2
398 3538970e312d2265
399 c69e4918bfaa5ba0
400 0cbf34824e2215b8
401 222342f7c5b759b3
402 23575af04a97e44c
403 ef40455140baf539
404 007fa0f2092714ac
405 66d3dbff518c76be
406 56cffbabd4d88fd3
407 6dfe1b7cc8625463
408 f87c2d611b6e1446
409 a473e6211e47affc
410 147058eff1ca4da1
411 eab0025be5d449aa
412 5dade978234a109d
413 bd098b15320fd051
414 2fa0048f6989d44f
415 5c54346f8fc29f4c
416 e7deb337a924de9c
417 138507b80ebb9316
418 be322fae3b8ec6da
419 64376a6336dde33c
420 2b660d5125c8cec0
421 570bc5359d8e0b29
422 8ae5ab04608a43a5
423 8480135269795a87
424 cfb3a8305ca3d6dc
425 6d120b28fff527d8
426 a5bfe879252cee5a
427 51be700552b89f5c
428 fba6abc538e2b090
429 8f91931c5e26b521
430 6cd8f567fa571206
431 d9b96d8aa9b338f1
432 193e7c67492fbe97
433 8a123abf81a096a7
434 2e2baa554b91d8ff
435 d62288f8faabab6f
436 76f9f73334dd3915
437 0038918f8ad21350
438 cda0d03e5c84edb9
439 eafe70ed78d5e1e1
440 b3ed4c05c327f761
441 b8bb7e8efa9a75b0
442 5dab542782ff3c09
443 38cf8d9e0971247b
444 040d7f09595a17eb
445 db8834dda4b740f8
446 1b5dccc8e96ac934
447 9d5230daf436f148
448 3f855d662520e3fd
449 70d44479c7c2bd3a
450 e5a0054860cd9f20
451 1253fc00694d871e
452 94d7e56e0a6dda5e
453 7612ceb2a427f6e0
454 983a4aaa0c489452
455 4a0b8ee8d226b215
456 56d62d5a38e6b43e
457 c24a050738c84084
458 9dec61b94754398c
459 720907967ca39f07
460 cfd16135be077500
461 38df4b6586dce453
462 bdcffd830136dd9c
463 b7043d744ebfe285
464 34bda2ead4fc9d2e
465 477c755ae2c7b66d
466 a71bcacc08050c66
467 ac909d06107ce6d4
468 8eb2550c93978d83
469 b2c9b5604297d5f5
470 55a74bae2b98582d
471 8327ec97456c2bca
472 8c58805de5212c17
473 a2ce0029c92cb8bb
474 5f8e38f75963fc6c
475 b30cf028d0748e41
476 eab8dc70c48d3998
477 c9acb861d658185f
478 735328fea13d0a58
479 39a8fa6fec0454d3
480 d55972e75fb9a45a
481 7e90015bc9d4464d
482 d70003ef2390dfea
483 3ee32f5a0ea73192
484 b5aac900fc59e610
485 a75900b8070ef5ef
486 4fb63afeb702558c
487 ac05f388767f72c2
488 650aaa3611c38cfd
489 4a0f76f003449534
490 dd6a213716d89aa3
491 64a6d1af5e4ff92c
492 006ff4ed69a0f806
493 c7331c5d0c3eb78f
494 5639144a578e6c9d
495 9b6ca1a5220ed36a
496 548894753b6908d0
497 4a5af7a83c1a2601
498 1df04fefe221ffc2
499 b2b5af8d299b47a1
500 b41c5230aa709a80
501 2862a11e725b1b3a
502 55f52e00994182ef
503 b18554a477c98d72
504 826bc152c7e7551d
505 befb805156f2aaa3
506 51026ceb36b33b50
507 d0d224dfbe37f3f8
508 73344c80dd34d88d
509 f76ee22e34ded0d9
510 62250f1e97713edc
511 a25541a4e66d2af3
512 2d8939c8ca28d1a3
513 d5faead1a139dfd0
514 ae97ba85dea6cb85
515 363f94a8d34ea581
516 d0c394513ed18753
517 fa1c0ab90806f42e
518 45fa05e8ec542368
519 6a94d14ac4da54a5
520 0bdd8073a95cd9c7
521 01f9e3a483f40bbc
522 53f690b05ce2ee63
523 e762ec23fc19a6f9
524 7dc25cda8013554c
525 288fe3eb8c58c9f1
526 e1390c10eaa41327
527 803d9549beae0da0
528 20c7f3aa863326cb
529 a3a0316cb86d509d
530 bf334ddc7f715939
531 f3fdbebba21c96a5
532 49f96b399c329454
533 8a7b457cb0d820c0
534 7f14241011c364b3
535 d880f4752f5bf12a
536 f4c994b8b032cf80
537 a30f2562cd5152a6
538 a42a0d6fa9ec75a1
539 25f97856f22fcebb
540 cebcb52ed69ad516
541 3915199a749bce0a
542 8dde696e5efb1167
543 f9350907398d6a26
544 9dc91c55f62b389c
545 b2618abb6a9d158e
546 af9253b1e09f1f02
547 5185a031156d31cf
548 01a56ccdb7296cb8
549 f0e4bfe19fc530e9
550 f0c2c5ca7add1e6f
551 d55a4beb4af3c680
552 77f1e0b49c16c75c
553 c0045c7500501036
554 85d5dd97c4408914
555 b55ce0bc8fc66ea8
556 cdeaea96fe0e255d
557 9a78b91500fcd78e
558 49ef9d606b40736f
559 ceeacbecd1d06170
560 99bceb680c681f6c
561 7241ab0419a049f9
562 6b1ff8fcfdb11f75
563 a4868d3dabe7315e
564 8ad0e0f9dc39f406
565 7e300d9436588d9d
566 27cb5bfa98ddd41d
567 5ea9ec4e8f780f36
568 95830c420604de6e
569 6dce80df02ad9ddf
570 7a7b664544cae7b2
571 8496e120914c766c
572 a961466d2d9efa2e
573 9c1489568763122d
574 e4d6ee9cc88d6047
575 8506435d9f0d5efa
576 8193520cc4150c05
577 1fec2637e5140b7e
578 0da7e69721090e54
579 c1db3fc821fa55b9
580 a43f4c11754bd9a1
581 47297074b4c54a60
582 d0ac94bc04edecd8
583 9ef30b973eed7c38
584 79a363a0187fc554
585 d31388fe48b96006
586 8698acff60a6ef8d
587 d0a66c05aa666243
588 a71985514710beef
589 dcb5fe6359e1073c
590 b1ac3861efac555b
591 a744f8b009371c29
592 3944d2dbaab679a3
593 15d6d047ab1c5cf2
594 bc8c25d209623e29
595 1181269cd928c83b
596 acea26369be02bc4
597 7eedcf146399a5ae
598 0792524b6f64716e
599 2447d7f0aeae5b4c
600 d107b3da76220028
601 75cd03fe935f0eea
602 4e08611a21b3d766
603 724dd0033e6ba79c
604 37e06dfc35a8bc1b
605 0def5bb0d4b92128
606 478b4754c6af7e0c
607 60679cdda5a9357f
608 8671944e5a949ce3
609 2805240ed0e8a826
610 c82d93cb7c859c40
611 b03023109bb47769
612 7ea8b4ad54784a04
613 5f61ec85711f422a
614 05002873dc8e3ef0
615 6e1980bf0999b8ca
616 2fba400060af20e1
617 98084a3b806e7dee
618 980bd0fc9caccc7b
619 019a33d129b0c48f
620 be6b4926dcbef0c1
621 ffba4508d2342342
622 cc903260a26600ec
623 aaa5dbfa3211bc6b
624 547183319619dfc5
625 95312b75d67a2022
626 860ec488926dd16c
627 52d405135558c428
628 48bfc06def1bbf14
629 e06c4fa66ced8ecf
630 0319a8adcb19be82
631 dbb811c150f61b0a
632 f2fe43e8f98754d0
633 ff4c37c616de4b41
634 2664f86dd09627bc
635 d138539ba3d05126
636 f68382bd1f04037e
637 327dbff6ef78097c
638 7da5c7b4367cca57
639 c8fd374382404c3c
640 98029a8f77625635
641 d907ee5c86ed4d6e
642 09cf873dfba59e91
643 7cad23b0097c1429
644 936b7a989b4bdf21
645 5f2fdf8eff42dea0
646 03243c603cc2e624
647 78e248cb5685aa65
648 53cc6fac41d8d99f
649 76491c3f53fb88f5
650 8946f65d9a055757
651 fa4d66e813cdb704
652 bb53f7d16a61055f
653 289129a6c7a1bec6
654 4ebc1bd1920b3301
655 eff9d1f32f777c63
656 218fd3dca3b8805f
657 bb2d41218f1dac6c
658 18476f65fe967547
659 295f5444dbb7e0b9
660 d26b7e428469aeda
661 48524d03b27b5984
662 7d9d9eadac1defc0
663 2bdf2995ed807d63
664 4a7f245689cd6451
665 1fe48377ffb3dbe0
666 9b3ffb8cd2fbd95b
667 70f8f557d8949aa4
668 fdcdfe3a7c8ddff0
669 5b5980e4f1d40717
670 0511ea96da3cbf85
671 01847afa2294ce13
672 cb91fb7dc7911ed2
673 2adc17f388509c40
674 4094110a12faf04d
675 18ed7e376c5bc547
676 d01e609b2bd37c59
677 f9371cb0826e7d68
678 3fdfd3f28ba764cf
679 e11a0a82ac9bd3f6
680 0fd05984e5af1131
681 ad73791835ebf434
682 dc461d56b22c871a
683 fb8aed1a25c32ac5
684 bcd5acf9b26c1992
685 364e1c4a28c569e1
686 e634b9175298c558
687 a823625e5f05e9a3
688 4428e8b36c782b57
689 63eb0d9502a39fd8
690 87bfed2463734051
691 c12d72270e0c7c9f
692 9bfd413249aa842a
693 4059c96ed70a088d
694 e37fda7ae9552aff
695 cc9da2a2662fb370
696 22e0739244e2fb20
697 d714a6a7fc5ae31f
698 afdb2d03479d5d01
699 e441b3bb8b4e9e9d
700 1b12b2149516982d
701 5efd9dbf68ab94e7
702 52d204eaa675d86b
703 5b3908a76b4922eb
704 d34e7baf0a185b49
705 7262ea01607d3d51
706 49d3ce430a664e8e
707 8662edbcac6d95cb
708 9cdf8988ce902a03
709 1ed5315d5a76e04a
710 b7a4450074f4c964
711 2490ec653bc5afd6
712 01ddcc1c059cf159
713 e528c2010897669f
714 d68db3394257361a
715 0626598b119aa81a
716 45da2e5cfb1c8916
717 974a91e42a35ef1c
718 c3a1ef7daff8d137
719 2720f29d44455621
720 62fc298cc33e0ea5
721 408ecad5255fda2a
722 3d672b47bd0055f5
723 78e561da28763cd4
724 84b38342668b98c6
725 c342438345d311ed
726 04b83500e5740240
727 58ec003c9510e1a9
728 6e9cf861dabdf870
729 cd3af576093c53a7
730 7edc20adf6c2d279
731 053221c72a807c32
732 1cd3a9a590ceccc0
733 cd558d5af7e2ef5b
734 ce87fba5d19bb6cc
735 0363eaef120f8a9c
736 1c28d63928d1a7bb
737 8ccffd2676711280
738 33a050cab32899b6
739 3c592a3304843a47
740 b6585ca55c0b2742
741 80b699d1f2fcf39d
742 d36ecf624123a4fc
743 85c4dda5bbbd4457
744 99cc58be0c0507a3
745 e00894e0e159cf5b
746 729d6413a51e78e7
747 51db79cbb8c186c8
748 f602f6c2c505c810
749 b3dd05c5ef4c76ac
750 0f5820128943d3c9
751 c237d97b780a9062
752 20fc2e692f3f5d77
753 c65d1368333740e7
754 72a72e417555b6b3
755 a7797e6c295e9e3b
756 400b30cf9644a1f6
757 254505270f39736e
758 3d87112dccd1a8b7
759 c9bf268b5ab6c7ab
760 6c96b19051027975
761 621d1aef91b18d94
762 9543f76667513016
763 42b72b3dd29d890f
764 f202f6e74706d0bd
765 1870653bcca3b316
766 be840e706a738581
767 1745b2748359a34b
768 7f3ecb239ddf68aa
769 abb603fadaea24ff
770 868788a57bd35ba6
771 182cdae972aa831a
772 56e892392c5c2c57
773 1d3c56aa03af20a4
774 691523beea30b083
775 63fc2dd1180c2684
776 1b789a8c03d9c8e9
777 030658e46f86f743
778 20ffb058338d4689
779 7b17e2a3ee90b8b8
780 4dc454c08f92c60a
781 9aa157bd2766a567
782 75dc7d303407b9e2
783 c279c578f1a933bf
784 3c22e1e925dafd77
785 accf88006cc15649
786 f639bb1ebf0dd5bd
787 d085544a59c4b4b2
788 8912b404f1d1f47c
789 23e8a6c2f3f7e7dd
790 f7a13e4a92b81153
791 1f0f4a8053da3b26
792 985e33f5fe87faba
793 a9b43a04a91cfa33
794 6b50bc744e91357f
795 e54f95aaf3847549
796 a835d3c8c4c31da1
797 e580d624f61b4cf6
798 55229d49f7645150
799 824985d55a9bf7a1
800 15be9bf8fdb4fd96
801 3854391f60db1088
802 00aa1b08b366cf12
803 29ba887fe2067652
804 8e195fb15fdce728
805 98eba897947233f8
806 08c07fa53b3c1353
807 95b74f3aab744f9c
808 07427b76d433390d
809 06635f403b6d0038
810 a5695aa5e9f442a2
811 c5795185bb64a365
812 f39df96266692116
813 2dbc83ab77ab98d7
814 e3960390c90ba508
815 0fd54f21245d9308
816 3c4b5cf446342f5b
817 799f14850765a8eb
818 71698cad94538fff
819 7c0429da55a39ee1
820 ed0fcbe0b8ce3ace
821 dee7d05698e581e8
822 2ee317eaa0ce2e49
823 47c43d3694b7e71b
824 e9a5f391a397a671
825 efc93d64cb8382ae
826 b048a3163d3592c9
827 5ec37eee2485fcba
828 cd6260eb6645365c
829 2a490d1dc4449d7d
830 27132ed9d46c4f3e
831 91dfebc80174830e
832 3d7833b063e0a8a7
833 1e59c35eaeb80f86
834 2b2f14b91d3849e0
835 55e653e229b704a6
836 57c62c401f093659
837 d202eb362fedc6d4
838 fd54b574319f99a6
839 fb54fb23b228d401
840 075ed59c40a6934b
841 174de5a7a0438a9a
842 e5da8bd169115ebc
843 774f34ff8f96b06b
844 0b0c260ae4dc78e2
845 0ea5535e4830f740
846 0ed9c4cfd92cb87d
847 6b563dc5bf4b2255
848 6a22472604b664a5
849 69eec098d4bf446a
850 3b01934c2c38ab66
851 0a9f566a9b9ae83b
852 2f3361e209dd8f4f
853 c01ed8f4ffe15509
854 d9cdca8872d3fad9
855 d77ecdf5c34325ee
856 ab17050d6d08f565
857 1158061d231452de
858 f633c1c2ec4e3b6c
859 ecc96cf31c440938
860 6c2930f6695089e8
861 9619d2f2ec7738bb
862 19618c36591d3073
863 aa813c80a6778703
864 d1fbb85315d3cd63
865 f2642593017b1bd3
866 97bbaaf13156247a
867 7cf723ca0a409679
868 bc5bf04b174441e5
869 060fd69960e138b2
870 161deac7f13ab8f7
871 2b7d4613c75ccb1b
872 bad55e102ca960fd
873 327112bce8b7f2d1
874 17b0179f121c2164
875 d9a2fcfe10a17317
876 334dc8ec3d681ee3
877 af0e8d7cda8584f4
878 1287fc96da4263d4
879 5a1746e78cd42a97
880 6a832d29c36f5e62
881 116550307cef034b
882 d1c684c16c8f1ec6
883 7496fb5fbfe9a2d5
884 7236c2f8e6cfafbd
885 ad3b5b32a2203074
886 13a18ee1deb685df
887 ce4bc8ee5e480ca2
888 9d2a2f285c8ff6a9
889 0be8af94769d6a5e
890 751264a8bf39995c
891 eca20c49ad35f218
892 e4b3dd7fcd9c27e9
893 d1693b513ed3e848
894 f192b29253302c48
895 9258c6aa48a173a7
896 700c6bba0c3bbe5e
897 3648fb69915f6011
898 fd1db70dc549b2ae
899 1b07dff368a14d57
900 a46aa565116c2053
901 ea1b52a986e5383d
902 2d8a8aacb4f80ea5
903 e749f12db8ee4cfa
904 23ded3cb91c35afb
905 96826cf2e7a7e693
906 d980ef23871c43f9
907 48930ccebce0f31d
908 fb290559cbb44b16
909 523efe1f4417b12b
910 de2ac241e5b0b94a
911 1bc87384698e952c
912 23d6c26668caf7ac
913 e90427e5f614738f
914 27f3c4c04249bd60
915 f7d32eaefb58bf11
916 61d3a583d548cd7d
917 7638b73ed386871a
918 94d664613d7daef6
919 c9e1b0fe472d3e9e
920 bdd0e20964bc4048
921 ebc4266ba543e717
922 f574a24ecfb8af9c
923 53360e7365d8e2f5
924 75ef4f8796e48c40
925 b8a7f44849d58e69
926 a940cc038134f591
927 3a0693b31ddf1575
928 22d417b7eb973734
929 34bfe91affc6058e
930 fb5d5cc4299439ad
931 31bd66d47a6422c9
932 2e53f52cceb0ed74
933 9e949ed31ca86a04
934 5b00f60a65027337
935 7dda0293498b3892
936 74631133665e269d
937 499ca8c5b9ed359f
938 10810f819bacaa0d
939 d64ec05073c52c85
940 43e0d6292bbf4bbb
941 4cd11a8775016186
942 daee74f09d6f47e5
943 9af80acf533a4bf7
944 dd3bb2369b5cb642
945 35f808f21a3c7350
946 6ca6620b2eea1144
947 ce0e51d611c0378c
948 8f98959534efeb5c
949 2932cd50cebc5a26
950 731ebb4b60781ef2
951 04876411166172f6
952 3bbe4ba8fac5ce9e
953 5e35059dc9902da4
954 5f63e8af080a866c
955 349f0765b2d1f5b5
956 e07d2288eef2d238
957 c27cbe0b0f256d9e
958 004aaf771f55c37c
959 e1a38206f9dae718
960 187505eba217042d
961 94fd301705e5791b
962 9dc8370f78e0a543
963 f07dec99208dfe4c
964 74a162332e894c09
965 7a3fbf0b75c4633b
966 29c8b12baa03b2b5
967 467fbcf0e5aa4d62
968 aa970c40f5fc8ada
969 d3c74c1306e8e0f5
970 c991b05dae9ca9f9
971 2ed51ad38f116c2b
972 7cb1adc4d7bad5c6
973 23f61d27bc992e7c
974 2a3af56a398b6790
975 dda4d7ef208058f2
976 cf1a6c16b8c1be37
977 33a2f98ce2808f0c
978 28ecdd358fdac772
979 7f8ad5349e31e3da
980 65b7167f03f76002
981 90782015346f3c20
982 7af5b54ddbd3e6bd
983 756a0f6944322454
984 31aa5ec8cc8b7b55
985 d45b0f7ef238a70f
986 4bd276272ce519bc
987 1f1091059fdba3b1
988 1c138d31ea55526b
989 c1b01abd36d11dab
990 46036359151519cd
991 28c45cf643470670
992 09d935eae417a0f2
993 b4d775f4346bf0a2
994 0bfb208a4379d965
995 3fa12a580282a06e
996 9610a462f96d9078
997 ec59061de9b9e639
998 70e21c0b19e145ce
999 e6b3940d8e244ba6
1000 9608f9b440dec3e1
1001 28b7c6baa184ca7f
1002 a5cc29f42c56eccb
1003 e1cdbcdd57f6e120
1004 ef226ee623556fba
1005 ec62ba9c11443d11
1006 dc2a3701d66f28fe
1007 34a0d30e8b639fa6
1008 5bbca18d6c29d5fa
1009 98c7c69dd00d4b95
1010 64df0ebc849da6dd
1011 728961733c78047a
1012 536a7a896ff65080
1013 b9cb362a861c0639
1014 ef223a860885068d
1015 1a0b35c8b6741ade
1016 5fadc9dde92f72f6
1017 33114e255a293056
1018 625c93d1385cd76a
1019 83f6845cd541c90f
1020 6f3b21fbabf35c5d
1021 cc257872fec09aca
1022 8cfbc0cdf01a7d51
1023 498e546718971ccb
1024 51f347a045d6d6cd
1025 035c7b2b956ce27e
1026 4d86b0e8e1c1f8fe
1027 69f06b82abbd4906
1028 6667e066fc64c1eb
1029 22df01254c251629
1030 45fed7ab1f2e7313
1031 1e3cb698fc783cdb
1032 c83981fad1549269
1033 3df940b125d0ab21
1034 3f1d075934896197
1035 c8c2206b4e948d7f
1036 117af5ac2436a2cb
1037 ec690493856e1c98
1038 9df98be393e3628c
1039 a33b1fde5605b4fb
1040 d07d9a4a1efb9372
1041 f955dfd4f70d643e
1042 47e2ed93cc6a8be4
1043 4605bc66f57d7987
1044 bd44b60d99c4dd80
1045 acb7de84df6fd719
1046 af665b1f93936af0
1047 538a3b3da11eb3e7
1048 c09006c6bddd5e15
1049 895bde4f21b3d5c5
1050 8006edcb9083f78e
1051 682d0389301fc226
1052 8e9c459a7cb49b80
1053 453eb9684cf41f6d
1054 9f346b531a59bce2
1055 722e256e748c8eaf
1056 e9f951fd968f0432
1057 cab1bf2cbcc015b0
1058 f4e711d2f5422e4d
1059 2454e1b25249bb5c
1060 af0d3d6be1409692
1061 24623d55afcf21f2
1062 6f2fa839709f39ee
1063 ca8197a06fa7b22c
1064 8e2f91d0e9ee5fc4
1065 6f7d93cd2869da46
1066 28061d625c7fa539
1067 8cc63de655c0cd62
1068 5d5775f89ed35590
1069 f0110111363cdbe1
1070 035653e49e8de66c
1071 37511af5dce821f4
1072 ee291bf7f352599a
1073 554dd3a86dc2a6fe
1074 e5b1befdbdd54fd8
1075 10c2a120dfdb0380
1076 bb2263f59b1d3278
1077 001074c808cd4d06
1078 d20701d2ceaa0dbb
1079 03e65b907ae9c35d
1080 5d27bd8a7c7eef1a
1081 44b61f622c3a965b
1082 9940e8afff88dd48
1083 25e5b271074186eb
1084 4ba71d9949328ca5
1085 9142dc04b70269b2
1086 21325a23e40d5691
1087 8456927439e48406
1088 15e5e3a112ed8ca2
1089 e2b8fd8e74694f36
1090 8f78f05ee71278c0
1091 9788d779aa361999
1092 7027c0e686697008
1093 1b7597b638396c07
1094 1d1073b9805cf02d
1095 1bb45fb6f2b80909
1096 1c660a61e8b028ac
1097 76640c8dfbbe8283
1098 1ce0790bcd57ae70
1099 89699834c4f3e5cc
1100 fb1584c0c4cd826e
1101 b2dd9dc4539c1d77
1102 e28165e90fdec617
1103 13c6474d69efe914
1104 a214a8a17d4bc4c4
1105 4e2f308cc6c637cf
1106 0c4146b8155bb3f0
1107 db80749a482ee18a
1108 a185cc07e7b72ea6
1109 88d12a24cd6f994c
1110 6971e6cf613dbc43
1111 7403e0bf94b121c3
1112 bd669c6f142ab2a9
1113 a9cfd6b0e8844073
1114 178decf0c81bdd32
1115 39e889c6ed51dff0
1116 d2b29d35e216bbd2
1117 677451a026633b80
1118 955e1af82e08cb91
1119 7d914ca14b7a44a1
1120 df94d2f3cd6d4a6e
END 1120
