1 6676c01e29ed71f2
2 178bf3717d4ca2dd
3 90a907cfcf0bbbb6
4 00f82439318f25e2
5 92eb05ceb9ffd2ed
6 756fb8b491e13787
7 2b2cbf7f8558f51b
8 8e60179af9af5851
9 59c32563f561cf59
10 6a1d9ce3e866943c
11 3323b75c7ae20aed
12 6f63de76a49e67f7
13 a1f82c2e238aff6a
14 5d4e96100824396c
15 d09c6cc173f38b26
16 d78bf4c3c0a516d8
17 da5b9c11dd2fc978
18 ad4341fce28423d6
19 e5a267570c56a2eb
20 9816b20dd5f0c293
21 7e83da565bd01834
22 acfa4dc9eaa4f861
23 3e98f041c50f266a
24 5f0081e243c0ca6c
25 6ee8dd5090564812
26 429d133afb178ff3
27 74c5f7b756b221d9
28 ed94e4dc6f5f0709
29 4982f82335250550
30 ebe18aa5d51f5d76
31 5847bd3599b84091
32 e2ed8b36bd45e60e
33 d3e25636a64cfe41
34 fc391277453bdedf
35 2eccd53c301334fa
36 2e357e903238c05f
37 cc990155a169920a
38 5b180ca04b17dba5
39 90a67cfe45b85664
40 f27db00e007fb33f
41 fcd76b075726311c
42 ab4d392a00e131f0
43 96f2daf79eefc339
44 5cdf2809b4fb82ed
45 091466bc21e6cfd6
46 0b39bf2b97f5c136
47 d533b81da1c19396
48 9498e6c93e52b9f5
49 969e2cddc05fa25b
50 6f0ea3edb5405608
51 4cddf5cd02aa142c
52 1f7572c342b6d654
53 2bafb876e00665b0
54 57b03b35c4b22912
55 3ba9333b35ec19c7
56 436b4cc59b7a443d
57 d0979c0e14925ca3
58 0659df409acfc3ba
59 d0780cc6862a4c9d
60 485c601b740557a8
61 c80f42637f538cd6
62 9a5a34542d377524
63 baebded4a137e45d
64 a2a0f43a67cfea9d
65 c6341939f812ee60
66 84db2f0c05eb8b24
67 8b6f697c7d4fcce8
68 d1f2bc66e555a4a0
69 ff86b32c5f39eac1
70 f85d1fc1b6f687ae
71 9f668840b926b3ec
72 f89402b5740f3b76
73 cb7e05f2e529c7df
74 799bb5956665da27
75 574d2220ca5189da
76 d7607902268ba597
77 f86584a48514eabc
78 a4bab72a61616125
79 0dcf40ab8216804d
80 2e6352509beea0f4
81 030b604bc8c2fcb6
82 cf9e53abd32d4f56
83 db6f7a92d40e2ac0
84 ef88f7484c7ed418
85 083fe12e65a927d0
86 6224f962cd93cd66
87 2b57e5127413c157
88 c9756b5e573949bc
89 43de81c47e4548d4
90 467aa3f6a83da97b
91 167521151667e36c
92 227fb3a717aa82e0
93 58305b8e0106d4cf
94 ed22c55bc6acb573
95 fe72bdf6d7bfd479
96 c80a28cbbf4ec1a0
97 97232a2773d4ed80
98 3a8f03af74e8eb04
99 7efb581b9ea6b7be
100 4c9f55bd2128b367
101 1b86d4b7a2a9f269
102 461d1cb86063fb28
103 f28d37226d011efb
104 d36292ab47a8d98e
105 0b297502ae97b166
106 be0bf12b868ea0ee
107 8bff92987cdb1927
108 3a80b0baf7c76de8
109 37c83b71405311fa
110 40e1aaa964208ceb
111 b928ce788a019f90
112 52c1cd04e223147e
113 2da2ff647b88e2fd
114 20089fc8eb506d31
115 241f3ec46a5ad3e4
116 699d2e6530021af3
117 15e8dac1874347e0
118 8874fb75d3ed12a8
119 96ea2de334f9d0cf
120 1799802bad7b677c
121 92f971dda5587d1e
122 c773442425e26c0c
123 d9a6af3b90b34397
124 2f5d61efff51a5e5
125 eb80d90a5977e845
126 dbd22e907801b587
127 b39d43d5e3904b6d
128 960b6866e359eb8b
129 9a4664fb328f8d3e
130 fb76aa5e4ac84989
131 6cbe20fcf6626cb1
132 8f12afead1812455
133 2348694397fb32f4
134 8a13b8548bd4bd46
135 56082bc606891988
136 68e96b2614db8697
137 d11b94e06f71cdb5
138 28d37b3f7a05d9e8
139 0b59fbe61fe2abf1
140 c37f921e06fd568d
141 152e2cc7e591f336
142 4b88c8cf64cfd4fc
143 77ad014488bfaa21
144 8b93525dacbe9bd5
145 c5aef956c7e08dcd
146 8a4868a026316316
147 915bc976eeacbf21
148 cb41402164993312
149 6183aee4bda3533e
150 035c1fe26c19de03
151 7f3ee3da92e7bc0b
152 f570c5850c48f47f
153 ea71c552887f2f78
154 95f767b7b4e061c2
155 c723055fa4aed07d
156 70cb4deb22027c69
157 2604237f0a8faf88
158 cc54967d15a1a66d
159 62c0cb4441d50301
160 4774763f66e29b00
161 3853936803d782b2
162 7fd613968a574180
163 a0390acc03d331f9
164 0b180681d87f71f6
165 8a2ccbb97141d32e
166 1a3935c1778c203f
167 ef1ac94e9ed74035
168 fefbba039d59472b
169 2bf64d3f3a57d819
170 6eb1c941a32ce21b
171 6b489ced4cac0429
172 fd2b19c4be7f3604
173 979462240c3f2878
174 0da412adb877b715
175 d1d5845ac26acd37
176 0b49c2c59ed3d450
177 d375697faee0bcb3
178 448b1016e34eb524
179 310c3cacd56cbfee
180 69eeb484b3ce4f0f
181 7cd69bf00d6946b1
182 618892df09b8ddf3
183 6c95bf68ed41c5df
184 23a316f645d2430d
185 4b8b91dac1089e0e
186 77f07aee751ba016
187 77c7e04de5b2bc33
188 5832787c5a3c95a4
189 5efca5436e0da76c
190 8c78b5c3d51ab9be
191 80e4d98ae8b32130
192 16f473edf696cfd5
193 77eaf46691be3b0e
194 5703868e6b4c65fa
195 ec22d86950f236ee
196 58f870cb2e8c60c0
197 be0adbf744f38d8c
198 032e47d6c8183e98
199 c0c894c22083e0b5
200 ca991d56aa221c80
201 661696320be0074a
202 9716eb5c9a779ffb
203 0c4ec956473d2f0e
204 c66161cac41083d2
205 c89858201f07a839
206 bf4c2b2f3c16acc5
207 8738e68eb78b2028
208 6586a7d2faa6f0e0
209 d88e0957121974f3
210 d1414623439988a5
211 e0e20a68d7fe2e26
212 b114d5fccbf5a9ba
213 56ee2ecbeaf08702
214 e8e412ee0b2b1268
215 f2acc47925ff3013
216 7dedc6aae205dbc5
217 c570ff294fbd6150
218 c2fbb68d54c2c1ce
219 98c48f8bd92369b3
220 76c824d571a2cb0f
221 e2f974b4a10361b3
222 95487234234a9f91
223 5b5335ae6ed9d8a9
224 9da8c582c4de321a
225 c0532bf7a3fa703b
226 0c5fe8f3ced8c1a4
227 b86552dd0719a435
228 5aa306d4bdb25fbf
229 e3548920070ed198
230 65673ad4e7b4da36
231 873fab381b7a5571
232 b0f9666b81c529e4
233 31b1faf008d6c318
234 365ed2e6cd1f6936
235 5a8ef975174e63b1
236 2a9d652481e340e0
237 4740b6d5fe9b6d3a
238 b8c99fdb51132ce4
239 4a2318580fc6f125
240 27acd95f41fbbc12
END 240
